Component: ARM Compiler 5.06 update 6 (build 750) Tool: armlink [4d35ed]

==============================================================================

Section Cross References

    board.o(.text) refers to fsl_clock.o(.text) for CLOCK_GetCoreSysClkFreq
    board.o(.text) refers to fsl_debug_console.o(.text) for DbgConsole_Init
    pin_mux.o(.text) refers to fsl_assert.o(.text) for __aeabi_assert
    pin_mux.o(.text) refers to fsl_gpio.o(.text) for GPIO_PinInit
    pin_mux.o(.text) refers to pin_mux.o(.constdata) for .constdata
    clock_config.o(.text) refers to fsl_clock.o(.text) for CLOCK_InitOsc0
    clock_config.o(.text) refers to fsl_smc.o(.text) for SMC_SetPowerModeVlpr
    clock_config.o(.text) refers to clock_config.o(.constdata) for oscConfig_BOARD_BootClockRUN
    clock_config.o(.text) refers to fsl_clock.o(.data) for g_xtal0Freq
    clock_config.o(.text) refers to system_mk64f12.o(.data) for SystemCoreClock
    main.o(.text) refers to _printf_percent.o(.ARM.Collect$$_printf_percent$$00000000) for _printf_percent
    main.o(.text) refers to _printf_d.o(.ARM.Collect$$_printf_percent$$00000009) for _printf_d
    main.o(.text) refers to _printf_dec.o(.text) for _printf_int_dec
    main.o(.text) refers to noretval__2sprintf.o(.text) for __2sprintf
    main.o(.text) refers to usbd_lib_cdc.o(i.USBD_CDC_ACM_WriteData) for USBD_CDC_ACM_WriteData
    main.o(.text) refers to rt_cmsis.o(i.osDelay) for osDelay
    main.o(.text) refers to pin_mux.o(.text) for BOARD_InitBootPins
    main.o(.text) refers to clock_config.o(.text) for BOARD_BootClockRUN
    main.o(.text) refers to board.o(.text) for BOARD_InitDebugConsole
    main.o(.text) refers to eventrecorder.o(.text) for EventRecorderInitialize
    main.o(.text) refers to fsl_debug_console.o(.text) for DbgConsole_Printf
    main.o(.text) refers to usbd_lib_core.o(i.USBD_Initialize) for USBD_Initialize
    main.o(.text) refers to fsl_assert.o(.text) for __aeabi_assert
    main.o(.text) refers to usbd_lib_core.o(i.USBD_Connect) for USBD_Connect
    main.o(.text) refers to rt_cmsis.o(i.osKernelInitialize) for osKernelInitialize
    main.o(.text) refers to rt_cmsis.o(i.osThreadCreate) for osThreadCreate
    main.o(.text) refers to rt_cmsis.o(i.osKernelStart) for osKernelStart
    main.o(.text) refers to rt_cmsis.o(i.osSignalWait) for osSignalWait
    main.o(.text) refers to main.o(.data) for counter
    main.o(.text) refers to main.o(.bss) for buf
    main.o(.text) refers to main.o(.constdata) for os_thread_def_Message
    main.o(.constdata) refers to main.o(.text) for Message
    otg_fs_mk64f.o(.text) refers to usbd_fs_mk64f.o(.text) for USBD_FS_IRQ
    usbd_fs_mk64f.o(.text) refers to rt_memclr_w.o(.text) for __aeabi_memclr4
    usbd_fs_mk64f.o(.text) refers to rt_memcpy_v6.o(.text) for __aeabi_memcpy
    usbd_fs_mk64f.o(.text) refers to usbd_fs_mk64f.o(.data) for setup_packet
    usbd_fs_mk64f.o(.text) refers to usbd_fs_mk64f.o(.bss) for bd
    usbd_fs_mk64f.o(.text) refers to usbd_fs_mk64f.o(.constdata) for usbd_driver_version
    usbd_fs_mk64f.o(.text) refers to otg_fs_mk64f.o(.data) for otg_fs_state
    usbd_fs_mk64f.o(.text) refers to rt_cmsis.o(i.osDelay) for osDelay
    usbd_fs_mk64f.o(.constdata) refers to usbd_fs_mk64f.o(.text) for USBD_GetVersion
    rtx_conf_cm.o(.emb_text) refers to rt_cmsis.o(i.osKernelInitialize) for osKernelInitialize
    rtx_conf_cm.o(.emb_text) refers to rt_cmsis.o(i.osThreadCreate) for osThreadCreate
    rtx_conf_cm.o(.emb_text) refers to rt_cmsis.o(i.osKernelStart) for osKernelStart
    rtx_conf_cm.o(.emb_text) refers to exit.o(.text) for exit
    rtx_conf_cm.o(.emb_text) refers to rtx_conf_cm.o(.constdata) for os_thread_def_main
    rtx_conf_cm.o(.text) refers to rt_task.o(i.rt_tsk_self) for rt_tsk_self
    rtx_conf_cm.o(.text) refers to rt_mutex.o(i.rt_mut_init) for rt_mut_init
    rtx_conf_cm.o(.text) refers to rt_cmsis.o(.data) for os_running
    rtx_conf_cm.o(.text) refers to rtx_conf_cm.o(.bss) for .bss
    rtx_conf_cm.o(.text) refers to libspace.o(.bss) for __libspace_start
    rtx_conf_cm.o(.text) refers to rtx_conf_cm.o(.data) for .data
    rtx_conf_cm.o(.text) refers to rt_mutex.o(i.rt_mut_wait) for rt_mut_wait
    rtx_conf_cm.o(.text) refers to rt_mutex.o(i.rt_mut_release) for rt_mut_release
    rtx_conf_cm.o(.constdata) refers to rt_cmsis.o(i.osTimerThread) for osTimerThread
    rtx_conf_cm.o(.constdata) refers to rtx_conf_cm.o(.bss) for os_messageQ_q_osTimerMessageQ
    rtx_conf_cm.o(.constdata) refers to main.o(.text) for main
    eventrecorder.o(.text) refers to eventrecorder.o(.emb_text) for __asm___15_EventRecorder_c_e8d3082c__atomic_inc32
    eventrecorder.o(.text) refers to rt_memclr_w.o(.text) for __aeabi_memclr4
    eventrecorder.o(.text) refers to eventrecorder.o(.bss.noinit) for EventStatus
    eventrecorder.o(.text) refers to system_mk64f12.o(.data) for SystemCoreClock
    eventrecorder.o(.text) refers to eventrecorder.o(.constdata) for EventRecorderInfo
[...]
    USBD_CDC0_ACM_SetControlLineState        0x00005ab5   Thumb Code     6  usbd_config_0.o(.text)
    USBD_CDC0_ACM_DataReceived               0x00005abb   Thumb Code     2  usbd_config_0.o(.text)
    USBD_CDC0_ACM_DataSent                   0x00005abd   Thumb Code     2  usbd_config_0.o(.text)
    USBD_CDC0_NCM_Initialize                 0x00005abf   Thumb Code     2  usbd_config_0.o(.text)
    USBD_CDC0_NCM_Uninitialize               0x00005ac1   Thumb Code     2  usbd_config_0.o(.text)
    USBD_CDC0_NCM_Reset                      0x00005ac3   Thumb Code     2  usbd_config_0.o(.text)
    USBD_CDC0_NCM_Start                      0x00005ac5   Thumb Code     2  usbd_config_0.o(.text)
    USBD_CDC0_NCM_Stop                       0x00005ac7   Thumb Code     2  usbd_config_0.o(.text)
    USBD_CDC0_NCM_SetEthernetMulticastFilters 0x00005ac9   Thumb Code     6  usbd_config_0.o(.text)
    USBD_CDC0_NCM_SetEthernetPowerManagementPatternFilter 0x00005acf   Thumb Code     6  usbd_config_0.o(.text)
    USBD_CDC0_NCM_GetEthernetPowerManagementPatternFilter 0x00005ad5   Thumb Code     6  usbd_config_0.o(.text)
    USBD_CDC0_NCM_SetEthernetPacketFilter    0x00005adb   Thumb Code     6  usbd_config_0.o(.text)
    USBD_CDC0_NCM_GetEthernetStatistic       0x00005ae1   Thumb Code     6  usbd_config_0.o(.text)
    USBD_CDC0_NCM_GetNtbParameters           0x00005ae7   Thumb Code     6  usbd_config_0.o(.text)
    USBD_CDC0_NCM_GetNetAddress              0x00005aed   Thumb Code     6  usbd_config_0.o(.text)
    USBD_CDC0_NCM_SetNetAddress              0x00005af3   Thumb Code     6  usbd_config_0.o(.text)
    USBD_CDC0_NCM_GetNtbFormat               0x00005af9   Thumb Code     6  usbd_config_0.o(.text)
    USBD_CDC0_NCM_SetNtbFormat               0x00005aff   Thumb Code     6  usbd_config_0.o(.text)
    USBD_CDC0_NCM_GetNtbInputSize            0x00005b05   Thumb Code     6  usbd_config_0.o(.text)
    USBD_CDC0_NCM_SetNtbInputSize            0x00005b0b   Thumb Code     6  usbd_config_0.o(.text)
    USBD_CDC0_NCM_GetMaxDatagramSize         0x00005b11   Thumb Code     6  usbd_config_0.o(.text)
    USBD_CDC0_NCM_SetMaxDatagramSize         0x00005b17   Thumb Code     6  usbd_config_0.o(.text)
    USBD_CDC0_NCM_GetCrcMode                 0x00005b1d   Thumb Code     6  usbd_config_0.o(.text)
    USBD_CDC0_NCM_SetCrcMode                 0x00005b23   Thumb Code     6  usbd_config_0.o(.text)
    USBD_CDC0_NCM_NTB_IN_Sent                0x00005b29   Thumb Code     2  usbd_config_0.o(.text)
    USBD_CDC0_NCM_NTB_OUT_Received           0x00005b2b   Thumb Code     2  usbd_config_0.o(.text)
    USBD_Endpoint0_ReqGetDescriptor_HID      0x00005b2d   Thumb Code     6  usbd_config_0.o(.text)
    USBD_Endpoint0_Setup_HID_ReqToIF         0x00005b33   Thumb Code     6  usbd_config_0.o(.text)
    USBD_Endpoint0_Out_HID_ReqToIF           0x00005b39   Thumb Code     6  usbd_config_0.o(.text)
    USBD_Endpoint0_ClearFeatureStall_MSC     0x00005b3f   Thumb Code     2  usbd_config_0.o(.text)
    USBD_Endpoint0_Setup_MSC_ReqToIF         0x00005b41   Thumb Code     6  usbd_config_0.o(.text)
    USBD_Device0_Initialize                  0x00005b47   Thumb Code     2  usbd_config_0.o(.text)
    USBD_Device0_Uninitialize                0x00005b49   Thumb Code     2  usbd_config_0.o(.text)
    USBD_Device0_VbusChanged                 0x00005b4b   Thumb Code     2  usbd_config_0.o(.text)
    USBD_Device0_EventReset                  0x00005b4d   Thumb Code     2  usbd_config_0.o(.text)
    USBD_Device0_Reset                       0x00005b4f   Thumb Code     8  usbd_config_0.o(.text)
    USBD_Device0_HighSpeedActivated          0x00005b57   Thumb Code     2  usbd_config_0.o(.text)
    USBD_Device0_Suspended                   0x00005b59   Thumb Code     2  usbd_config_0.o(.text)
    USBD_Device0_Resumed                     0x00005b5b   Thumb Code     2  usbd_config_0.o(.text)
    USBD_Device0_ConfigurationChanged        0x00005b5d   Thumb Code     2  usbd_config_0.o(.text)
    USBD_Device0_EnableRemoteWakeup          0x00005b5f   Thumb Code     2  usbd_config_0.o(.text)
    USBD_Device0_DisableRemoteWakeup         0x00005b61   Thumb Code     2  usbd_config_0.o(.text)
    USBD_Device0_Endpoint0_SetupPacketReceived 0x00005b63   Thumb Code     6  usbd_config_0.o(.text)
    USBD_Device0_Endpoint0_SetupPacketProcessed 0x00005b69   Thumb Code     2  usbd_config_0.o(.text)
    USBD_Device0_Endpoint0_OutDataReceived   0x00005b6b   Thumb Code     6  usbd_config_0.o(.text)
    USBD_Device0_Endpoint0_InDataSent        0x00005b71   Thumb Code     6  usbd_config_0.o(.text)
    USBD_ClassInitialize                     0x00005b77   Thumb Code    60  usbd_config_0.o(.text)
    USBD_ClassUninitialize                   0x00005bb3   Thumb Code    60  usbd_config_0.o(.text)
    USBD_Reset                               0x00005bef   Thumb Code    46  usbd_config_0.o(.text)
    USBD_SetConfiguration                    0x00005c1d   Thumb Code     2  usbd_config_0.o(.text)
    USBD_EndpointStart                       0x00005c1f   Thumb Code   118  usbd_config_0.o(.text)
    USBD_EndpointStop                        0x00005c95   Thumb Code    94  usbd_config_0.o(.text)
    USBD_Debug_Initialize                    0x00005cf9   Thumb Code     2  usb_debug.o(.text)
    __aeabi_uldivmod                         0x00005cfb   Thumb Code     0  lludivv7m.o(.text)
    _ll_udiv                                 0x00005cfb   Thumb Code   238  lludivv7m.o(.text)
    __2sprintf                               0x00005de9   Thumb Code    34  noretval__2sprintf.o(.text)
    __printf                                 0x00005e11   Thumb Code   104  __printf.o(.text)
    _printf_int_dec                          0x00005e79   Thumb Code   104  _printf_dec.o(.text)
    exit                                     0x00005ef1   Thumb Code    18  exit.o(.text)
    strlen                                   0x00005f03   Thumb Code    62  strlen.o(.text)
    __aeabi_memcpy                           0x00005f41   Thumb Code     0  rt_memcpy_v6.o(.text)
    __rt_memcpy                              0x00005f41   Thumb Code   138  rt_memcpy_v6.o(.text)
    _memcpy_lastbytes                        0x00005fa7   Thumb Code     0  rt_memcpy_v6.o(.text)
    __aeabi_memclr                           0x00005fcb   Thumb Code     0  rt_memclr.o(.text)
    __rt_memclr                              0x00005fcb   Thumb Code    68  rt_memclr.o(.text)
    _memset                                  0x00005fcf   Thumb Code     0  rt_memclr.o(.text)
    __aeabi_memclr4                          0x0000600f   Thumb Code     0  rt_memclr_w.o(.text)
    __aeabi_memclr8                          0x0000600f   Thumb Code     0  rt_memclr_w.o(.text)
    __rt_memclr_w                            0x0000600f   Thumb Code    78  rt_memclr_w.o(.text)
    _memset_w                                0x00006013   Thumb Code     0  rt_memclr_w.o(.text)
    _printf_int_common                       0x0000605d   Thumb Code   178  _printf_intcommon.o(.text)
    _printf_char_common                      0x0000611b   Thumb Code    32  _printf_char_common.o(.text)
    _sputc                                   0x00006141   Thumb Code    10  _sputc.o(.text)
    __aeabi_memcpy4                          0x0000614b   Thumb Code     0  rt_memcpy_w.o(.text)
    __aeabi_memcpy8                          0x0000614b   Thumb Code     0  rt_memcpy_w.o(.text)
    __rt_memcpy_w                            0x0000614b   Thumb Code   100  rt_memcpy_w.o(.text)
    _memcpy_lastbytes_aligned                0x00006193   Thumb Code     0  rt_memcpy_w.o(.text)
    SVC_Count                                0x000061b0   Data           4  svc_table.o(SVC_TABLE)
    SVC_Table                                0x000061b4   Data           0  svc_table.o(SVC_TABLE)
    USBD0_Core_Thread                        0x0000622d   Thumb Code     6  usbd_lib_core.o(i.USBD0_Core_Thread)
    USBD_CDC0_Bulk_Thread                    0x00006233   Thumb Code     6  usbd_lib_cdc.o(i.USBD_CDC0_Bulk_Thread)
    USBD_CDC0_Int_Thread                     0x00006239   Thumb Code     6  usbd_lib_cdc.o(i.USBD_CDC0_Int_Thread)
    USBD_CDC_ACM_CoreClearCommFeature        0x0000623f   Thumb Code     4  usbd_lib_cdc.o(i.USBD_CDC_ACM_CoreClearCommFeature)
    USBD_CDC_ACM_CoreGetCommFeature          0x00006243   Thumb Code     4  usbd_lib_cdc.o(i.USBD_CDC_ACM_CoreGetCommFeature)
    USBD_CDC_ACM_CoreGetEncapsulatedResponse 0x00006249   Thumb Code    70  usbd_lib_cdc.o(i.USBD_CDC_ACM_CoreGetEncapsulatedResponse)
    USBD_CDC_ACM_CoreGetLineCoding           0x00006299   Thumb Code    80  usbd_lib_cdc.o(i.USBD_CDC_ACM_CoreGetLineCoding)
    USBD_CDC_ACM_CoreSendBreak               0x000062fd   Thumb Code     4  usbd_lib_cdc.o(i.USBD_CDC_ACM_CoreSendBreak)
    USBD_CDC_ACM_CoreSendEncapsulatedCommand 0x00006301   Thumb Code    74  usbd_lib_cdc.o(i.USBD_CDC_ACM_CoreSendEncapsulatedCommand)
    USBD_CDC_ACM_CoreSetCommFeature          0x0000635d   Thumb Code     4  usbd_lib_cdc.o(i.USBD_CDC_ACM_CoreSetCommFeature)
    USBD_CDC_ACM_CoreSetControlLineState     0x00006361   Thumb Code    68  usbd_lib_cdc.o(i.USBD_CDC_ACM_CoreSetControlLineState)
    USBD_CDC_ACM_CoreSetLineCoding           0x000063b1   Thumb Code    76  usbd_lib_cdc.o(i.USBD_CDC_ACM_CoreSetLineCoding)
    USBD_CDC_ACM_WriteData                   0x0000640d   Thumb Code   248  usbd_lib_cdc.o(i.USBD_CDC_ACM_WriteData)
    USBD_CDC_Bulk_Thread                     0x00006511   Thumb Code    52  usbd_lib_cdc.o(i.USBD_CDC_Bulk_Thread)
    USBD_CDC_EndpointStart                   0x0000658d   Thumb Code   150  usbd_lib_cdc.o(i.USBD_CDC_EndpointStart)
    USBD_CDC_EndpointStop                    0x00006639   Thumb Code    86  usbd_lib_cdc.o(i.USBD_CDC_EndpointStop)
    USBD_CDC_Initialize                      0x00006a7d   Thumb Code   146  usbd_lib_cdc.o(i.USBD_CDC_Initialize)
    USBD_CDC_Int_Thread                      0x00006b29   Thumb Code   116  usbd_lib_cdc.o(i.USBD_CDC_Int_Thread)
    USBD_CDC_NCM_CoreGetCrcMode              0x00006ba1   Thumb Code    44  usbd_lib_cdc.o(i.USBD_CDC_NCM_CoreGetCrcMode)
    USBD_CDC_NCM_CoreGetEthernetPowerManagementPatternFilter 0x00006bd5   Thumb Code    52  usbd_lib_cdc.o(i.USBD_CDC_NCM_CoreGetEthernetPowerManagementPatternFilter)
    USBD_CDC_NCM_CoreGetEthernetStatistic    0x00006c11   Thumb Code    52  usbd_lib_cdc.o(i.USBD_CDC_NCM_CoreGetEthernetStatistic)
    USBD_CDC_NCM_CoreGetMaxDatagramSize      0x00006c4d   Thumb Code    44  usbd_lib_cdc.o(i.USBD_CDC_NCM_CoreGetMaxDatagramSize)
    USBD_CDC_NCM_CoreGetNetAddress           0x00006c81   Thumb Code    44  usbd_lib_cdc.o(i.USBD_CDC_NCM_CoreGetNetAddress)
    USBD_CDC_NCM_CoreGetNtbFormat            0x00006cb5   Thumb Code    44  usbd_lib_cdc.o(i.USBD_CDC_NCM_CoreGetNtbFormat)
    USBD_CDC_NCM_CoreGetNtbInputSize         0x00006ce9   Thumb Code    44  usbd_lib_cdc.o(i.USBD_CDC_NCM_CoreGetNtbInputSize)
    USBD_CDC_NCM_CoreGetNtbParameters        0x00006d1d   Thumb Code    44  usbd_lib_cdc.o(i.USBD_CDC_NCM_CoreGetNtbParameters)
    USBD_CDC_NCM_CoreSetCrcMode              0x00006d51   Thumb Code    58  usbd_lib_cdc.o(i.USBD_CDC_NCM_CoreSetCrcMode)
    USBD_CDC_NCM_CoreSetEthernetMulticastFilters 0x00006d99   Thumb Code    52  usbd_lib_cdc.o(i.USBD_CDC_NCM_CoreSetEthernetMulticastFilters)
    USBD_CDC_NCM_CoreSetEthernetPacketFilter 0x00006dd5   Thumb Code    44  usbd_lib_cdc.o(i.USBD_CDC_NCM_CoreSetEthernetPacketFilter)
    USBD_CDC_NCM_CoreSetEthernetPowerManagementPatternFilter 0x00006e09   Thumb Code    56  usbd_lib_cdc.o(i.USBD_CDC_NCM_CoreSetEthernetPowerManagementPatternFilter)
    USBD_CDC_NCM_CoreSetMaxDatagramSize      0x00006e49   Thumb Code    56  usbd_lib_cdc.o(i.USBD_CDC_NCM_CoreSetMaxDatagramSize)
    USBD_CDC_NCM_CoreSetNetAddress           0x00006e8d   Thumb Code    44  usbd_lib_cdc.o(i.USBD_CDC_NCM_CoreSetNetAddress)
    USBD_CDC_NCM_CoreSetNtbFormat            0x00006ec1   Thumb Code    58  usbd_lib_cdc.o(i.USBD_CDC_NCM_CoreSetNtbFormat)
    USBD_CDC_NCM_CoreSetNtbInputSize         0x00006f09   Thumb Code    56  usbd_lib_cdc.o(i.USBD_CDC_NCM_CoreSetNtbInputSize)
    USBD_CDC_Reset                           0x00006f4d   Thumb Code   270  usbd_lib_cdc.o(i.USBD_CDC_Reset)
    USBD_CDC_Uninitialize                    0x00007079   Thumb Code   148  usbd_lib_cdc.o(i.USBD_CDC_Uninitialize)
    USBD_Connect                             0x000071b1   Thumb Code    50  usbd_lib_core.o(i.USBD_Connect)
    USBD_Core_Endpoint0_InDataSent           0x000072fd   Thumb Code    68  usbd_lib_core_device.o(i.USBD_Core_Endpoint0_InDataSent)
    USBD_Core_Endpoint0_OutDataReceived      0x00007351   Thumb Code    68  usbd_lib_core_device.o(i.USBD_Core_Endpoint0_OutDataReceived)
    USBD_Core_Endpoint0_SetupPacketProcessed 0x000073a5   Thumb Code    74  usbd_lib_core_device.o(i.USBD_Core_Endpoint0_SetupPacketProcessed)
    USBD_Core_Endpoint0_SetupPacketReceived  0x00007405   Thumb Code   100  usbd_lib_core_device.o(i.USBD_Core_Endpoint0_SetupPacketReceived)
    USBD_Core_Thread                         0x0000747d   Thumb Code   134  usbd_lib_core.o(i.USBD_Core_Thread)
    USBD_DataInStage                         0x00007511   Thumb Code    96  usbd_lib_core.o(i.USBD_DataInStage)
    USBD_DataOutStage                        0x00007575   Thumb Code    38  usbd_lib_core.o(i.USBD_DataOutStage)
    USBD_DriverDeviceConnect                 0x000075a1   Thumb Code   114  usbd_lib_drv.o(i.USBD_DriverDeviceConnect)
    USBD_DriverDeviceSetAddress              0x00007621   Thumb Code   122  usbd_lib_drv.o(i.USBD_DriverDeviceSetAddress)
    USBD_DriverEndpointConfigure             0x000076a9   Thumb Code   242  usbd_lib_drv.o(i.USBD_DriverEndpointConfigure)
    USBD_DriverEndpointStall                 0x000077ad   Thumb Code   214  usbd_lib_drv.o(i.USBD_DriverEndpointStall)
    USBD_DriverEndpointTransfer              0x00007895   Thumb Code   262  usbd_lib_drv.o(i.USBD_DriverEndpointTransfer)
    USBD_DriverEndpointTransferAbort         0x000079ad   Thumb Code   198  usbd_lib_drv.o(i.USBD_DriverEndpointTransferAbort)
    USBD_DriverEndpointTransferGetResult     0x00007a81   Thumb Code   120  usbd_lib_drv.o(i.USBD_DriverEndpointTransferGetResult)
    USBD_DriverEndpointUnconfigure           0x00007b09   Thumb Code   200  usbd_lib_drv.o(i.USBD_DriverEndpointUnconfigure)
    USBD_DriverGetCapabilities               0x00007be1   Thumb Code    12  usbd_lib_drv.o(i.USBD_DriverGetCapabilities)
    USBD_DriverGetVersion                    0x00007bf1   Thumb Code    12  usbd_lib_drv.o(i.USBD_DriverGetVersion)
    USBD_DriverInitialize                    0x00007c01   Thumb Code   122  usbd_lib_drv.o(i.USBD_DriverInitialize)
    USBD_DriverPowerControl                  0x00007c89   Thumb Code   122  usbd_lib_drv.o(i.USBD_DriverPowerControl)
    USBD_DriverReadSetupPacket               0x00007d11   Thumb Code   126  usbd_lib_drv.o(i.USBD_DriverReadSetupPacket)
    USBD_Endpoint0_Out_CDC_ReqToIF           0x000081d5   Thumb Code   242  usbd_lib_core_cdc.o(i.USBD_Endpoint0_Out_CDC_ReqToIF)
    USBD_Endpoint0_Setup_CDC_ReqToIF         0x000082d9   Thumb Code   802  usbd_lib_core_cdc.o(i.USBD_Endpoint0_Setup_CDC_ReqToIF)
    USBD_Initialize                          0x0000860d   Thumb Code   444  usbd_lib_core.o(i.USBD_Initialize)
    USBD_SignalDeviceEvent                   0x00009069   Thumb Code    32  usbd_lib_drv.o(i.USBD_SignalDeviceEvent)
    USBD_SignalEndpointEvent                 0x00009091   Thumb Code    78  usbd_lib_drv.o(i.USBD_SignalEndpointEvent)
    USBD_StatusInStage                       0x000090f1   Thumb Code    10  usbd_lib_core.o(i.USBD_StatusInStage)
    USBD_StatusInStageDone                   0x000090fb   Thumb Code    16  usbd_lib_core.o(i.USBD_StatusInStageDone)
    USBD_StatusOutStage                      0x0000910b   Thumb Code    10  usbd_lib_core.o(i.USBD_StatusOutStage)
    USBD_StatusOutStageDone                  0x00009115   Thumb Code    42  usbd_lib_core.o(i.USBD_StatusOutStageDone)
    _init_box                                0x00009145   Thumb Code    70  rt_membox.o(i._init_box)
    dbg_init                                 0x0000918d   Thumb Code    34  hal_cm.o(i.dbg_init)
    dbg_task_notify                          0x000091bd   Thumb Code    32  hal_cm.o(i.dbg_task_notify)
    dbg_task_switch                          0x000091dd   Thumb Code    16  hal_cm.o(i.dbg_task_switch)
    isrMessageGet                            0x000091ed   Thumb Code    42  rt_cmsis.o(i.isrMessageGet)
    isrMessagePut                            0x00009217   Thumb Code    44  rt_cmsis.o(i.isrMessagePut)
    isrSemaphoreRelease                      0x00009243   Thumb Code    40  rt_cmsis.o(i.isrSemaphoreRelease)
    isrSignalSet                             0x0000926b   Thumb Code    36  rt_cmsis.o(i.isrSignalSet)
    isr_evt_set                              0x00009291   Thumb Code    34  rt_event.o(i.isr_evt_set)
    isr_mbx_receive                          0x000092b9   Thumb Code    86  rt_mailbox.o(i.isr_mbx_receive)
    isr_mbx_send                             0x0000930f   Thumb Code    14  rt_mailbox.o(i.isr_mbx_send)
    isr_sem_send                             0x0000931d   Thumb Code    16  rt_semaphore.o(i.isr_sem_send)
    osDelay                                  0x0000932d   Thumb Code    18  rt_cmsis.o(i.osDelay)
    osKernelInitialize                       0x00009345   Thumb Code    30  rt_cmsis.o(i.osKernelInitialize)
    osKernelStart                            0x00009369   Thumb Code    98  rt_cmsis.o(i.osKernelStart)
    osMessageGet                             0x000093d5   Thumb Code    18  rt_cmsis.o(i.osMessageGet)
    osSemaphoreCreate                        0x000093ed   Thumb Code    36  rt_cmsis.o(i.osSemaphoreCreate)
    osSemaphoreDelete                        0x00009419   Thumb Code    18  rt_cmsis.o(i.osSemaphoreDelete)
    osSemaphoreRelease                       0x00009431   Thumb Code    18  rt_cmsis.o(i.osSemaphoreRelease)
    osSemaphoreWait                          0x00009449   Thumb Code    20  rt_cmsis.o(i.osSemaphoreWait)
    osSignalSet                              0x00009461   Thumb Code    18  rt_cmsis.o(i.osSignalSet)
    osSignalWait                             0x00009479   Thumb Code    18  rt_cmsis.o(i.osSignalWait)
    osThreadCreate                           0x00009491   Thumb Code    36  rt_cmsis.o(i.osThreadCreate)
    osThreadExit                             0x000094bd   Thumb Code    14  rt_cmsis.o(i.osThreadExit)
    osThreadTerminate                        0x000094d5   Thumb Code    18  rt_cmsis.o(i.osThreadTerminate)
    osTimerCall                              0x000094ed   Thumb Code     8  rt_cmsis.o(i.osTimerCall)
    osTimerDelete                            0x000094f9   Thumb Code    18  rt_cmsis.o(i.osTimerDelete)
    osTimerStart                             0x00009511   Thumb Code    18  rt_cmsis.o(i.osTimerStart)
    osTimerStop                              0x00009529   Thumb Code    18  rt_cmsis.o(i.osTimerStop)
    osTimerThread                            0x00009541   Thumb Code    38  rt_cmsis.o(i.osTimerThread)
    os_tick_init                             0x0000956d   Thumb Code    32  rt_system.o(i.os_tick_init)
    os_tick_irqack                           0x00009595   Thumb Code     2  rt_system.o(i.os_tick_irqack)
    rt_alloc_box                             0x00009597   Thumb Code    26  rt_membox.o(i.rt_alloc_box)
    rt_alloc_mem                             0x000095b1   Thumb Code    62  rt_memory.o(i.rt_alloc_mem)
    rt_block                                 0x000095f1   Thumb Code    48  rt_task.o(i.rt_block)
    rt_chk_robin                             0x00009629   Thumb Code    60  rt_robin.o(i.rt_chk_robin)
    rt_dec_dly                               0x00009671   Thumb Code   102  rt_list.o(i.rt_dec_dly)
    rt_dispatch                              0x000096e1   Thumb Code    60  rt_task.o(i.rt_dispatch)
    rt_dly_wait                              0x00009725   Thumb Code     6  rt_time.o(i.rt_dly_wait)
    rt_evt_psh                               0x0000972d   Thumb Code    76  rt_event.o(i.rt_evt_psh)
    rt_evt_set                               0x0000977d   Thumb Code    88  rt_event.o(i.rt_evt_set)
    rt_evt_wait                              0x000097d9   Thumb Code    56  rt_event.o(i.rt_evt_wait)
    rt_free_box                              0x00009815   Thumb Code    44  rt_membox.o(i.rt_free_box)
    rt_free_mem                              0x00009841   Thumb Code    40  rt_memory.o(i.rt_free_mem)
    rt_get_first                             0x00009869   Thumb Code    40  rt_list.o(i.rt_get_first)
    rt_init_mem                              0x000098e1   Thumb Code    26  rt_memory.o(i.rt_init_mem)
    rt_init_robin                            0x000098fd   Thumb Code    14  rt_robin.o(i.rt_init_robin)
    rt_init_stack                            0x00009915   Thumb Code   118  hal_cm.o(i.rt_init_stack)
    rt_mbx_check                             0x00009995   Thumb Code     8  rt_mailbox.o(i.rt_mbx_check)
    rt_mbx_init                              0x0000999d   Thumb Code    26  rt_mailbox.o(i.rt_mbx_init)
    rt_mbx_psh                               0x000099b9   Thumb Code   236  rt_mailbox.o(i.rt_mbx_psh)
    rt_mbx_wait                              0x00009aa9   Thumb Code   174  rt_mailbox.o(i.rt_mbx_wait)
    rt_mut_init                              0x00009ba1   Thumb Code    16  rt_mutex.o(i.rt_mut_init)
    rt_mut_release                           0x00009bb1   Thumb Code   208  rt_mutex.o(i.rt_mut_release)
    rt_mut_wait                              0x00009c89   Thumb Code   114  rt_mutex.o(i.rt_mut_wait)
    rt_pop_req                               0x00009d01   Thumb Code   112  rt_system.o(i.rt_pop_req)
    rt_psh_req                               0x00009d7d   Thumb Code    22  rt_system.o(i.rt_psh_req)
    rt_psq_enq                               0x00009d9d   Thumb Code    88  rt_list.o(i.rt_psq_enq)
    rt_put_dly                               0x00009df9   Thumb Code    68  rt_list.o(i.rt_put_dly)
    rt_put_prio                              0x00009e41   Thumb Code    54  rt_list.o(i.rt_put_prio)
    rt_put_rdy_first                         0x00009e79   Thumb Code    14  rt_list.o(i.rt_put_rdy_first)
    rt_resort_prio                           0x00009e8d   Thumb Code    46  rt_list.o(i.rt_resort_prio)
    rt_ret_val                               0x00009ed1   Thumb Code    12  hal_cm.o(i.rt_ret_val)
    rt_ret_val2                              0x00009edd   Thumb Code    16  hal_cm.o(i.rt_ret_val2)
    rt_rmv_dly                               0x00009eed   Thumb Code    40  rt_list.o(i.rt_rmv_dly)
    rt_rmv_list                              0x00009f15   Thumb Code    44  rt_list.o(i.rt_rmv_list)
    rt_sem_delete                            0x00009f45   Thumb Code    84  rt_semaphore.o(i.rt_sem_delete)
    rt_sem_init                              0x00009fa1   Thumb Code    12  rt_semaphore.o(i.rt_sem_init)
    rt_sem_psh                               0x00009fad   Thumb Code    48  rt_semaphore.o(i.rt_sem_psh)
    rt_sem_send                              0x00009fe1   Thumb Code    42  rt_semaphore.o(i.rt_sem_send)
    rt_sem_wait                              0x0000a00d   Thumb Code    58  rt_semaphore.o(i.rt_sem_wait)
    rt_stk_check                             0x0000a04d   Thumb Code    28  rt_system.o(i.rt_stk_check)
    rt_switch_req                            0x0000a071   Thumb Code    30  rt_task.o(i.rt_switch_req)
    rt_sys_init                              0x0000a099   Thumb Code   138  rt_task.o(i.rt_sys_init)
    rt_sys_start                             0x0000a165   Thumb Code   110  rt_task.o(i.rt_sys_start)
    rt_systick                               0x0000a1dd   Thumb Code    50  rt_system.o(i.rt_systick)
    rt_tsk_create                            0x0000a2a1   Thumb Code   118  rt_task.o(i.rt_tsk_create)
    rt_tsk_delete                            0x0000a329   Thumb Code   352  rt_task.o(i.rt_tsk_delete)
    rt_tsk_prio                              0x0000a4a5   Thumb Code   108  rt_task.o(i.rt_tsk_prio)
    rt_tsk_self                              0x0000a521   Thumb Code    12  rt_task.o(i.rt_tsk_self)
    svcDelay                                 0x0000a531   Thumb Code    18  rt_cmsis.o(i.svcDelay)
    svcKernelInitialize                      0x0000a545   Thumb Code    80  rt_cmsis.o(i.svcKernelInitialize)
    svcKernelStart                           0x0000a5b5   Thumb Code    62  rt_cmsis.o(i.svcKernelStart)
    svcMessageCreate                         0x0000a5fd   Thumb Code    36  rt_cmsis.o(i.svcMessageCreate)
    svcMessageGet                            0x0000a621   Thumb Code    58  rt_cmsis.o(i.svcMessageGet)
    svcSemaphoreCreate                       0x0000a65b   Thumb Code    36  rt_cmsis.o(i.svcSemaphoreCreate)
    svcSemaphoreDelete                       0x0000a67f   Thumb Code    26  rt_cmsis.o(i.svcSemaphoreDelete)
    svcSemaphoreRelease                      0x0000a699   Thumb Code    40  rt_cmsis.o(i.svcSemaphoreRelease)
    svcSemaphoreWait                         0x0000a6c1   Thumb Code    50  rt_cmsis.o(i.svcSemaphoreWait)
    svcSignalSet                             0x0000a6f3   Thumb Code    36  rt_cmsis.o(i.svcSignalSet)
    svcSignalWait                            0x0000a719   Thumb Code    80  rt_cmsis.o(i.svcSignalWait)
    svcThreadCreate                          0x0000a76d   Thumb Code    96  rt_cmsis.o(i.svcThreadCreate)
    svcThreadGetId                           0x0000a7d9   Thumb Code    22  rt_cmsis.o(i.svcThreadGetId)
    svcThreadTerminate                       0x0000a7f5   Thumb Code    50  rt_cmsis.o(i.svcThreadTerminate)
    svcTimerCall                             0x0000a82d   Thumb Code    24  rt_cmsis.o(i.svcTimerCall)
    svcTimerDelete                           0x0000a845   Thumb Code    40  rt_cmsis.o(i.svcTimerDelete)
    svcTimerStart                            0x0000a86d   Thumb Code    96  rt_cmsis.o(i.svcTimerStart)
    svcTimerStop                             0x0000a8d1   Thumb Code    36  rt_cmsis.o(i.svcTimerStop)
    sysTimerTick                             0x0000a8f5   Thumb Code    84  rt_cmsis.o(i.sysTimerTick)
    _fp_init                                 0x0000a951   Thumb Code    10  fpinit.o(x$fpl$fpinit)
    __fplib_config_fpu_vfp                   0x0000a959   Thumb Code     0  fpinit.o(x$fpl$fpinit)
    __fplib_config_pureend_doubles           0x0000a959   Thumb Code     0  fpinit.o(x$fpl$fpinit)
    mcgConfig_BOARD_BootClockRUN             0x0000a9d4   Data          11  clock_config.o(.constdata)
    simConfig_BOARD_BootClockRUN             0x0000a9e0   Data           8  clock_config.o(.constdata)
    oscConfig_BOARD_BootClockRUN             0x0000a9e8   Data           8  clock_config.o(.constdata)
    mcgConfig_BOARD_BootClockVLPR            0x0000a9f0   Data          11  clock_config.o(.constdata)
    simConfig_BOARD_BootClockVLPR            0x0000a9fc   Data           8  clock_config.o(.constdata)
    oscConfig_BOARD_BootClockVLPR            0x0000aa04   Data           8  clock_config.o(.constdata)
    os_thread_def_Message                    0x0000aa0c   Data          16  main.o(.constdata)
    Driver_USBD0                             0x0000aa24   Data          72  usbd_fs_mk64f.o(.constdata)
    os_maxtaskrun                            0x0000aa6c   Data           2  rtx_conf_cm.o(.constdata)
    os_stackinfo                             0x0000aa70   Data           4  rtx_conf_cm.o(.constdata)
    os_rrobin                                0x0000aa74   Data           4  rtx_conf_cm.o(.constdata)
    os_tickfreq                              0x0000aa78   Data           4  rtx_conf_cm.o(.constdata)
    os_tickus_i                              0x0000aa7c   Data           2  rtx_conf_cm.o(.constdata)
    os_tickus_f                              0x0000aa7e   Data           2  rtx_conf_cm.o(.constdata)
    os_trv                                   0x0000aa80   Data           4  rtx_conf_cm.o(.constdata)
    os_flags                                 0x0000aa84   Data           1  rtx_conf_cm.o(.constdata)
    CMSIS_RTOS_API_Version                   0x0000aa88   Data           4  rtx_conf_cm.o(.constdata)
    CMSIS_RTOS_RTX_Version                   0x0000aa8c   Data           4  rtx_conf_cm.o(.constdata)
    os_clockrate                             0x0000aa90   Data           4  rtx_conf_cm.o(.constdata)
    os_timernum                              0x0000aa94   Data           4  rtx_conf_cm.o(.constdata)
    mp_tcb_size                              0x0000aa98   Data           2  rtx_conf_cm.o(.constdata)
    mp_stk_size                              0x0000aa9c   Data           4  rtx_conf_cm.o(.constdata)
    os_stack_sz                              0x0000aaa0   Data           4  rtx_conf_cm.o(.constdata)
    os_fifo_size                             0x0000aaa4   Data           1  rtx_conf_cm.o(.constdata)
    os_thread_def_osTimerThread              0x0000aaa8   Data          16  rtx_conf_cm.o(.constdata)
    os_messageQ_def_osTimerMessageQ          0x0000aab8   Data           8  rtx_conf_cm.o(.constdata)
    mp_tmr_size                              0x0000aac0   Data           2  rtx_conf_cm.o(.constdata)
    os_thread_def_main                       0x0000aac4   Data          16  rtx_conf_cm.o(.constdata)
    EventRecorderInfo                        0x0000aad4   Data          24  eventrecorder.o(.constdata)
    usbd0_dev                                0x0000abd4   Data          28  usbd_config_0.o(.constdata)
    os_thread_def_USBD0_Core_Thread          0x0000abf0   Data          16  usbd_config_0.o(.constdata)
    usbd_dev_num                             0x0000ac00   Data           1  usbd_config_0.o(.constdata)
    usbd_dev_ptr                             0x0000ac04   Data           4  usbd_config_0.o(.constdata)
    usbd_cdc_num                             0x0000ac08   Data           1  usbd_config_0.o(.constdata)
    usbd_cdc                                 0x0000ac0c   Data          72  usbd_config_0.o(.constdata)
    usbd_cdc_ptr                             0x0000ac54   Data           4  usbd_config_0.o(.constdata)
    os_thread_def_USBD_CDC0_Int_Thread       0x0000ac5c   Data          16  usbd_config_0.o(.constdata)
    os_thread_def_USBD_CDC0_Bulk_Thread      0x0000ac6c   Data          16  usbd_config_0.o(.constdata)
    os_semaphore_def_usbd0_driver_semaphore  0x0000ac84   Data           4  usbd_config_0.o(.constdata)
    os_semaphore_def_usbd0_driver_ep0out_semaphore 0x0000ac88   Data           4  usbd_config_0.o(.constdata)
    os_semaphore_def_usbd0_driver_ep0in_semaphore 0x0000ac8c   Data           4  usbd_config_0.o(.constdata)
    os_semaphore_def_usbd0_driver_ep1out_semaphore 0x0000ac90   Data           4  usbd_config_0.o(.constdata)
    os_semaphore_def_usbd0_driver_ep1in_semaphore 0x0000ac94   Data           4  usbd_config_0.o(.constdata)
    os_semaphore_def_usbd0_driver_ep2out_semaphore 0x0000ac98   Data           4  usbd_config_0.o(.constdata)
    os_semaphore_def_usbd0_driver_ep2in_semaphore 0x0000ac9c   Data           4  usbd_config_0.o(.constdata)
    usbd_ep_max_num                          0x0000acbc   Data           1  usbd_config_0.o(.constdata)
    usbd_cb_device_event_ptr                 0x0000acc0   Data           4  usbd_config_0.o(.constdata)
    usbd_cb_endpoint_event_ptr               0x0000acc4   Data           4  usbd_config_0.o(.constdata)
    fpUSBD_CDC_ACM_Initialize                0x0000acc8   Data           4  usbd_config_0.o(.constdata)
    fpUSBD_CDC_ACM_Uninitialize              0x0000accc   Data           4  usbd_config_0.o(.constdata)
    fpUSBD_CDC_ACM_Reset                     0x0000acd0   Data           4  usbd_config_0.o(.constdata)
    fpUSBD_CDC_ACM_SendEncapsulatedCommand   0x0000acd4   Data           4  usbd_config_0.o(.constdata)
    fpUSBD_CDC_ACM_GetEncapsulatedResponse   0x0000acd8   Data           4  usbd_config_0.o(.constdata)
    fpUSBD_CDC_ACM_SetLineCoding             0x0000acdc   Data           4  usbd_config_0.o(.constdata)
    fpUSBD_CDC_ACM_GetLineCoding             0x0000ace0   Data           4  usbd_config_0.o(.constdata)
    fpUSBD_CDC_ACM_SetControlLineState       0x0000ace4   Data           4  usbd_config_0.o(.constdata)
    fpUSBD_CDC_ACM_DataReceived              0x0000ace8   Data           4  usbd_config_0.o(.constdata)
    fpUSBD_CDC_ACM_DataSent                  0x0000acec   Data           4  usbd_config_0.o(.constdata)
    fpUSBD_CDC_NCM_Initialize                0x0000acf0   Data           4  usbd_config_0.o(.constdata)
    fpUSBD_CDC_NCM_Uninitialize              0x0000acf4   Data           4  usbd_config_0.o(.constdata)
    fpUSBD_CDC_NCM_Reset                     0x0000acf8   Data           4  usbd_config_0.o(.constdata)
    fpUSBD_CDC_NCM_Start                     0x0000acfc   Data           4  usbd_config_0.o(.constdata)
    fpUSBD_CDC_NCM_Stop                      0x0000ad00   Data           4  usbd_config_0.o(.constdata)
    fpUSBD_CDC_NCM_SetEthernetMulticastFilters 0x0000ad04   Data           4  usbd_config_0.o(.constdata)
    fpUSBD_CDC_NCM_SetEthernetPowerManagementPatternFilter 0x0000ad08   Data           4  usbd_config_0.o(.constdata)
    fpUSBD_CDC_NCM_GetEthernetPowerManagementPatternFilter 0x0000ad0c   Data           4  usbd_config_0.o(.constdata)
    fpUSBD_CDC_NCM_SetEthernetPacketFilter   0x0000ad10   Data           4  usbd_config_0.o(.constdata)
    fpUSBD_CDC_NCM_GetEthernetStatistic      0x0000ad14   Data           4  usbd_config_0.o(.constdata)
    fpUSBD_CDC_NCM_GetNtbParameters          0x0000ad18   Data           4  usbd_config_0.o(.constdata)
    fpUSBD_CDC_NCM_GetNetAddress             0x0000ad1c   Data           4  usbd_config_0.o(.constdata)
    fpUSBD_CDC_NCM_SetNetAddress             0x0000ad20   Data           4  usbd_config_0.o(.constdata)
    fpUSBD_CDC_NCM_GetNtbFormat              0x0000ad24   Data           4  usbd_config_0.o(.constdata)
    fpUSBD_CDC_NCM_SetNtbFormat              0x0000ad28   Data           4  usbd_config_0.o(.constdata)
    fpUSBD_CDC_NCM_GetNtbInputSize           0x0000ad2c   Data           4  usbd_config_0.o(.constdata)
    fpUSBD_CDC_NCM_SetNtbInputSize           0x0000ad30   Data           4  usbd_config_0.o(.constdata)
    fpUSBD_CDC_NCM_GetMaxDatagramSize        0x0000ad34   Data           4  usbd_config_0.o(.constdata)
    fpUSBD_CDC_NCM_SetMaxDatagramSize        0x0000ad38   Data           4  usbd_config_0.o(.constdata)
    fpUSBD_CDC_NCM_GetCrcMode                0x0000ad3c   Data           4  usbd_config_0.o(.constdata)
    fpUSBD_CDC_NCM_SetCrcMode                0x0000ad40   Data           4  usbd_config_0.o(.constdata)
    fpUSBD_CDC_NCM_NTB_IN_Sent               0x0000ad44   Data           4  usbd_config_0.o(.constdata)
    fpUSBD_CDC_NCM_NTB_OUT_Received          0x0000ad48   Data           4  usbd_config_0.o(.constdata)
    fpUSBD_Device_Initialize                 0x0000ad4c   Data           4  usbd_config_0.o(.constdata)
    fpUSBD_Device_Uninitialize               0x0000ad50   Data           4  usbd_config_0.o(.constdata)
    fpUSBD_Device_VbusChanged                0x0000ad54   Data           4  usbd_config_0.o(.constdata)
    fpUSBD_Device_Reset                      0x0000ad58   Data           4  usbd_config_0.o(.constdata)
    fpUSBD_Device_HighSpeedActivated         0x0000ad5c   Data           4  usbd_config_0.o(.constdata)
    fpUSBD_Device_Suspended                  0x0000ad60   Data           4  usbd_config_0.o(.constdata)
    fpUSBD_Device_Resumed                    0x0000ad64   Data           4  usbd_config_0.o(.constdata)
    fpUSBD_Device_ConfigurationChanged       0x0000ad68   Data           4  usbd_config_0.o(.constdata)
    fpUSBD_Device_EnableRemoteWakeup         0x0000ad6c   Data           4  usbd_config_0.o(.constdata)
    fpUSBD_Device_DisableRemoteWakeup        0x0000ad70   Data           4  usbd_config_0.o(.constdata)
    fpUSBD_Device_Endpoint0_SetupPacketReceived 0x0000ad74   Data           4  usbd_config_0.o(.constdata)
    fpUSBD_Device_Endpoint0_SetupPacketProcessed 0x0000ad78   Data           4  usbd_config_0.o(.constdata)
    fpUSBD_Device_Endpoint0_OutDataReceived  0x0000ad7c   Data           4  usbd_config_0.o(.constdata)
    fpUSBD_Device_Endpoint0_InDataSent       0x0000ad80   Data           4  usbd_config_0.o(.constdata)
    usbd0_ep0_descriptor                     0x0000ad84   Data           7  usbd_config_0.o(.constdata)
    usbd0_device_descriptor                  0x0000ad8c   Data          18  usbd_config_0.o(.constdata)
    usbd0_config_descriptor_fs               0x0000ada0   Data          68  usbd_config_0.o(.constdata)
    usbd0_device_qualifier_fs                0x0000ade4   Data           1  usbd_config_0.o(.constdata)
    usbd0_device_qualifier_hs                0x0000ade5   Data           1  usbd_config_0.o(.constdata)
    usbd0_config_descriptor_hs               0x0000ade6   Data           1  usbd_config_0.o(.constdata)
    usbd0_other_speed_config_descriptor_fs   0x0000ade7   Data           1  usbd_config_0.o(.constdata)
    usbd0_other_speed_config_descriptor_hs   0x0000ade8   Data           1  usbd_config_0.o(.constdata)
    usbd0_string_descriptor                  0x0000adec   Data         139  usbd_config_0.o(.constdata)
    Region$$Table$$Base                      0x0000b028   Number         0  anon$$obj.o(Region$$Table)
    Region$$Table$$Limit                     0x0000b048   Number         0  anon$$obj.o(Region$$Table)
    usb_lib_version                          0x0000b048   Data           4  usb_lib_ver.o(__MW_USB_LIB_VERSION_6.13.6)
    TID_Message                              0x20000000   Data           4  main.o(.data)
    otg_fs_role                              0x20000006   Data           1  otg_fs_mk64f.o(.data)
    otg_fs_state                             0x20000007   Data           1  otg_fs_mk64f.o(.data)
    osThreadId_osTimerThread                 0x20000020   Data           4  rtx_conf_cm.o(.data)
    osMessageQId_osTimerMessageQ             0x20000024   Data           4  rtx_conf_cm.o(.data)
    os_tmr                                   0x20000028   Data           4  rtx_conf_cm.o(.data)
    m_tmr                                    0x2000002c   Data           4  rtx_conf_cm.o(.data)
    g_xtal0Freq                              0x2000003c   Data           4  fsl_clock.o(.data)
    g_xtal32Freq                             0x20000040   Data           4  fsl_clock.o(.data)
    g_serialHandle                           0x20000068   Data           4  fsl_debug_console.o(.data)
    __stdout                                 0x2000006c   Data           4  fsl_debug_console.o(.data)
    __stdin                                  0x20000070   Data           4  fsl_debug_console.o(.data)
    SystemCoreClock                          0x20000074   Data           4  system_mk64f12.o(.data)
    usbd0_alt_setting                        0x20000078   Data           2  usbd_config_0.o(.data)
    usbd_core_thread_id                      0x2000007c   Data           4  usbd_config_0.o(.data)
    usbd_driver_semaphore_id                 0x20000080   Data           4  usbd_config_0.o(.data)
    usbd_cdc_int_thread_id                   0x20000084   Data           4  usbd_config_0.o(.data)
    usbd_cdc_bulk_thread_id                  0x20000088   Data           4  usbd_config_0.o(.data)
    os_semaphore_cb_usbd0_driver_semaphore   0x2000008c   Data           8  usbd_config_0.o(.data)
    os_semaphore_cb_usbd0_driver_ep0out_semaphore 0x20000094   Data           8  usbd_config_0.o(.data)
    os_semaphore_cb_usbd0_driver_ep0in_semaphore 0x2000009c   Data           8  usbd_config_0.o(.data)
    os_semaphore_cb_usbd0_driver_ep1out_semaphore 0x200000a4   Data           8  usbd_config_0.o(.data)
    os_semaphore_cb_usbd0_driver_ep1in_semaphore 0x200000ac   Data           8  usbd_config_0.o(.data)
    os_semaphore_cb_usbd0_driver_ep2out_semaphore 0x200000b4   Data           8  usbd_config_0.o(.data)
    os_semaphore_cb_usbd0_driver_ep2in_semaphore 0x200000bc   Data           8  usbd_config_0.o(.data)
    usbd_ep_thread_id_ptr                    0x200000c4   Data          12  usbd_config_0.o(.data)
    usbd_drv_version                         0x200000d0   Data           4  usbd_config_0.o(.data)
    usbd_capabilities                        0x200000d4   Data           4  usbd_config_0.o(.data)
    usbd0_desc                               0x200000d8   Data          48  usbd_config_0.o(.data)
    usbd_desc_ptr                            0x20000108   Data           4  usbd_config_0.o(.data)
    os_initialized                           0x2000010c   Data           1  rt_cmsis.o(.data)
    os_running                               0x2000010d   Data           1  rt_cmsis.o(.data)
    os_timer_head                            0x20000110   Data           4  rt_cmsis.o(.data)
    os_tsk                                   0x20000114   Data           8  rt_task.o(.data)
    os_tick_irqn                             0x20000148   Data           4  rt_system.o(.data)
    os_time                                  0x2000014c   Data           4  rt_time.o(.data)
    os_robin                                 0x20000150   Data           8  rt_robin.o(.data)
    dbg_msg                                  0x20000158   Data           1  hal_cm.o(.data)
    mp_tcb                                   0x20000f00   Data         376  rtx_conf_cm.o(.bss)
    mp_stk                                   0x20001078   Data        1040  rtx_conf_cm.o(.bss)
    os_stack_mem                             0x20001488   Data        2808  rtx_conf_cm.o(.bss)
    os_fifo                                  0x20001f80   Data         132  rtx_conf_cm.o(.bss)
    os_active_TCB                            0x20002004   Data          28  rtx_conf_cm.o(.bss)
    os_messageQ_q_osTimerMessageQ            0x20002020   Data          32  rtx_conf_cm.o(.bss)
    usbd0_ep0_buf                            0x200023a0   Data         128  usbd_config_0.o(.bss)
    usbd0_data                               0x20002420   Data         176  usbd_config_0.o(.bss)
    usbd_driver_ep_semaphore_id              0x200024d0   Data          24  usbd_config_0.o(.bss)
    usbd_cdc0_send_buf                       0x200024e8   Data        1024  usbd_config_0.o(.bss)
    usbd_cdc0_receive_buf                    0x200028e8   Data        2048  usbd_config_0.o(.bss)
    usbd_cdc0_notify_buf                     0x200030e8   Data          10  usbd_config_0.o(.bss)
    usbd_cdc0_send_mps_buf                   0x200030f4   Data         512  usbd_config_0.o(.bss)
    usbd_cdc0_receive_mps_buf                0x20003300   Data         512  usbd_config_0.o(.bss)
    usbd_cdc_data                            0x20003500   Data         132  usbd_config_0.o(.bss)
    os_idle_TCB                              0x200035a8   Data          52  rt_task.o(.bss)
    os_rdy                                   0x200035dc   Data          24  rt_list.o(.bss)
    os_dly                                   0x200035f4   Data          24  rt_list.o(.bss)
    __libspace_start                         0x2000360c   Data          96  libspace.o(.bss)
    Image$$ARM_LIB_HEAP$$ZI$$Base            0x2000366c   Number         0  anon$$obj.o ABSOLUTE
    __temporary_stack_top$libspace           0x2000366c   Data           0  libspace.o(.bss)
    Image$$ARM_LIB_HEAP$$ZI$$Limit           0x20003a6c   Number         0  anon$$obj.o ABSOLUTE
    Image$$ARM_LIB_STACK$$ZI$$Limit          0x20030000   Number         0  anon$$obj.o ABSOLUTE



==============================================================================

Memory Map of the image

  Image Entry point : 0x00000411

  Load Region LR_m_text (Base: 0x00000000, Size: 0x0000b1a8, Max: 0x00100000, ABSOLUTE, COMPRESSED[0x0000b0a4])

    Execution Region VECTOR_ROM (Exec base: 0x00000000, Load base: 0x00000000, Size: 0x00000400, Max: 0x00000400, ABSOLUTE)

    Exec Addr    Load Addr    Size         Type   Attr      Idx    E Section Name        Object

    0x00000000   0x00000000   0x00000400   Data   RO          779    RESET               startup_mk64f12.o


    Execution Region ER_m_flash_config (Exec base: 0x00000400, Load base: 0x00000400, Size: 0x00000010, Max: 0x00000010, ABSOLUTE, FIXED)

    Exec Addr    Load Addr    Size         Type   Attr      Idx    E Section Name        Object

    0x00000400   0x00000400   0x00000010   Data   RO          780    FlashConfig         startup_mk64f12.o


    Execution Region ER_m_text (Exec base: 0x00000410, Load base: 0x00000410, Size: 0x0000ac3c, Max: 0x000ffbf0, ABSOLUTE)

    Exec Addr    Load Addr    Size         Type   Attr      Idx    E Section Name        Object

    0x00000410   0x00000410   0x00000008   Code   RO         2624  * !!!main             c_w.l(__main.o)
    0x00000418   0x00000418   0x00000034   Code   RO         2848    !!!scatter          c_w.l(__scatter.o)
    0x0000044c   0x0000044c   0x0000003a   Code   RO         2846    !!dczerorl          c_w.l(__dczerorl.o)
    0x00000486   0x00000486   0x00000002   PAD
    0x00000488   0x00000488   0x0000001c   Code   RO         2850    !!handler_zi        c_w.l(__scatter_zi.o)
    0x000004a4   0x000004a4   0x00000000   Code   RO         2613    .ARM.Collect$$_printf_percent$$00000000  c_w.l(_printf_percent.o)
    0x000004a4   0x000004a4   0x00000006   Code   RO         2612    .ARM.Collect$$_printf_percent$$00000009  c_w.l(_printf_d.o)
    0x000004aa   0x000004aa   0x00000004   Code   RO         2666    .ARM.Collect$$_printf_percent$$00000017  c_w.l(_printf_percent_end.o)
    0x000004ae   0x000004ae   0x00000002   Code   RO         2792    .ARM.Collect$$libinit$$00000000  c_w.l(libinit.o)
    0x000004b0   0x000004b0   0x00000004   Code   RO         2671    .ARM.Collect$$libinit$$00000001  c_w.l(libinit2.o)
    0x000004b4   0x000004b4   0x00000000   Code   RO         2674    .ARM.Collect$$libinit$$00000004  c_w.l(libinit2.o)
    0x000004b4   0x000004b4   0x00000000   Code   RO         2677    .ARM.Collect$$libinit$$0000000A  c_w.l(libinit2.o)
    0x000004b4   0x000004b4   0x00000000   Code   RO         2679    .ARM.Collect$$libinit$$0000000C  c_w.l(libinit2.o)
    0x000004b4   0x000004b4   0x00000000   Code   RO         2681    .ARM.Collect$$libinit$$0000000E  c_w.l(libinit2.o)
    0x000004b4   0x000004b4   0x00000000   Code   RO         2684    .ARM.Collect$$libinit$$00000011  c_w.l(libinit2.o)
    0x000004b4   0x000004b4   0x00000000   Code   RO         2686    .ARM.Collect$$libinit$$00000013  c_w.l(libinit2.o)
    0x000004b4   0x000004b4   0x00000000   Code   RO         2688    .ARM.Collect$$libinit$$00000015  c_w.l(libinit2.o)
    0x000004b4   0x000004b4   0x00000000   Code   RO         2690    .ARM.Collect$$libinit$$00000017  c_w.l(libinit2.o)
    0x000004b4   0x000004b4   0x00000000   Code   RO         2692    .ARM.Collect$$libinit$$00000019  c_w.l(libinit2.o)
    0x000004b4   0x000004b4   0x00000000   Code   RO         2694    .ARM.Collect$$libinit$$0000001B  c_w.l(libinit2.o)
    0x000004b4   0x000004b4   0x00000000   Code   RO         2696    .ARM.Collect$$libinit$$0000001D  c_w.l(libinit2.o)
    0x000004b4   0x000004b4   0x00000000   Code   RO         2698    .ARM.Collect$$libinit$$0000001F  c_w.l(libinit2.o)
    0x000004b4   0x000004b4   0x00000000   Code   RO         2700    .ARM.Collect$$libinit$$00000021  c_w.l(libinit2.o)
    0x000004b4   0x000004b4   0x00000000   Code   RO         2702    .ARM.Collect$$libinit$$00000023  c_w.l(libinit2.o)
    0x000004b4   0x000004b4   0x00000000   Code   RO         2704    .ARM.Collect$$libinit$$00000025  c_w.l(libinit2.o)
    0x000004b4   0x000004b4   0x00000000   Code   RO         2708    .ARM.Collect$$libinit$$0000002C  c_w.l(libinit2.o)
    0x000004b4   0x000004b4   0x00000000   Code   RO         2710    .ARM.Collect$$libinit$$0000002E  c_w.l(libinit2.o)
    0x000004b4   0x000004b4   0x00000000   Code   RO         2712    .ARM.Collect$$libinit$$00000030  c_w.l(libinit2.o)
    0x000004b4   0x000004b4   0x00000000   Code   RO         2714    .ARM.Collect$$libinit$$00000032  c_w.l(libinit2.o)
    0x000004b4   0x000004b4   0x00000002   Code   RO         2715    .ARM.Collect$$libinit$$00000033  c_w.l(libinit2.o)
    0x000004b6   0x000004b6   0x00000002   Code   RO         2793    .ARM.Collect$$libshutdown$$00000000  c_w.l(libshutdown.o)
    0x000004b8   0x000004b8   0x00000000   Code   RO         2811    .ARM.Collect$$libshutdown$$00000002  c_w.l(libshutdown2.o)
    0x000004b8   0x000004b8   0x00000000   Code   RO         2813    .ARM.Collect$$libshutdown$$00000004  c_w.l(libshutdown2.o)
    0x000004b8   0x000004b8   0x00000000   Code   RO         2816    .ARM.Collect$$libshutdown$$00000007  c_w.l(libshutdown2.o)
    0x000004b8   0x000004b8   0x00000000   Code   RO         2819    .ARM.Collect$$libshutdown$$0000000A  c_w.l(libshutdown2.o)
    0x000004b8   0x000004b8   0x00000000   Code   RO         2821    .ARM.Collect$$libshutdown$$0000000C  c_w.l(libshutdown2.o)
    0x000004b8   0x000004b8   0x00000000   Code   RO         2824    .ARM.Collect$$libshutdown$$0000000F  c_w.l(libshutdown2.o)
    0x000004b8   0x000004b8   0x00000002   Code   RO         2825    .ARM.Collect$$libshutdown$$00000010  c_w.l(libshutdown2.o)
    0x000004ba   0x000004ba   0x00000000   Code   RO         2626    .ARM.Collect$$rtentry$$00000000  c_w.l(__rtentry.o)
    0x000004ba   0x000004ba   0x00000000   Code   RO         2717    .ARM.Collect$$rtentry$$00000002  c_w.l(__rtentry2.o)
    0x000004ba   0x000004ba   0x00000004   Code   RO         2731    .ARM.Collect$$rtentry$$00000007  c_w.l(__rtentry7.o)
    0x000004be   0x000004be   0x00000000   Code   RO         2719    .ARM.Collect$$rtentry$$00000009  c_w.l(__rtentry2.o)
    0x000004be   0x000004be   0x00000004   Code   RO         2720    .ARM.Collect$$rtentry$$0000000A  c_w.l(__rtentry2.o)
    0x000004c2   0x000004c2   0x00000008   Code   RO         2721    .ARM.Collect$$rtentry$$0000000B  c_w.l(__rtentry2.o)
    0x000004ca   0x000004ca   0x00000008   Code   RO         2723    .ARM.Collect$$rtentry$$0000000D  c_w.l(__rtentry2.o)
    0x000004d2   0x000004d2   0x00000002   PAD
    0x000004d4   0x000004d4   0x00000004   Code   RO         2732    .ARM.Collect$$rtentry$$00002718  c_w.l(__rtentry7.o)
    0x000004d8   0x000004d8   0x00000002   Code   RO         2627    .ARM.Collect$$rtexit$$00000000  c_w.l(rtexit.o)
    0x000004da   0x000004da   0x00000000   Code   RO         2737    .ARM.Collect$$rtexit$$00000002  c_w.l(rtexit2.o)
    0x000004da   0x000004da   0x00000004   Code   RO         2738    .ARM.Collect$$rtexit$$00000003  c_w.l(rtexit2.o)
    0x000004de   0x000004de   0x00000006   Code   RO         2739    .ARM.Collect$$rtexit$$00000004  c_w.l(rtexit2.o)
    0x000004e4   0x000004e4   0x0000001c   Code   RO          329    .emb_text           rtx_conf_cm.o
    0x00000500   0x00000500   0x00000074   Code   RO          360    .emb_text           eventrecorder.o
    0x00000574   0x00000574   0x00000198   Code   RO         2453    .emb_text           RTX_CM4.lib(hal_cm4.o)
    0x0000070c   0x0000070c   0x00000018   Code   RO            6    .text               board.o
    0x00000724   0x00000724   0x000003fc   Code   RO          104    .text               pin_mux.o
    0x00000b20   0x00000b20   0x00000128   Code   RO          139    .text               clock_config.o
    0x00000c48   0x00000c48   0x00000134   Code   RO          176    .text               main.o
    0x00000d7c   0x00000d7c   0x0000000e   Code   RO          259    .text               otg_fs_mk64f.o
    0x00000d8a   0x00000d8a   0x00000002   PAD
    0x00000d8c   0x00000d8c   0x00000af4   Code   RO          292    .text               usbd_fs_mk64f.o
    0x00001880   0x00001880   0x000000ac   Code   RO          330    .text               rtx_conf_cm.o
    0x0000192c   0x0000192c   0x000005f8   Code   RO          361    .text               eventrecorder.o
    0x00001f24   0x00001f24   0x0000034c   Code   RO          431    .text               serial_manager.o
    0x00002270   0x00002270   0x0000014c   Code   RO          459    .text               serial_port_uart.o
    0x000023bc   0x000023bc   0x0000020c   Code   RO          487    .text               uart_adapter.o
    0x000025c8   0x000025c8   0x00001194   Code   RO          520    .text               fsl_clock.o
    0x0000375c   0x0000375c   0x00000134   Code   RO          575    .text               fsl_gpio.o
    0x00003890   0x00003890   0x00000230   Code   RO          604    .text               fsl_smc.o
    0x00003ac0   0x00003ac0   0x00000f54   Code   RO          633    .text               fsl_uart.o
    0x00004a14   0x00004a14   0x00000388   Code   RO          675    .text               fsl_debug_console.o
    0x00004d9c   0x00004d9c   0x00000044   Code   RO          730    .text               fsl_assert.o
    0x00004de0   0x00004de0   0x000006dc   Code   RO          754    .text               fsl_str.o
    0x000054bc   0x000054bc   0x000001cc   Code   RO          781    .text               startup_mk64f12.o
    0x00005688   0x00005688   0x000001f4   Code   RO          788    .text               system_mk64f12.o
    0x0000587c   0x0000587c   0x0000047c   Code   RO          831    .text               usbd_config_0.o
    0x00005cf8   0x00005cf8   0x00000002   Code   RO          903    .text               usb_debug.o
    0x00005cfa   0x00005cfa   0x000000ee   Code   RO         2582    .text               c_w.l(lludivv7m.o)
    0x00005de8   0x00005de8   0x00000028   Code   RO         2586    .text               c_w.l(noretval__2sprintf.o)
    0x00005e10   0x00005e10   0x00000068   Code   RO         2588    .text               c_w.l(__printf.o)
    0x00005e78   0x00005e78   0x00000078   Code   RO         2590    .text               c_w.l(_printf_dec.o)
    0x00005ef0   0x00005ef0   0x00000012   Code   RO         2614    .text               c_w.l(exit.o)
    0x00005f02   0x00005f02   0x0000003e   Code   RO         2616    .text               c_w.l(strlen.o)
    0x00005f40   0x00005f40   0x0000008a   Code   RO         2618    .text               c_w.l(rt_memcpy_v6.o)
    0x00005fca   0x00005fca   0x00000044   Code   RO         2620    .text               c_w.l(rt_memclr.o)
    0x0000600e   0x0000600e   0x0000004e   Code   RO         2622    .text               c_w.l(rt_memclr_w.o)
    0x0000605c   0x0000605c   0x000000b2   Code   RO         2660    .text               c_w.l(_printf_intcommon.o)
    0x0000610e   0x0000610e   0x00000002   PAD
    0x00006110   0x00006110   0x00000030   Code   RO         2662    .text               c_w.l(_printf_char_common.o)
    0x00006140   0x00006140   0x0000000a   Code   RO         2664    .text               c_w.l(_sputc.o)
    0x0000614a   0x0000614a   0x00000064   Code   RO         2667    .text               c_w.l(rt_memcpy_w.o)
    0x000061ae   0x000061ae   0x00000002   PAD
    0x000061b0   0x000061b0   0x00000004   Code   RO         2512    SVC_TABLE           RTX_CM4.lib(svc_table.o)
    0x000061b4   0x000061b4   0x00000014   Code   RO         1832    i.EvrUSBD_CDC_ACM_OnSetLineCoding  USB_Dbg_CM3_L.lib(usbd_lib_cdc.o)
    0x000061c8   0x000061c8   0x0000000c   Code   RO         1682    i.EvrUSBD_Core_ConfigureEp0Failed  USB_Dbg_CM3_L.lib(usbd_lib_core.o)
    0x000061d4   0x000061d4   0x0000001c   Code   RO         1769    i.EvrUSBD_Driver_EndpointConfigureFailed  USB_Dbg_CM3_L.lib(usbd_lib_drv.o)
    0x000061f0   0x000061f0   0x00000012   Code   RO         1770    i.EvrUSBD_Driver_EndpointStallFailed  USB_Dbg_CM3_L.lib(usbd_lib_drv.o)
    0x00006202   0x00006202   0x00000002   PAD
    0x00006204   0x00006204   0x00000010   Code   RO         1771    i.EvrUSBD_Driver_EndpointTransferAbort  USB_Dbg_CM3_L.lib(usbd_lib_drv.o)
    0x00006214   0x00006214   0x0000000c   Code   RO         1772    i.EvrUSBD_Driver_EndpointTransferFailed  USB_Dbg_CM3_L.lib(usbd_lib_drv.o)
    0x00006220   0x00006220   0x0000000c   Code   RO         1773    i.EvrUSBD_Driver_EndpointUnconfigureFailed  USB_Dbg_CM3_L.lib(usbd_lib_drv.o)
    0x0000622c   0x0000622c   0x00000006   Code   RO         1683    i.USBD0_Core_Thread  USB_Dbg_CM3_L.lib(usbd_lib_core.o)
    0x00006232   0x00006232   0x00000006   Code   RO         1834    i.USBD_CDC0_Bulk_Thread  USB_Dbg_CM3_L.lib(usbd_lib_cdc.o)
    0x00006238   0x00006238   0x00000006   Code   RO         1835    i.USBD_CDC0_Int_Thread  USB_Dbg_CM3_L.lib(usbd_lib_cdc.o)
    0x0000623e   0x0000623e   0x00000004   Code   RO         1850    i.USBD_CDC_ACM_CoreClearCommFeature  USB_Dbg_CM3_L.lib(usbd_lib_cdc.o)
    0x00006242   0x00006242   0x00000004   Code   RO         1851    i.USBD_CDC_ACM_CoreGetCommFeature  USB_Dbg_CM3_L.lib(usbd_lib_cdc.o)
    0x00006246   0x00006246   0x00000002   PAD
    0x00006248   0x00006248   0x00000050   Code   RO         1852    i.USBD_CDC_ACM_CoreGetEncapsulatedResponse  USB_Dbg_CM3_L.lib(usbd_lib_cdc.o)
    0x00006298   0x00006298   0x00000064   Code   RO         1853    i.USBD_CDC_ACM_CoreGetLineCoding  USB_Dbg_CM3_L.lib(usbd_lib_cdc.o)
    0x000062fc   0x000062fc   0x00000004   Code   RO         1854    i.USBD_CDC_ACM_CoreSendBreak  USB_Dbg_CM3_L.lib(usbd_lib_cdc.o)
    0x00006300   0x00006300   0x0000005c   Code   RO         1855    i.USBD_CDC_ACM_CoreSendEncapsulatedCommand  USB_Dbg_CM3_L.lib(usbd_lib_cdc.o)
    0x0000635c   0x0000635c   0x00000004   Code   RO         1856    i.USBD_CDC_ACM_CoreSetCommFeature  USB_Dbg_CM3_L.lib(usbd_lib_cdc.o)
    0x00006360   0x00006360   0x00000050   Code   RO         1857    i.USBD_CDC_ACM_CoreSetControlLineState  USB_Dbg_CM3_L.lib(usbd_lib_cdc.o)
    0x000063b0   0x000063b0   0x0000005c   Code   RO         1858    i.USBD_CDC_ACM_CoreSetLineCoding  USB_Dbg_CM3_L.lib(usbd_lib_cdc.o)
    0x0000640c   0x0000640c   0x00000104   Code   RO         1865    i.USBD_CDC_ACM_WriteData  USB_Dbg_CM3_L.lib(usbd_lib_cdc.o)
    0x00006510   0x00006510   0x00000034   Code   RO         1866    i.USBD_CDC_Bulk_Thread  USB_Dbg_CM3_L.lib(usbd_lib_cdc.o)
    0x00006544   0x00006544   0x00000048   Code   RO         1867    i.USBD_CDC_CheckInstance  USB_Dbg_CM3_L.lib(usbd_lib_cdc.o)
    0x0000658c   0x0000658c   0x000000ac   Code   RO         1868    i.USBD_CDC_EndpointStart  USB_Dbg_CM3_L.lib(usbd_lib_cdc.o)
    0x00006638   0x00006638   0x00000064   Code   RO         1869    i.USBD_CDC_EndpointStop  USB_Dbg_CM3_L.lib(usbd_lib_cdc.o)
    0x0000669c   0x0000669c   0x00000218   Code   RO         1870    i.USBD_CDC_EpBulkIn  USB_Dbg_CM3_L.lib(usbd_lib_cdc.o)
    0x000068b4   0x000068b4   0x000001c8   Code   RO         1871    i.USBD_CDC_EpBulkOut  USB_Dbg_CM3_L.lib(usbd_lib_cdc.o)
    0x00006a7c   0x00006a7c   0x000000ac   Code   RO         1872    i.USBD_CDC_Initialize  USB_Dbg_CM3_L.lib(usbd_lib_cdc.o)
    0x00006b28   0x00006b28   0x00000078   Code   RO         1873    i.USBD_CDC_Int_Thread  USB_Dbg_CM3_L.lib(usbd_lib_cdc.o)
    0x00006ba0   0x00006ba0   0x00000034   Code   RO         1874    i.USBD_CDC_NCM_CoreGetCrcMode  USB_Dbg_CM3_L.lib(usbd_lib_cdc.o)
    0x00006bd4   0x00006bd4   0x0000003c   Code   RO         1875    i.USBD_CDC_NCM_CoreGetEthernetPowerManagementPatternFilter  USB_Dbg_CM3_L.lib(usbd_lib_cdc.o)
    0x00006c10   0x00006c10   0x0000003c   Code   RO         1876    i.USBD_CDC_NCM_CoreGetEthernetStatistic  USB_Dbg_CM3_L.lib(usbd_lib_cdc.o)
    0x00006c4c   0x00006c4c   0x00000034   Code   RO         1877    i.USBD_CDC_NCM_CoreGetMaxDatagramSize  USB_Dbg_CM3_L.lib(usbd_lib_cdc.o)
    0x00006c80   0x00006c80   0x00000034   Code   RO         1878    i.USBD_CDC_NCM_CoreGetNetAddress  USB_Dbg_CM3_L.lib(usbd_lib_cdc.o)
    0x00006cb4   0x00006cb4   0x00000034   Code   RO         1879    i.USBD_CDC_NCM_CoreGetNtbFormat  USB_Dbg_CM3_L.lib(usbd_lib_cdc.o)
    0x00006ce8   0x00006ce8   0x00000034   Code   RO         1880    i.USBD_CDC_NCM_CoreGetNtbInputSize  USB_Dbg_CM3_L.lib(usbd_lib_cdc.o)
    0x00006d1c   0x00006d1c   0x00000034   Code   RO         1881    i.USBD_CDC_NCM_CoreGetNtbParameters  USB_Dbg_CM3_L.lib(usbd_lib_cdc.o)
    0x00006d50   0x00006d50   0x00000048   Code   RO         1882    i.USBD_CDC_NCM_CoreSetCrcMode  USB_Dbg_CM3_L.lib(usbd_lib_cdc.o)
    0x00006d98   0x00006d98   0x0000003c   Code   RO         1883    i.USBD_CDC_NCM_CoreSetEthernetMulticastFilters  USB_Dbg_CM3_L.lib(usbd_lib_cdc.o)
    0x00006dd4   0x00006dd4   0x00000034   Code   RO         1884    i.USBD_CDC_NCM_CoreSetEthernetPacketFilter  USB_Dbg_CM3_L.lib(usbd_lib_cdc.o)
    0x00006e08   0x00006e08   0x00000040   Code   RO         1885    i.USBD_CDC_NCM_CoreSetEthernetPowerManagementPatternFilter  USB_Dbg_CM3_L.lib(usbd_lib_cdc.o)
    0x00006e48   0x00006e48   0x00000044   Code   RO         1886    i.USBD_CDC_NCM_CoreSetMaxDatagramSize  USB_Dbg_CM3_L.lib(usbd_lib_cdc.o)
    0x00006e8c   0x00006e8c   0x00000034   Code   RO         1887    i.USBD_CDC_NCM_CoreSetNetAddress  USB_Dbg_CM3_L.lib(usbd_lib_cdc.o)
    0x00006ec0   0x00006ec0   0x00000048   Code   RO         1888    i.USBD_CDC_NCM_CoreSetNtbFormat  USB_Dbg_CM3_L.lib(usbd_lib_cdc.o)
    0x00006f08   0x00006f08   0x00000044   Code   RO         1889    i.USBD_CDC_NCM_CoreSetNtbInputSize  USB_Dbg_CM3_L.lib(usbd_lib_cdc.o)
    0x00006f4c   0x00006f4c   0x0000012c   Code   RO         1905    i.USBD_CDC_Reset    USB_Dbg_CM3_L.lib(usbd_lib_cdc.o)
    0x00007078   0x00007078   0x000000ac   Code   RO         1906    i.USBD_CDC_Uninitialize  USB_Dbg_CM3_L.lib(usbd_lib_cdc.o)
    0x00007124   0x00007124   0x00000028   Code   RO         1687    i.USBD_CheckDevice  USB_Dbg_CM3_L.lib(usbd_lib_core.o)
    0x0000714c   0x0000714c   0x00000064   Code   RO         1688    i.USBD_ConfigureEndpoint0  USB_Dbg_CM3_L.lib(usbd_lib_core.o)
    0x000071b0   0x000071b0   0x00000038   Code   RO         1690    i.USBD_Connect      USB_Dbg_CM3_L.lib(usbd_lib_core.o)
    0x000071e8   0x000071e8   0x00000114   Code   RO         1691    i.USBD_Core         USB_Dbg_CM3_L.lib(usbd_lib_core.o)
    0x000072fc   0x000072fc   0x00000054   Code   RO         2479    i.USBD_Core_Endpoint0_InDataSent  USB_Dbg_CM3_L.lib(usbd_lib_core_device.o)
    0x00007350   0x00007350   0x00000054   Code   RO         2480    i.USBD_Core_Endpoint0_OutDataReceived  USB_Dbg_CM3_L.lib(usbd_lib_core_device.o)
    0x000073a4   0x000073a4   0x00000060   Code   RO         2481    i.USBD_Core_Endpoint0_SetupPacketProcessed  USB_Dbg_CM3_L.lib(usbd_lib_core_device.o)
    0x00007404   0x00007404   0x00000078   Code   RO         2482    i.USBD_Core_Endpoint0_SetupPacketReceived  USB_Dbg_CM3_L.lib(usbd_lib_core_device.o)
    0x0000747c   0x0000747c   0x00000094   Code   RO         1692    i.USBD_Core_Thread  USB_Dbg_CM3_L.lib(usbd_lib_core.o)
    0x00007510   0x00007510   0x00000064   Code   RO         1693    i.USBD_DataInStage  USB_Dbg_CM3_L.lib(usbd_lib_core.o)
    0x00007574   0x00007574   0x0000002c   Code   RO         1694    i.USBD_DataOutStage  USB_Dbg_CM3_L.lib(usbd_lib_core.o)
    0x000075a0   0x000075a0   0x00000080   Code   RO         1774    i.USBD_DriverDeviceConnect  USB_Dbg_CM3_L.lib(usbd_lib_drv.o)
    0x00007620   0x00007620   0x00000088   Code   RO         1778    i.USBD_DriverDeviceSetAddress  USB_Dbg_CM3_L.lib(usbd_lib_drv.o)
    0x000076a8   0x000076a8   0x00000104   Code   RO         1779    i.USBD_DriverEndpointConfigure  USB_Dbg_CM3_L.lib(usbd_lib_drv.o)
    0x000077ac   0x000077ac   0x000000e8   Code   RO         1780    i.USBD_DriverEndpointStall  USB_Dbg_CM3_L.lib(usbd_lib_drv.o)
    0x00007894   0x00007894   0x00000118   Code   RO         1781    i.USBD_DriverEndpointTransfer  USB_Dbg_CM3_L.lib(usbd_lib_drv.o)
    0x000079ac   0x000079ac   0x000000d4   Code   RO         1782    i.USBD_DriverEndpointTransferAbort  USB_Dbg_CM3_L.lib(usbd_lib_drv.o)
    0x00007a80   0x00007a80   0x00000088   Code   RO         1783    i.USBD_DriverEndpointTransferGetResult  USB_Dbg_CM3_L.lib(usbd_lib_drv.o)
    0x00007b08   0x00007b08   0x000000d8   Code   RO         1784    i.USBD_DriverEndpointUnconfigure  USB_Dbg_CM3_L.lib(usbd_lib_drv.o)
    0x00007be0   0x00007be0   0x00000010   Code   RO         1785    i.USBD_DriverGetCapabilities  USB_Dbg_CM3_L.lib(usbd_lib_drv.o)
    0x00007bf0   0x00007bf0   0x00000010   Code   RO         1787    i.USBD_DriverGetVersion  USB_Dbg_CM3_L.lib(usbd_lib_drv.o)
    0x00007c00   0x00007c00   0x00000088   Code   RO         1788    i.USBD_DriverInitialize  USB_Dbg_CM3_L.lib(usbd_lib_drv.o)
    0x00007c88   0x00007c88   0x00000088   Code   RO         1789    i.USBD_DriverPowerControl  USB_Dbg_CM3_L.lib(usbd_lib_drv.o)
    0x00007d10   0x00007d10   0x0000008c   Code   RO         1790    i.USBD_DriverReadSetupPacket  USB_Dbg_CM3_L.lib(usbd_lib_drv.o)
    0x00007d9c   0x00007d9c   0x00000436   Code   RO         1696    i.USBD_Endpoint0    USB_Dbg_CM3_L.lib(usbd_lib_core.o)
    0x000081d2   0x000081d2   0x00000002   PAD
    0x000081d4   0x000081d4   0x00000104   Code   RO         2499    i.USBD_Endpoint0_Out_CDC_ReqToIF  USB_Dbg_CM3_L.lib(usbd_lib_core_cdc.o)
    0x000082d8   0x000082d8   0x00000334   Code   RO         2500    i.USBD_Endpoint0_Setup_CDC_ReqToIF  USB_Dbg_CM3_L.lib(usbd_lib_core_cdc.o)
    0x0000860c   0x0000860c   0x000001f0   Code   RO         1705    i.USBD_Initialize   USB_Dbg_CM3_L.lib(usbd_lib_core.o)
    0x000087fc   0x000087fc   0x00000194   Code   RO         1706    i.USBD_ReqGetDescriptor  USB_Dbg_CM3_L.lib(usbd_lib_core.o)
    0x00008990   0x00008990   0x000000b4   Code   RO         1707    i.USBD_ReqGetMSDescriptor  USB_Dbg_CM3_L.lib(usbd_lib_core.o)
    0x00008a44   0x00008a44   0x000000b4   Code   RO         1708    i.USBD_ReqGetStatus  USB_Dbg_CM3_L.lib(usbd_lib_core.o)
    0x00008af8   0x00008af8   0x00000134   Code   RO         1709    i.USBD_ReqSetClrFeature  USB_Dbg_CM3_L.lib(usbd_lib_core.o)
    0x00008c2c   0x00008c2c   0x0000027c   Code   RO         1710    i.USBD_ReqSetConfiguration  USB_Dbg_CM3_L.lib(usbd_lib_core.o)
    0x00008ea8   0x00008ea8   0x00000198   Code   RO         1711    i.USBD_ReqSetInterface  USB_Dbg_CM3_L.lib(usbd_lib_core.o)
    0x00009040   0x00009040   0x00000028   Code   RO         1712    i.USBD_ResetCore    USB_Dbg_CM3_L.lib(usbd_lib_core.o)
    0x00009068   0x00009068   0x00000028   Code   RO         1792    i.USBD_SignalDeviceEvent  USB_Dbg_CM3_L.lib(usbd_lib_drv.o)
    0x00009090   0x00009090   0x00000060   Code   RO         1793    i.USBD_SignalEndpointEvent  USB_Dbg_CM3_L.lib(usbd_lib_drv.o)
    0x000090f0   0x000090f0   0x0000000a   Code   RO         1714    i.USBD_StatusInStage  USB_Dbg_CM3_L.lib(usbd_lib_core.o)
    0x000090fa   0x000090fa   0x00000010   Code   RO         1715    i.USBD_StatusInStageDone  USB_Dbg_CM3_L.lib(usbd_lib_core.o)
    0x0000910a   0x0000910a   0x0000000a   Code   RO         1716    i.USBD_StatusOutStage  USB_Dbg_CM3_L.lib(usbd_lib_core.o)
    0x00009114   0x00009114   0x00000030   Code   RO         1717    i.USBD_StatusOutStageDone  USB_Dbg_CM3_L.lib(usbd_lib_core.o)
    0x00009144   0x00009144   0x00000046   Code   RO         2347    i._init_box         RTX_CM4.lib(rt_membox.o)
    0x0000918a   0x0000918a   0x00000002   PAD
    0x0000918c   0x0000918c   0x00000030   Code   RO         2400    i.dbg_init          RTX_CM4.lib(hal_cm.o)
    0x000091bc   0x000091bc   0x00000020   Code   RO         2401    i.dbg_task_notify   RTX_CM4.lib(hal_cm.o)
    0x000091dc   0x000091dc   0x00000010   Code   RO         2402    i.dbg_task_switch   RTX_CM4.lib(hal_cm.o)
    0x000091ec   0x000091ec   0x0000002a   Code   RO          939    i.isrMessageGet     RTX_CM4.lib(rt_cmsis.o)
    0x00009216   0x00009216   0x0000002c   Code   RO          940    i.isrMessagePut     RTX_CM4.lib(rt_cmsis.o)
    0x00009242   0x00009242   0x00000028   Code   RO          941    i.isrSemaphoreRelease  RTX_CM4.lib(rt_cmsis.o)
    0x0000926a   0x0000926a   0x00000024   Code   RO          942    i.isrSignalSet      RTX_CM4.lib(rt_cmsis.o)
    0x0000928e   0x0000928e   0x00000002   PAD
    0x00009290   0x00009290   0x00000028   Code   RO         2084    i.isr_evt_set       RTX_CM4.lib(rt_event.o)
    0x000092b8   0x000092b8   0x00000056   Code   RO         2202    i.isr_mbx_receive   RTX_CM4.lib(rt_mailbox.o)
    0x0000930e   0x0000930e   0x0000000e   Code   RO         2203    i.isr_mbx_send      RTX_CM4.lib(rt_mailbox.o)
    0x0000931c   0x0000931c   0x00000010   Code   RO         2250    i.isr_sem_send      RTX_CM4.lib(rt_semaphore.o)
    0x0000932c   0x0000932c   0x00000018   Code   RO          943    i.osDelay           RTX_CM4.lib(rt_cmsis.o)
    0x00009344   0x00009344   0x00000024   Code   RO          944    i.osKernelInitialize  RTX_CM4.lib(rt_cmsis.o)
    0x00009368   0x00009368   0x0000006c   Code   RO          946    i.osKernelStart     RTX_CM4.lib(rt_cmsis.o)
    0x000093d4   0x000093d4   0x00000018   Code   RO          955    i.osMessageGet      RTX_CM4.lib(rt_cmsis.o)
    0x000093ec   0x000093ec   0x0000002c   Code   RO          965    i.osSemaphoreCreate  RTX_CM4.lib(rt_cmsis.o)
    0x00009418   0x00009418   0x00000018   Code   RO          966    i.osSemaphoreDelete  RTX_CM4.lib(rt_cmsis.o)
    0x00009430   0x00009430   0x00000018   Code   RO          967    i.osSemaphoreRelease  RTX_CM4.lib(rt_cmsis.o)
    0x00009448   0x00009448   0x00000018   Code   RO          968    i.osSemaphoreWait   RTX_CM4.lib(rt_cmsis.o)
    0x00009460   0x00009460   0x00000018   Code   RO          970    i.osSignalSet       RTX_CM4.lib(rt_cmsis.o)
    0x00009478   0x00009478   0x00000018   Code   RO          971    i.osSignalWait      RTX_CM4.lib(rt_cmsis.o)
    0x00009490   0x00009490   0x0000002c   Code   RO          972    i.osThreadCreate    RTX_CM4.lib(rt_cmsis.o)
    0x000094bc   0x000094bc   0x00000018   Code   RO          973    i.osThreadExit      RTX_CM4.lib(rt_cmsis.o)
    0x000094d4   0x000094d4   0x00000018   Code   RO          977    i.osThreadTerminate  RTX_CM4.lib(rt_cmsis.o)
    0x000094ec   0x000094ec   0x0000000c   Code   RO          979    i.osTimerCall       RTX_CM4.lib(rt_cmsis.o)
    0x000094f8   0x000094f8   0x00000018   Code   RO          981    i.osTimerDelete     RTX_CM4.lib(rt_cmsis.o)
    0x00009510   0x00009510   0x00000018   Code   RO          982    i.osTimerStart      RTX_CM4.lib(rt_cmsis.o)
    0x00009528   0x00009528   0x00000018   Code   RO          983    i.osTimerStop       RTX_CM4.lib(rt_cmsis.o)
    0x00009540   0x00009540   0x0000002c   Code   RO          984    i.osTimerThread     RTX_CM4.lib(rt_cmsis.o)
    0x0000956c   0x0000956c   0x00000028   Code   RO         1994    i.os_tick_init      RTX_CM4.lib(rt_system.o)
    0x00009594   0x00009594   0x00000002   Code   RO         1995    i.os_tick_irqack    RTX_CM4.lib(rt_system.o)
    0x00009596   0x00009596   0x0000001a   Code   RO         2348    i.rt_alloc_box      RTX_CM4.lib(rt_membox.o)
    0x000095b0   0x000095b0   0x0000003e   Code   RO         2376    i.rt_alloc_mem      RTX_CM4.lib(rt_memory.o)
    0x000095ee   0x000095ee   0x00000002   PAD
    0x000095f0   0x000095f0   0x00000038   Code   RO         1561    i.rt_block          RTX_CM4.lib(rt_task.o)
    0x00009628   0x00009628   0x00000048   Code   RO         2325    i.rt_chk_robin      RTX_CM4.lib(rt_robin.o)
    0x00009670   0x00009670   0x00000070   Code   RO         2126    i.rt_dec_dly        RTX_CM4.lib(rt_list.o)
    0x000096e0   0x000096e0   0x00000044   Code   RO         1562    i.rt_dispatch       RTX_CM4.lib(rt_task.o)
    0x00009724   0x00009724   0x00000006   Code   RO         2292    i.rt_dly_wait       RTX_CM4.lib(rt_time.o)
    0x0000972a   0x0000972a   0x00000002   PAD
    0x0000972c   0x0000972c   0x00000050   Code   RO         2087    i.rt_evt_psh        RTX_CM4.lib(rt_event.o)
    0x0000977c   0x0000977c   0x0000005c   Code   RO         2088    i.rt_evt_set        RTX_CM4.lib(rt_event.o)
    0x000097d8   0x000097d8   0x0000003c   Code   RO         2089    i.rt_evt_wait       RTX_CM4.lib(rt_event.o)
    0x00009814   0x00009814   0x0000002c   Code   RO         2349    i.rt_free_box       RTX_CM4.lib(rt_membox.o)
    0x00009840   0x00009840   0x00000028   Code   RO         2377    i.rt_free_mem       RTX_CM4.lib(rt_memory.o)
    0x00009868   0x00009868   0x00000028   Code   RO         2127    i.rt_get_first      RTX_CM4.lib(rt_list.o)
    0x00009890   0x00009890   0x00000008   Code   RO          989    i.rt_id2obj         RTX_CM4.lib(rt_cmsis.o)
    0x00009898   0x00009898   0x00000048   Code   RO         1563    i.rt_init_context   RTX_CM4.lib(rt_task.o)
    0x000098e0   0x000098e0   0x0000001a   Code   RO         2378    i.rt_init_mem       RTX_CM4.lib(rt_memory.o)
    0x000098fa   0x000098fa   0x00000002   PAD
    0x000098fc   0x000098fc   0x00000018   Code   RO         2326    i.rt_init_robin     RTX_CM4.lib(rt_robin.o)
    0x00009914   0x00009914   0x00000080   Code   RO         2403    i.rt_init_stack     RTX_CM4.lib(hal_cm.o)
    0x00009994   0x00009994   0x00000008   Code   RO         2204    i.rt_mbx_check      RTX_CM4.lib(rt_mailbox.o)
    0x0000999c   0x0000999c   0x0000001a   Code   RO         2205    i.rt_mbx_init       RTX_CM4.lib(rt_mailbox.o)
    0x000099b6   0x000099b6   0x00000002   PAD
    0x000099b8   0x000099b8   0x000000f0   Code   RO         2206    i.rt_mbx_psh        RTX_CM4.lib(rt_mailbox.o)
    0x00009aa8   0x00009aa8   0x000000b4   Code   RO         2208    i.rt_mbx_wait       RTX_CM4.lib(rt_mailbox.o)
    0x00009b5c   0x00009b5c   0x00000044   Code   RO          990    i.rt_ms2tick        RTX_CM4.lib(rt_cmsis.o)
    0x00009ba0   0x00009ba0   0x00000010   Code   RO         1646    i.rt_mut_init       RTX_CM4.lib(rt_mutex.o)
    0x00009bb0   0x00009bb0   0x000000d8   Code   RO         1647    i.rt_mut_release    RTX_CM4.lib(rt_mutex.o)
    0x00009c88   0x00009c88   0x00000078   Code   RO         1648    i.rt_mut_wait       RTX_CM4.lib(rt_mutex.o)
    0x00009d00   0x00009d00   0x0000007c   Code   RO         1998    i.rt_pop_req        RTX_CM4.lib(rt_system.o)
    0x00009d7c   0x00009d7c   0x00000020   Code   RO         1999    i.rt_psh_req        RTX_CM4.lib(rt_system.o)
    0x00009d9c   0x00009d9c   0x0000005c   Code   RO         2129    i.rt_psq_enq        RTX_CM4.lib(rt_list.o)
    0x00009df8   0x00009df8   0x00000048   Code   RO         2130    i.rt_put_dly        RTX_CM4.lib(rt_list.o)
    0x00009e40   0x00009e40   0x00000036   Code   RO         2131    i.rt_put_prio       RTX_CM4.lib(rt_list.o)
    0x00009e76   0x00009e76   0x00000002   PAD
    0x00009e78   0x00009e78   0x00000014   Code   RO         2132    i.rt_put_rdy_first  RTX_CM4.lib(rt_list.o)
    0x00009e8c   0x00009e8c   0x00000034   Code   RO         2133    i.rt_resort_prio    RTX_CM4.lib(rt_list.o)
    0x00009ec0   0x00009ec0   0x00000010   Code   RO         2404    i.rt_ret_regs       RTX_CM4.lib(hal_cm.o)
    0x00009ed0   0x00009ed0   0x0000000c   Code   RO         2405    i.rt_ret_val        RTX_CM4.lib(hal_cm.o)
    0x00009edc   0x00009edc   0x00000010   Code   RO         2406    i.rt_ret_val2       RTX_CM4.lib(hal_cm.o)
    0x00009eec   0x00009eec   0x00000028   Code   RO         2134    i.rt_rmv_dly        RTX_CM4.lib(rt_list.o)
    0x00009f14   0x00009f14   0x00000030   Code   RO         2135    i.rt_rmv_list       RTX_CM4.lib(rt_list.o)
    0x00009f44   0x00009f44   0x0000005c   Code   RO         2251    i.rt_sem_delete     RTX_CM4.lib(rt_semaphore.o)
    0x00009fa0   0x00009fa0   0x0000000c   Code   RO         2252    i.rt_sem_init       RTX_CM4.lib(rt_semaphore.o)
    0x00009fac   0x00009fac   0x00000034   Code   RO         2253    i.rt_sem_psh        RTX_CM4.lib(rt_semaphore.o)
    0x00009fe0   0x00009fe0   0x0000002a   Code   RO         2254    i.rt_sem_send       RTX_CM4.lib(rt_semaphore.o)
    0x0000a00a   0x0000a00a   0x00000002   PAD
    0x0000a00c   0x0000a00c   0x00000040   Code   RO         2255    i.rt_sem_wait       RTX_CM4.lib(rt_semaphore.o)
    0x0000a04c   0x0000a04c   0x00000024   Code   RO         2001    i.rt_stk_check      RTX_CM4.lib(rt_system.o)
    0x0000a070   0x0000a070   0x00000028   Code   RO         1564    i.rt_switch_req     RTX_CM4.lib(rt_task.o)
    0x0000a098   0x0000a098   0x000000cc   Code   RO         1565    i.rt_sys_init       RTX_CM4.lib(rt_task.o)
    0x0000a164   0x0000a164   0x00000078   Code   RO         1566    i.rt_sys_start      RTX_CM4.lib(rt_task.o)
    0x0000a1dc   0x0000a1dc   0x00000040   Code   RO         2003    i.rt_systick        RTX_CM4.lib(rt_system.o)
    0x0000a21c   0x0000a21c   0x00000012   Code   RO          991    i.rt_tid2ptcb       RTX_CM4.lib(rt_cmsis.o)
    0x0000a22e   0x0000a22e   0x00000002   PAD
    0x0000a230   0x0000a230   0x00000034   Code   RO          992    i.rt_timer_insert   RTX_CM4.lib(rt_cmsis.o)
    0x0000a264   0x0000a264   0x0000003c   Code   RO          993    i.rt_timer_remove   RTX_CM4.lib(rt_cmsis.o)
    0x0000a2a0   0x0000a2a0   0x00000088   Code   RO         1567    i.rt_tsk_create     RTX_CM4.lib(rt_task.o)
    0x0000a328   0x0000a328   0x0000017c   Code   RO         1568    i.rt_tsk_delete     RTX_CM4.lib(rt_task.o)
    0x0000a4a4   0x0000a4a4   0x0000007c   Code   RO         1570    i.rt_tsk_prio       RTX_CM4.lib(rt_task.o)
    0x0000a520   0x0000a520   0x00000010   Code   RO         1571    i.rt_tsk_self       RTX_CM4.lib(rt_task.o)
    0x0000a530   0x0000a530   0x00000012   Code   RO          994    i.svcDelay          RTX_CM4.lib(rt_cmsis.o)
    0x0000a542   0x0000a542   0x00000002   PAD
    0x0000a544   0x0000a544   0x00000070   Code   RO          995    i.svcKernelInitialize  RTX_CM4.lib(rt_cmsis.o)
    0x0000a5b4   0x0000a5b4   0x00000048   Code   RO          997    i.svcKernelStart    RTX_CM4.lib(rt_cmsis.o)
    0x0000a5fc   0x0000a5fc   0x00000024   Code   RO         1000    i.svcMessageCreate  RTX_CM4.lib(rt_cmsis.o)
    0x0000a620   0x0000a620   0x0000003a   Code   RO         1001    i.svcMessageGet     RTX_CM4.lib(rt_cmsis.o)
    0x0000a65a   0x0000a65a   0x00000024   Code   RO         1008    i.svcSemaphoreCreate  RTX_CM4.lib(rt_cmsis.o)
    0x0000a67e   0x0000a67e   0x0000001a   Code   RO         1009    i.svcSemaphoreDelete  RTX_CM4.lib(rt_cmsis.o)
    0x0000a698   0x0000a698   0x00000028   Code   RO         1010    i.svcSemaphoreRelease  RTX_CM4.lib(rt_cmsis.o)
    0x0000a6c0   0x0000a6c0   0x00000032   Code   RO         1011    i.svcSemaphoreWait  RTX_CM4.lib(rt_cmsis.o)
    0x0000a6f2   0x0000a6f2   0x00000024   Code   RO         1013    i.svcSignalSet      RTX_CM4.lib(rt_cmsis.o)
    0x0000a716   0x0000a716   0x00000002   PAD
    0x0000a718   0x0000a718   0x00000054   Code   RO         1014    i.svcSignalWait     RTX_CM4.lib(rt_cmsis.o)
    0x0000a76c   0x0000a76c   0x0000006c   Code   RO         1015    i.svcThreadCreate   RTX_CM4.lib(rt_cmsis.o)
    0x0000a7d8   0x0000a7d8   0x0000001c   Code   RO         1016    i.svcThreadGetId    RTX_CM4.lib(rt_cmsis.o)
    0x0000a7f4   0x0000a7f4   0x00000038   Code   RO         1019    i.svcThreadTerminate  RTX_CM4.lib(rt_cmsis.o)
    0x0000a82c   0x0000a82c   0x00000018   Code   RO         1021    i.svcTimerCall      RTX_CM4.lib(rt_cmsis.o)
    0x0000a844   0x0000a844   0x00000028   Code   RO         1023    i.svcTimerDelete    RTX_CM4.lib(rt_cmsis.o)
    0x0000a86c   0x0000a86c   0x00000064   Code   RO         1024    i.svcTimerStart     RTX_CM4.lib(rt_cmsis.o)
    0x0000a8d0   0x0000a8d0   0x00000024   Code   RO         1025    i.svcTimerStop      RTX_CM4.lib(rt_cmsis.o)
    0x0000a8f4   0x0000a8f4   0x0000005c   Code   RO         1030    i.sysTimerTick      RTX_CM4.lib(rt_cmsis.o)
    0x0000a950   0x0000a950   0x0000000a   Code   RO         2766    x$fpl$fpinit        fz_wm.l(fpinit.o)
    0x0000a95a   0x0000a95a   0x00000002   PAD
    0x0000a95c   0x0000a95c   0x00000076   Data   RO          105    .constdata          pin_mux.o
    0x0000a9d2   0x0000a9d2   0x00000002   PAD
    0x0000a9d4   0x0000a9d4   0x00000038   Data   RO          140    .constdata          clock_config.o
    0x0000aa0c   0x0000aa0c   0x00000010   Data   RO          178    .constdata          main.o
    0x0000aa1c   0x0000aa1c   0x00000050   Data   RO          294    .constdata          usbd_fs_mk64f.o
    0x0000aa6c   0x0000aa6c   0x00000068   Data   RO          332    .constdata          rtx_conf_cm.o
    0x0000aad4   0x0000aad4   0x00000018   Data   RO          363    .constdata          eventrecorder.o
    0x0000aaec   0x0000aaec   0x00000018   Data   RO          488    .constdata          uart_adapter.o
    0x0000ab04   0x0000ab04   0x00000060   Data   RO          521    .constdata          fsl_clock.o
    0x0000ab64   0x0000ab64   0x00000028   Data   RO          576    .constdata          fsl_gpio.o
    0x0000ab8c   0x0000ab8c   0x00000038   Data   RO          635    .constdata          fsl_uart.o
    0x0000abc4   0x0000abc4   0x00000010   Data   RO          677    .constdata          fsl_debug_console.o
    0x0000abd4   0x0000abd4   0x000002b6   Data   RO          833    .constdata          usbd_config_0.o
    0x0000ae8a   0x0000ae8a   0x00000002   PAD
    0x0000ae8c   0x0000ae8c   0x00000056   Data   RO          432    .conststring        serial_manager.o
    0x0000aee2   0x0000aee2   0x00000002   PAD
    0x0000aee4   0x0000aee4   0x00000058   Data   RO          460    .conststring        serial_port_uart.o
    0x0000af3c   0x0000af3c   0x00000092   Data   RO          489    .conststring        uart_adapter.o
    0x0000afce   0x0000afce   0x00000002   PAD
    0x0000afd0   0x0000afd0   0x00000057   Data   RO          678    .conststring        fsl_debug_console.o
    0x0000b027   0x0000b027   0x00000001   PAD
    0x0000b028   0x0000b028   0x00000020   Data   RO         2845    Region$$Table       anon$$obj.o
    0x0000b048   0x0000b048   0x00000004   Data   RO         2466    __MW_USB_LIB_VERSION_6.13.6  USB_Dbg_CM3_L.lib(usb_lib_ver.o)


    Execution Region RW_m_eventrec (Exec base: 0x1fff0000, Load base: 0x0000b04c, Size: 0x000004a4, Max: 0x000004a4, ABSOLUTE, UNINIT)

    Exec Addr    Load Addr    Size         Type   Attr      Idx    E Section Name        Object

    0x1fff0000        -       0x000004a4   Zero   RW          362    .bss.noinit         eventrecorder.o


    Execution Region RW_m_data (Exec base: 0x1fff04a4, Load base: 0x0000b04c, Size: 0x00000000, Max: 0x0000fb5c, ABSOLUTE)

    **** No section assigned to this execution region ****


    Execution Region RW_m_data_2 (Exec base: 0x20000000, Load base: 0x0000b04c, Size: 0x0000366c, Max: 0x0002f800, ABSOLUTE, COMPRESSED[0x00000058])

    Exec Addr    Load Addr    Size         Type   Attr      Idx    E Section Name        Object

    0x20000000   COMPRESSED   0x00000006   Data   RW          179    .data               main.o
    0x20000006   COMPRESSED   0x00000002   Data   RW          260    .data               otg_fs_mk64f.o
    0x20000008   COMPRESSED   0x00000015   Data   RW          295    .data               usbd_fs_mk64f.o
    0x2000001d   COMPRESSED   0x00000003   PAD
    0x20000020   COMPRESSED   0x00000014   Data   RW          333    .data               rtx_conf_cm.o
    0x20000034   COMPRESSED   0x00000010   Data   RW          522    .data               fsl_clock.o
    0x20000044   COMPRESSED   0x0000001c   Data   RW          605    .data               fsl_smc.o
    0x20000060   COMPRESSED   0x00000004   Data   RW          636    .data               fsl_uart.o
    0x20000064   COMPRESSED   0x00000010   Data   RW          679    .data               fsl_debug_console.o
    0x20000074   COMPRESSED   0x00000004   Data   RW          789    .data               system_mk64f12.o
    0x20000078   COMPRESSED   0x00000094   Data   RW          834    .data               usbd_config_0.o
    0x2000010c   COMPRESSED   0x00000008   Data   RW         1033    .data               RTX_CM4.lib(rt_cmsis.o)
    0x20000114   COMPRESSED   0x00000008   Data   RW         1573    .data               RTX_CM4.lib(rt_task.o)
    0x2000011c   COMPRESSED   0x00000010   Data   RW         1719    .data               USB_Dbg_CM3_L.lib(usbd_lib_core.o)
    0x2000012c   COMPRESSED   0x00000017   Data   RW         1908    .data               USB_Dbg_CM3_L.lib(usbd_lib_cdc.o)
    0x20000143   COMPRESSED   0x00000001   PAD
    0x20000144   COMPRESSED   0x00000008   Data   RW         2006    .data               RTX_CM4.lib(rt_system.o)
    0x2000014c   COMPRESSED   0x00000004   Data   RW         2296    .data               RTX_CM4.lib(rt_time.o)
    0x20000150   COMPRESSED   0x00000008   Data   RW         2327    .data               RTX_CM4.lib(rt_robin.o)
    0x20000158   COMPRESSED   0x00000001   Data   RW         2407    .data               RTX_CM4.lib(hal_cm.o)
    0x20000159   COMPRESSED   0x00000003   PAD
    0x2000015c        -       0x00000018   Zero   RW          177    .bss                main.o
    0x20000174   COMPRESSED   0x0000008c   PAD
    0x20000200        -       0x00000d00   Zero   RW          293    .bss                usbd_fs_mk64f.o
    0x20000f00        -       0x00001460   Zero   RW          331    .bss                rtx_conf_cm.o
    0x20002360        -       0x00000018   Zero   RW          634    .bss                fsl_uart.o
    0x20002378        -       0x0000001c   Zero   RW          676    .bss                fsl_debug_console.o
    0x20002394   COMPRESSED   0x0000000c   PAD
    0x200023a0        -       0x00001206   Zero   RW          832    .bss                usbd_config_0.o
    0x200035a6   COMPRESSED   0x00000002   PAD
    0x200035a8        -       0x00000034   Zero   RW         1572    .bss                RTX_CM4.lib(rt_task.o)
    0x200035dc        -       0x00000030   Zero   RW         2136    .bss                RTX_CM4.lib(rt_list.o)
    0x2000360c        -       0x00000060   Zero   RW         2518    .bss                c_w.l(libspace.o)


    Execution Region ARM_LIB_HEAP (Exec base: 0x2000366c, Load base: 0x0000b0a4, Size: 0x00000400, Max: 0x00000400, ABSOLUTE)

    Exec Addr    Load Addr    Size         Type   Attr      Idx    E Section Name        Object

    0x2000366c        -       0x00000400   Zero   RW            1    ARM_LIB_HEAP.bss    anon$$obj.o


    Execution Region ARM_LIB_STACK (Exec base: 0x2002fc00, Load base: 0x0000b0a4, Size: 0x00000400, Max: 0x00000400, ABSOLUTE)

    Exec Addr    Load Addr    Size         Type   Attr      Idx    E Section Name        Object

    0x2002fc00        -       0x00000400   Zero   RW            2    ARM_LIB_STACK.bss   anon$$obj.o


==============================================================================

Image component sizes


      Code (inc. data)   RO Data    RW Data    ZI Data      Debug   Object Name

        24          0          0          0          0     480489   board.o
       296         48         56          0          0      12028   clock_config.o
      1644         42         24          0       1188      16912   eventrecorder.o
        68         44          0          0          0        669   fsl_assert.o
      4500        410         96         16          0      26859   fsl_clock.o
       904         98        103         16         28      12043   fsl_debug_console.o
       308        126         40          0          0       3095   fsl_gpio.o
       560         14          0         28          0       6100   fsl_smc.o
      1756         10          0          0          0       4021   fsl_str.o
      3924        426         56          4         24      57806   fsl_uart.o
         0          0          0          0          0      10252   generic_list.o
       308         92         16          6         24      27345   main.o
        14          0          0          2          0       3885   otg_fs_mk64f.o
      1020        114        118          0          0      13835   pin_mux.o
       200         34        104         20       5216       9017   rtx_conf_cm.o
       844         76         86          0          0       6164   serial_manager.o
       332         52         88          0          0       3945   serial_port_uart.o
       460        218       1040          0          0       3284   startup_mk64f12.o
       500         40          0          4          0       1524   system_mk64f12.o
       524         82        170          0          0       7443   uart_adapter.o
         2          0          0          0          0        580   usb_debug.o
      1148         38        694        148       4614      43187   usbd_config_0.o
      2804        140         80         21       3328      38491   usbd_fs_mk64f.o

    ----------------------------------------------------------------------
     22142       2104       2812        268      16624     788974   Object Totals
         0          0         32          0       2048          0   (incl. Generated)
         2          0          9          3        154          0   (incl. Padding)

    ----------------------------------------------------------------------

      Code (inc. data)   RO Data    RW Data    ZI Data      Debug   Library Member Name

       268         24          0          1          0       4472   hal_cm.o
       408         34          0          0          0        816   hal_cm4.o
      1996        216          0          8          0      51027   rt_cmsis.o
       272         18          0          0          0       2810   rt_event.o
       530         34          0          0         48       8601   rt_list.o
       554         10          0          0          0       4189   rt_mailbox.o
       140          0          0          0          0       2045   rt_membox.o
       128          0          0          0          0       2419   rt_memory.o
       352         14          0          0          0       2229   rt_mutex.o
        96         22          0          8          0       1230   rt_robin.o
       278         18          0          0          0       3782   rt_semaphore.o
       298         52          0          8          0       6439   rt_system.o
      1216        174          0          8         52      10045   rt_task.o
         6          0          0          4          0        692   rt_time.o
         4          4          0          0          0        200   svc_table.o
         0          0          4          0          0          0   usb_lib_ver.o
      3844        420          0         23          0       3216   usbd_lib_cdc.o
      4596        272          0         16          0       1812   usbd_lib_core.o
      1080         42          0          0          0        204   usbd_lib_core_cdc.o
       384         74          0          0          0        356   usbd_lib_core_device.o
      2266        214          0          0          0       1660   usbd_lib_drv.o
        58          0          0          0          0          0   __dczerorl.o
         8          0          0          0          0         68   __main.o
       104          0          0          0          0         84   __printf.o
         0          0          0          0          0          0   __rtentry.o
        20          0          0          0          0          0   __rtentry2.o
         8          4          0          0          0          0   __rtentry7.o
        52          8          0          0          0          0   __scatter.o
        28          0          0          0          0          0   __scatter_zi.o
        48          6          0          0          0         96   _printf_char_common.o
         6          0          0          0          0          0   _printf_d.o
       120         16          0          0          0         92   _printf_dec.o
       178          0          0          0          0         88   _printf_intcommon.o
         0          0          0          0          0          0   _printf_percent.o
         4          0          0          0          0          0   _printf_percent_end.o
        10          0          0          0          0         68   _sputc.o
        18          0          0          0          0         80   exit.o
         2          0          0          0          0          0   libinit.o
         6          0          0          0          0          0   libinit2.o
         2          0          0          0          0          0   libshutdown.o
         2          0          0          0          0          0   libshutdown2.o
         0          0          0          0         96          0   libspace.o
       238          0          0          0          0        100   lludivv7m.o
        40          6          0          0          0         84   noretval__2sprintf.o
        68          0          0          0          0         68   rt_memclr.o
        78          0          0          0          0         80   rt_memclr_w.o
       138          0          0          0          0         68   rt_memcpy_v6.o
       100          0          0          0          0         80   rt_memcpy_w.o
         2          0          0          0          0          0   rtexit.o
        10          0          0          0          0          0   rtexit2.o
        62          0          0          0          0         76   strlen.o
        10          0          0          0          0        116   fpinit.o

    ----------------------------------------------------------------------
     20174       1682          4         80        196     109492   Library Totals
        38          0          0          4          0          0   (incl. Padding)

    ----------------------------------------------------------------------

      Code (inc. data)   RO Data    RW Data    ZI Data      Debug   Library Name

      6546        620          0         37        100     100996   RTX_CM4.lib
     12170       1022          4         39          0       7248   USB_Dbg_CM3_L.lib
      1410         40          0          0         96       1132   c_w.l
        10          0          0          0          0        116   fz_wm.l

    ----------------------------------------------------------------------
     20174       1682          4         80        196     109492   Library Totals

    ----------------------------------------------------------------------

==============================================================================


      Code (inc. data)   RO Data    RW Data    ZI Data      Debug   

     42316       3786       2816        348      16820     879474   Grand Totals
     42316       3786       2816         88      16820     879474   ELF Image Totals (compressed)
     42316       3786       2816         88          0          0   ROM Totals

==============================================================================

    Total RO  Size (Code + RO Data)                45132 (  44.07kB)
    Total RW  Size (RW Data + ZI Data)             17168 (  16.77kB)
    Total ROM Size (Code + RO Data + RW Data)      45220 (  44.16kB)

==============================================================================

