Component: ARM Compiler 5.06 update 6 (build 750) Tool: armlink [4d35ed]

==============================================================================

Section Cross References

    board.o(.text) refers to fsl_clock.o(.text) for CLOCK_GetCoreSysClkFreq
    board.o(.text) refers to fsl_debug_console.o(.text) for DbgConsole_Init
    pin_mux.o(.text) refers to fsl_assert.o(.text) for __aeabi_assert
    pin_mux.o(.text) refers to fsl_gpio.o(.text) for GPIO_PinInit
    pin_mux.o(.text) refers to pin_mux.o(.constdata) for .constdata
    clock_config.o(.text) refers to fsl_clock.o(.text) for CLOCK_InitOsc0
    clock_config.o(.text) refers to fsl_smc.o(.text) for SMC_SetPowerModeVlpr
    clock_config.o(.text) refers to clock_config.o(.constdata) for oscConfig_BOARD_BootClockRUN
    clock_config.o(.text) refers to fsl_clock.o(.data) for g_xtal0Freq
    clock_config.o(.text) refers to system_mk64f12.o(.data) for SystemCoreClock
    main.o(.text) refers to _printf_percent.o(.ARM.Collect$$_printf_percent$$00000000) for _printf_percent
    main.o(.text) refers to _printf_d.o(.ARM.Collect$$_printf_percent$$00000009) for _printf_d
    main.o(.text) refers to _printf_dec.o(.text) for _printf_int_dec
    main.o(.text) refers to noretval__2sprintf.o(.text) for __2sprintf
    main.o(.text) refers to usbd_lib_cdc.o(i.USBD_CDC_ACM_WriteData) for USBD_CDC_ACM_WriteData
    main.o(.text) refers to rt_cmsis.o(i.osDelay) for osDelay
    main.o(.text) refers to pin_mux.o(.text) for BOARD_InitBootPins
    main.o(.text) refers to clock_config.o(.text) for BOARD_BootClockRUN
    main.o(.text) refers to board.o(.text) for BOARD_InitDebugConsole
    main.o(.text) refers to eventrecorder.o(.text) for EventRecorderInitialize
    main.o(.text) refers to noretval__2printf.o(.text) for __2printf
    main.o(.text) refers to usbd_lib_core.o(i.USBD_Initialize) for USBD_Initialize
    main.o(.text) refers to fsl_assert.o(.text) for __aeabi_assert
    main.o(.text) refers to usbd_lib_core.o(i.USBD_Connect) for USBD_Connect
    main.o(.text) refers to rt_cmsis.o(i.osKernelInitialize) for osKernelInitialize
    main.o(.text) refers to rt_cmsis.o(i.osThreadCreate) for osThreadCreate
    main.o(.text) refers to rt_cmsis.o(i.osKernelStart) for osKernelStart
    main.o(.text) refers to rt_cmsis.o(i.osSignalWait) for osSignalWait
    main.o(.text) refers to main.o(.data) for counter
    main.o(.text) refers to main.o(.bss) for buf
    main.o(.text) refers to main.o(.constdata) for os_thread_def_Message
    main.o(.constdata) refers to main.o(.text) for Message
    otg_fs_mk64f.o(.text) refers to usbd_fs_mk64f.o(.text) for USBD_FS_IRQ
    usbd_fs_mk64f.o(.text) refers to rt_memclr_w.o(.text) for __aeabi_memclr4
    usbd_fs_mk64f.o(.text) refers to rt_memcpy_v6.o(.text) for __aeabi_memcpy
    usbd_fs_mk64f.o(.text) refers to usbd_fs_mk64f.o(.data) for setup_packet
    usbd_fs_mk64f.o(.text) refers to usbd_fs_mk64f.o(.bss) for bd
    usbd_fs_mk64f.o(.text) refers to usbd_fs_mk64f.o(.constdata) for usbd_driver_version
    usbd_fs_mk64f.o(.text) refers to otg_fs_mk64f.o(.data) for otg_fs_state
    usbd_fs_mk64f.o(.text) refers to rt_cmsis.o(i.osDelay) for osDelay
    usbd_fs_mk64f.o(.constdata) refers to usbd_fs_mk64f.o(.text) for USBD_GetVersion
    rtx_conf_cm.o(.emb_text) refers to rt_cmsis.o(i.osKernelInitialize) for osKernelInitialize
    rtx_conf_cm.o(.emb_text) refers to rt_cmsis.o(i.osThreadCreate) for osThreadCreate
    rtx_conf_cm.o(.emb_text) refers to rt_cmsis.o(i.osKernelStart) for osKernelStart
    rtx_conf_cm.o(.emb_text) refers to exit.o(.text) for exit
    rtx_conf_cm.o(.emb_text) refers to rtx_conf_cm.o(.constdata) for os_thread_def_main
    rtx_conf_cm.o(.text) refers to rt_task.o(i.rt_tsk_self) for rt_tsk_self
    rtx_conf_cm.o(.text) refers to rt_mutex.o(i.rt_mut_init) for rt_mut_init
    rtx_conf_cm.o(.text) refers to rt_cmsis.o(.data) for os_running
    rtx_conf_cm.o(.text) refers to rtx_conf_cm.o(.bss) for .bss
    rtx_conf_cm.o(.text) refers to libspace.o(.bss) for __libspace_start
    rtx_conf_cm.o(.text) refers to rtx_conf_cm.o(.data) for .data
    rtx_conf_cm.o(.text) refers to rt_mutex.o(i.rt_mut_wait) for rt_mut_wait
    rtx_conf_cm.o(.text) refers to rt_mutex.o(i.rt_mut_release) for rt_mut_release
    rtx_conf_cm.o(.constdata) refers to rt_cmsis.o(i.osTimerThread) for osTimerThread
    rtx_conf_cm.o(.constdata) refers to rtx_conf_cm.o(.bss) for os_messageQ_q_osTimerMessageQ
    rtx_conf_cm.o(.constdata) refers to main.o(.text) for main
    eventrecorder.o(.text) refers to eventrecorder.o(.emb_text) for __asm___15_EventRecorder_c_e8d3082c__atomic_inc32
    eventrecorder.o(.text) refers to rt_memclr_w.o(.text) for __aeabi_memclr4
    eventrecorder.o(.text) refers to eventrecorder.o(.bss.noinit) for EventStatus
    eventrecorder.o(.text) refers to system_mk64f12.o(.data) for SystemCoreClock
    eventrecorder.o(.text) refers to eventrecorder.o(.constdata) for EventRecorderInfo
[...]
    USBD_CDC_Bulk_Thread                     0x00006b1d   Thumb Code    52  usbd_lib_cdc.o(i.USBD_CDC_Bulk_Thread)
    USBD_CDC_EndpointStart                   0x00006b99   Thumb Code   150  usbd_lib_cdc.o(i.USBD_CDC_EndpointStart)
    USBD_CDC_EndpointStop                    0x00006c45   Thumb Code    86  usbd_lib_cdc.o(i.USBD_CDC_EndpointStop)
    USBD_CDC_Initialize                      0x00007089   Thumb Code   146  usbd_lib_cdc.o(i.USBD_CDC_Initialize)
    USBD_CDC_Int_Thread                      0x00007135   Thumb Code   116  usbd_lib_cdc.o(i.USBD_CDC_Int_Thread)
    USBD_CDC_NCM_CoreGetCrcMode              0x000071ad   Thumb Code    44  usbd_lib_cdc.o(i.USBD_CDC_NCM_CoreGetCrcMode)
    USBD_CDC_NCM_CoreGetEthernetPowerManagementPatternFilter 0x000071e1   Thumb Code    52  usbd_lib_cdc.o(i.USBD_CDC_NCM_CoreGetEthernetPowerManagementPatternFilter)
    USBD_CDC_NCM_CoreGetEthernetStatistic    0x0000721d   Thumb Code    52  usbd_lib_cdc.o(i.USBD_CDC_NCM_CoreGetEthernetStatistic)
    USBD_CDC_NCM_CoreGetMaxDatagramSize      0x00007259   Thumb Code    44  usbd_lib_cdc.o(i.USBD_CDC_NCM_CoreGetMaxDatagramSize)
    USBD_CDC_NCM_CoreGetNetAddress           0x0000728d   Thumb Code    44  usbd_lib_cdc.o(i.USBD_CDC_NCM_CoreGetNetAddress)
    USBD_CDC_NCM_CoreGetNtbFormat            0x000072c1   Thumb Code    44  usbd_lib_cdc.o(i.USBD_CDC_NCM_CoreGetNtbFormat)
    USBD_CDC_NCM_CoreGetNtbInputSize         0x000072f5   Thumb Code    44  usbd_lib_cdc.o(i.USBD_CDC_NCM_CoreGetNtbInputSize)
    USBD_CDC_NCM_CoreGetNtbParameters        0x00007329   Thumb Code    44  usbd_lib_cdc.o(i.USBD_CDC_NCM_CoreGetNtbParameters)
    USBD_CDC_NCM_CoreSetCrcMode              0x0000735d   Thumb Code    58  usbd_lib_cdc.o(i.USBD_CDC_NCM_CoreSetCrcMode)
    USBD_CDC_NCM_CoreSetEthernetMulticastFilters 0x000073a5   Thumb Code    52  usbd_lib_cdc.o(i.USBD_CDC_NCM_CoreSetEthernetMulticastFilters)
    USBD_CDC_NCM_CoreSetEthernetPacketFilter 0x000073e1   Thumb Code    44  usbd_lib_cdc.o(i.USBD_CDC_NCM_CoreSetEthernetPacketFilter)
    USBD_CDC_NCM_CoreSetEthernetPowerManagementPatternFilter 0x00007415   Thumb Code    56  usbd_lib_cdc.o(i.USBD_CDC_NCM_CoreSetEthernetPowerManagementPatternFilter)
    USBD_CDC_NCM_CoreSetMaxDatagramSize      0x00007455   Thumb Code    56  usbd_lib_cdc.o(i.USBD_CDC_NCM_CoreSetMaxDatagramSize)
    USBD_CDC_NCM_CoreSetNetAddress           0x00007499   Thumb Code    44  usbd_lib_cdc.o(i.USBD_CDC_NCM_CoreSetNetAddress)
    USBD_CDC_NCM_CoreSetNtbFormat            0x000074cd   Thumb Code    58  usbd_lib_cdc.o(i.USBD_CDC_NCM_CoreSetNtbFormat)
    USBD_CDC_NCM_CoreSetNtbInputSize         0x00007515   Thumb Code    56  usbd_lib_cdc.o(i.USBD_CDC_NCM_CoreSetNtbInputSize)
    USBD_CDC_Reset                           0x00007559   Thumb Code   270  usbd_lib_cdc.o(i.USBD_CDC_Reset)
    USBD_CDC_Uninitialize                    0x00007685   Thumb Code   148  usbd_lib_cdc.o(i.USBD_CDC_Uninitialize)
    USBD_Connect                             0x000077bd   Thumb Code    50  usbd_lib_core.o(i.USBD_Connect)
    USBD_Core_Endpoint0_InDataSent           0x00007909   Thumb Code    68  usbd_lib_core_device.o(i.USBD_Core_Endpoint0_InDataSent)
    USBD_Core_Endpoint0_OutDataReceived      0x0000795d   Thumb Code    68  usbd_lib_core_device.o(i.USBD_Core_Endpoint0_OutDataReceived)
    USBD_Core_Endpoint0_SetupPacketProcessed 0x000079b1   Thumb Code    74  usbd_lib_core_device.o(i.USBD_Core_Endpoint0_SetupPacketProcessed)
    USBD_Core_Endpoint0_SetupPacketReceived  0x00007a11   Thumb Code   100  usbd_lib_core_device.o(i.USBD_Core_Endpoint0_SetupPacketReceived)
    USBD_Core_Thread                         0x00007a89   Thumb Code   134  usbd_lib_core.o(i.USBD_Core_Thread)
    USBD_DataInStage                         0x00007b1d   Thumb Code    96  usbd_lib_core.o(i.USBD_DataInStage)
    USBD_DataOutStage                        0x00007b81   Thumb Code    38  usbd_lib_core.o(i.USBD_DataOutStage)
    USBD_DriverDeviceConnect                 0x00007bad   Thumb Code   114  usbd_lib_drv.o(i.USBD_DriverDeviceConnect)
    USBD_DriverDeviceSetAddress              0x00007c2d   Thumb Code   122  usbd_lib_drv.o(i.USBD_DriverDeviceSetAddress)
    USBD_DriverEndpointConfigure             0x00007cb5   Thumb Code   242  usbd_lib_drv.o(i.USBD_DriverEndpointConfigure)
    USBD_DriverEndpointStall                 0x00007db9   Thumb Code   214  usbd_lib_drv.o(i.USBD_DriverEndpointStall)
    USBD_DriverEndpointTransfer              0x00007ea1   Thumb Code   262  usbd_lib_drv.o(i.USBD_DriverEndpointTransfer)
    USBD_DriverEndpointTransferAbort         0x00007fb9   Thumb Code   198  usbd_lib_drv.o(i.USBD_DriverEndpointTransferAbort)
    USBD_DriverEndpointTransferGetResult     0x0000808d   Thumb Code   120  usbd_lib_drv.o(i.USBD_DriverEndpointTransferGetResult)
    USBD_DriverEndpointUnconfigure           0x00008115   Thumb Code   200  usbd_lib_drv.o(i.USBD_DriverEndpointUnconfigure)
    USBD_DriverGetCapabilities               0x000081ed   Thumb Code    12  usbd_lib_drv.o(i.USBD_DriverGetCapabilities)
    USBD_DriverGetVersion                    0x000081fd   Thumb Code    12  usbd_lib_drv.o(i.USBD_DriverGetVersion)
    USBD_DriverInitialize                    0x0000820d   Thumb Code   122  usbd_lib_drv.o(i.USBD_DriverInitialize)
    USBD_DriverPowerControl                  0x00008295   Thumb Code   122  usbd_lib_drv.o(i.USBD_DriverPowerControl)
    USBD_DriverReadSetupPacket               0x0000831d   Thumb Code   126  usbd_lib_drv.o(i.USBD_DriverReadSetupPacket)
    USBD_Endpoint0_Out_CDC_ReqToIF           0x000087e1   Thumb Code   242  usbd_lib_core_cdc.o(i.USBD_Endpoint0_Out_CDC_ReqToIF)
    USBD_Endpoint0_Setup_CDC_ReqToIF         0x000088e5   Thumb Code   802  usbd_lib_core_cdc.o(i.USBD_Endpoint0_Setup_CDC_ReqToIF)
    USBD_Initialize                          0x00008c19   Thumb Code   444  usbd_lib_core.o(i.USBD_Initialize)
    USBD_SignalDeviceEvent                   0x00009675   Thumb Code    32  usbd_lib_drv.o(i.USBD_SignalDeviceEvent)
    USBD_SignalEndpointEvent                 0x0000969d   Thumb Code    78  usbd_lib_drv.o(i.USBD_SignalEndpointEvent)
    USBD_StatusInStage                       0x000096fd   Thumb Code    10  usbd_lib_core.o(i.USBD_StatusInStage)
    USBD_StatusInStageDone                   0x00009707   Thumb Code    16  usbd_lib_core.o(i.USBD_StatusInStageDone)
    USBD_StatusOutStage                      0x00009717   Thumb Code    10  usbd_lib_core.o(i.USBD_StatusOutStage)
    USBD_StatusOutStageDone                  0x00009721   Thumb Code    42  usbd_lib_core.o(i.USBD_StatusOutStageDone)
    _init_box                                0x00009751   Thumb Code    70  rt_membox.o(i._init_box)
    dbg_init                                 0x00009799   Thumb Code    34  hal_cm.o(i.dbg_init)
    dbg_task_notify                          0x000097c9   Thumb Code    32  hal_cm.o(i.dbg_task_notify)
    dbg_task_switch                          0x000097e9   Thumb Code    16  hal_cm.o(i.dbg_task_switch)
    _fputc$unlocked                          0x000097f9   Thumb Code    26  fputc.o(i.fputc)
    isrMessageGet                            0x00009813   Thumb Code    42  rt_cmsis.o(i.isrMessageGet)
    isrMessagePut                            0x0000983d   Thumb Code    44  rt_cmsis.o(i.isrMessagePut)
    isrSemaphoreRelease                      0x00009869   Thumb Code    40  rt_cmsis.o(i.isrSemaphoreRelease)
    isrSignalSet                             0x00009891   Thumb Code    36  rt_cmsis.o(i.isrSignalSet)
    isr_evt_set                              0x000098b5   Thumb Code    34  rt_event.o(i.isr_evt_set)
    isr_mbx_receive                          0x000098dd   Thumb Code    86  rt_mailbox.o(i.isr_mbx_receive)
    isr_mbx_send                             0x00009933   Thumb Code    14  rt_mailbox.o(i.isr_mbx_send)
    isr_sem_send                             0x00009941   Thumb Code    16  rt_semaphore.o(i.isr_sem_send)
    osDelay                                  0x00009951   Thumb Code    18  rt_cmsis.o(i.osDelay)
    osKernelInitialize                       0x00009969   Thumb Code    30  rt_cmsis.o(i.osKernelInitialize)
    osKernelStart                            0x0000998d   Thumb Code    98  rt_cmsis.o(i.osKernelStart)
    osMessageGet                             0x000099f9   Thumb Code    18  rt_cmsis.o(i.osMessageGet)
    osSemaphoreCreate                        0x00009a11   Thumb Code    36  rt_cmsis.o(i.osSemaphoreCreate)
    osSemaphoreDelete                        0x00009a3d   Thumb Code    18  rt_cmsis.o(i.osSemaphoreDelete)
    osSemaphoreRelease                       0x00009a55   Thumb Code    18  rt_cmsis.o(i.osSemaphoreRelease)
    osSemaphoreWait                          0x00009a6d   Thumb Code    20  rt_cmsis.o(i.osSemaphoreWait)
    osSignalSet                              0x00009a85   Thumb Code    18  rt_cmsis.o(i.osSignalSet)
    osSignalWait                             0x00009a9d   Thumb Code    18  rt_cmsis.o(i.osSignalWait)
    osThreadCreate                           0x00009ab5   Thumb Code    36  rt_cmsis.o(i.osThreadCreate)
    osThreadExit                             0x00009ae1   Thumb Code    14  rt_cmsis.o(i.osThreadExit)
    osThreadTerminate                        0x00009af9   Thumb Code    18  rt_cmsis.o(i.osThreadTerminate)
    osTimerCall                              0x00009b11   Thumb Code     8  rt_cmsis.o(i.osTimerCall)
    osTimerDelete                            0x00009b1d   Thumb Code    18  rt_cmsis.o(i.osTimerDelete)
    osTimerStart                             0x00009b35   Thumb Code    18  rt_cmsis.o(i.osTimerStart)
    osTimerStop                              0x00009b4d   Thumb Code    18  rt_cmsis.o(i.osTimerStop)
    osTimerThread                            0x00009b65   Thumb Code    38  rt_cmsis.o(i.osTimerThread)
    os_tick_init                             0x00009b91   Thumb Code    32  rt_system.o(i.os_tick_init)
    os_tick_irqack                           0x00009bb9   Thumb Code     2  rt_system.o(i.os_tick_irqack)
    rt_alloc_box                             0x00009bbb   Thumb Code    26  rt_membox.o(i.rt_alloc_box)
    rt_alloc_mem                             0x00009bd5   Thumb Code    62  rt_memory.o(i.rt_alloc_mem)
    rt_block                                 0x00009c15   Thumb Code    48  rt_task.o(i.rt_block)
    rt_chk_robin                             0x00009c4d   Thumb Code    60  rt_robin.o(i.rt_chk_robin)
    rt_dec_dly                               0x00009c95   Thumb Code   102  rt_list.o(i.rt_dec_dly)
    rt_dispatch                              0x00009d05   Thumb Code    60  rt_task.o(i.rt_dispatch)
    rt_dly_wait                              0x00009d49   Thumb Code     6  rt_time.o(i.rt_dly_wait)
    rt_evt_psh                               0x00009d51   Thumb Code    76  rt_event.o(i.rt_evt_psh)
    rt_evt_set                               0x00009da1   Thumb Code    88  rt_event.o(i.rt_evt_set)
    rt_evt_wait                              0x00009dfd   Thumb Code    56  rt_event.o(i.rt_evt_wait)
    rt_free_box                              0x00009e39   Thumb Code    44  rt_membox.o(i.rt_free_box)
    rt_free_mem                              0x00009e65   Thumb Code    40  rt_memory.o(i.rt_free_mem)
    rt_get_first                             0x00009e8d   Thumb Code    40  rt_list.o(i.rt_get_first)
    rt_init_mem                              0x00009f05   Thumb Code    26  rt_memory.o(i.rt_init_mem)
    rt_init_robin                            0x00009f21   Thumb Code    14  rt_robin.o(i.rt_init_robin)
    rt_init_stack                            0x00009f39   Thumb Code   118  hal_cm.o(i.rt_init_stack)
    rt_mbx_check                             0x00009fb9   Thumb Code     8  rt_mailbox.o(i.rt_mbx_check)
    rt_mbx_init                              0x00009fc1   Thumb Code    26  rt_mailbox.o(i.rt_mbx_init)
    rt_mbx_psh                               0x00009fdd   Thumb Code   236  rt_mailbox.o(i.rt_mbx_psh)
    rt_mbx_wait                              0x0000a0cd   Thumb Code   174  rt_mailbox.o(i.rt_mbx_wait)
    rt_mut_init                              0x0000a1c5   Thumb Code    16  rt_mutex.o(i.rt_mut_init)
    rt_mut_release                           0x0000a1d5   Thumb Code   208  rt_mutex.o(i.rt_mut_release)
    rt_mut_wait                              0x0000a2ad   Thumb Code   114  rt_mutex.o(i.rt_mut_wait)
    rt_pop_req                               0x0000a325   Thumb Code   112  rt_system.o(i.rt_pop_req)
    rt_psh_req                               0x0000a3a1   Thumb Code    22  rt_system.o(i.rt_psh_req)
    rt_psq_enq                               0x0000a3c1   Thumb Code    88  rt_list.o(i.rt_psq_enq)
    rt_put_dly                               0x0000a41d   Thumb Code    68  rt_list.o(i.rt_put_dly)
    rt_put_prio                              0x0000a465   Thumb Code    54  rt_list.o(i.rt_put_prio)
    rt_put_rdy_first                         0x0000a49d   Thumb Code    14  rt_list.o(i.rt_put_rdy_first)
    rt_resort_prio                           0x0000a4b1   Thumb Code    46  rt_list.o(i.rt_resort_prio)
    rt_ret_val                               0x0000a4f5   Thumb Code    12  hal_cm.o(i.rt_ret_val)
    rt_ret_val2                              0x0000a501   Thumb Code    16  hal_cm.o(i.rt_ret_val2)
    rt_rmv_dly                               0x0000a511   Thumb Code    40  rt_list.o(i.rt_rmv_dly)
    rt_rmv_list                              0x0000a539   Thumb Code    44  rt_list.o(i.rt_rmv_list)
    rt_sem_delete                            0x0000a569   Thumb Code    84  rt_semaphore.o(i.rt_sem_delete)
    rt_sem_init                              0x0000a5c5   Thumb Code    12  rt_semaphore.o(i.rt_sem_init)
    rt_sem_psh                               0x0000a5d1   Thumb Code    48  rt_semaphore.o(i.rt_sem_psh)
    rt_sem_send                              0x0000a605   Thumb Code    42  rt_semaphore.o(i.rt_sem_send)
    rt_sem_wait                              0x0000a631   Thumb Code    58  rt_semaphore.o(i.rt_sem_wait)
    rt_stk_check                             0x0000a671   Thumb Code    28  rt_system.o(i.rt_stk_check)
    rt_switch_req                            0x0000a695   Thumb Code    30  rt_task.o(i.rt_switch_req)
    rt_sys_init                              0x0000a6bd   Thumb Code   138  rt_task.o(i.rt_sys_init)
    rt_sys_start                             0x0000a789   Thumb Code   110  rt_task.o(i.rt_sys_start)
    rt_systick                               0x0000a801   Thumb Code    50  rt_system.o(i.rt_systick)
    rt_tsk_create                            0x0000a8c5   Thumb Code   118  rt_task.o(i.rt_tsk_create)
    rt_tsk_delete                            0x0000a94d   Thumb Code   352  rt_task.o(i.rt_tsk_delete)
    rt_tsk_prio                              0x0000aac9   Thumb Code   108  rt_task.o(i.rt_tsk_prio)
    rt_tsk_self                              0x0000ab45   Thumb Code    12  rt_task.o(i.rt_tsk_self)
    svcDelay                                 0x0000ab55   Thumb Code    18  rt_cmsis.o(i.svcDelay)
    svcKernelInitialize                      0x0000ab69   Thumb Code    80  rt_cmsis.o(i.svcKernelInitialize)
    svcKernelStart                           0x0000abd9   Thumb Code    62  rt_cmsis.o(i.svcKernelStart)
    svcMessageCreate                         0x0000ac21   Thumb Code    36  rt_cmsis.o(i.svcMessageCreate)
    svcMessageGet                            0x0000ac45   Thumb Code    58  rt_cmsis.o(i.svcMessageGet)
    svcSemaphoreCreate                       0x0000ac7f   Thumb Code    36  rt_cmsis.o(i.svcSemaphoreCreate)
    svcSemaphoreDelete                       0x0000aca3   Thumb Code    26  rt_cmsis.o(i.svcSemaphoreDelete)
    svcSemaphoreRelease                      0x0000acbd   Thumb Code    40  rt_cmsis.o(i.svcSemaphoreRelease)
    svcSemaphoreWait                         0x0000ace5   Thumb Code    50  rt_cmsis.o(i.svcSemaphoreWait)
    svcSignalSet                             0x0000ad17   Thumb Code    36  rt_cmsis.o(i.svcSignalSet)
    svcSignalWait                            0x0000ad3d   Thumb Code    80  rt_cmsis.o(i.svcSignalWait)
    svcThreadCreate                          0x0000ad91   Thumb Code    96  rt_cmsis.o(i.svcThreadCreate)
    svcThreadGetId                           0x0000adfd   Thumb Code    22  rt_cmsis.o(i.svcThreadGetId)
    svcThreadTerminate                       0x0000ae19   Thumb Code    50  rt_cmsis.o(i.svcThreadTerminate)
    svcTimerCall                             0x0000ae51   Thumb Code    24  rt_cmsis.o(i.svcTimerCall)
    svcTimerDelete                           0x0000ae69   Thumb Code    40  rt_cmsis.o(i.svcTimerDelete)
    svcTimerStart                            0x0000ae91   Thumb Code    96  rt_cmsis.o(i.svcTimerStart)
    svcTimerStop                             0x0000aef5   Thumb Code    36  rt_cmsis.o(i.svcTimerStop)
    sysTimerTick                             0x0000af19   Thumb Code    84  rt_cmsis.o(i.sysTimerTick)
    _fp_init                                 0x0000af75   Thumb Code    10  fpinit.o(x$fpl$fpinit)
    __fplib_config_fpu_vfp                   0x0000af7d   Thumb Code     0  fpinit.o(x$fpl$fpinit)
    __fplib_config_pureend_doubles           0x0000af7d   Thumb Code     0  fpinit.o(x$fpl$fpinit)
    mcgConfig_BOARD_BootClockRUN             0x0000aff8   Data          11  clock_config.o(.constdata)
    simConfig_BOARD_BootClockRUN             0x0000b004   Data           8  clock_config.o(.constdata)
    oscConfig_BOARD_BootClockRUN             0x0000b00c   Data           8  clock_config.o(.constdata)
    mcgConfig_BOARD_BootClockVLPR            0x0000b014   Data          11  clock_config.o(.constdata)
    simConfig_BOARD_BootClockVLPR            0x0000b020   Data           8  clock_config.o(.constdata)
    oscConfig_BOARD_BootClockVLPR            0x0000b028   Data           8  clock_config.o(.constdata)
    os_thread_def_Message                    0x0000b030   Data          16  main.o(.constdata)
    Driver_USBD0                             0x0000b048   Data          72  usbd_fs_mk64f.o(.constdata)
    os_maxtaskrun                            0x0000b090   Data           2  rtx_conf_cm.o(.constdata)
    os_stackinfo                             0x0000b094   Data           4  rtx_conf_cm.o(.constdata)
    os_rrobin                                0x0000b098   Data           4  rtx_conf_cm.o(.constdata)
    os_tickfreq                              0x0000b09c   Data           4  rtx_conf_cm.o(.constdata)
    os_tickus_i                              0x0000b0a0   Data           2  rtx_conf_cm.o(.constdata)
    os_tickus_f                              0x0000b0a2   Data           2  rtx_conf_cm.o(.constdata)
    os_trv                                   0x0000b0a4   Data           4  rtx_conf_cm.o(.constdata)
    os_flags                                 0x0000b0a8   Data           1  rtx_conf_cm.o(.constdata)
    CMSIS_RTOS_API_Version                   0x0000b0ac   Data           4  rtx_conf_cm.o(.constdata)
    CMSIS_RTOS_RTX_Version                   0x0000b0b0   Data           4  rtx_conf_cm.o(.constdata)
    os_clockrate                             0x0000b0b4   Data           4  rtx_conf_cm.o(.constdata)
    os_timernum                              0x0000b0b8   Data           4  rtx_conf_cm.o(.constdata)
    mp_tcb_size                              0x0000b0bc   Data           2  rtx_conf_cm.o(.constdata)
    mp_stk_size                              0x0000b0c0   Data           4  rtx_conf_cm.o(.constdata)
    os_stack_sz                              0x0000b0c4   Data           4  rtx_conf_cm.o(.constdata)
    os_fifo_size                             0x0000b0c8   Data           1  rtx_conf_cm.o(.constdata)
    os_thread_def_osTimerThread              0x0000b0cc   Data          16  rtx_conf_cm.o(.constdata)
    os_messageQ_def_osTimerMessageQ          0x0000b0dc   Data           8  rtx_conf_cm.o(.constdata)
    mp_tmr_size                              0x0000b0e4   Data           2  rtx_conf_cm.o(.constdata)
    os_thread_def_main                       0x0000b0e8   Data          16  rtx_conf_cm.o(.constdata)
    EventRecorderInfo                        0x0000b0f8   Data          24  eventrecorder.o(.constdata)
    __stdin_name                             0x0000b110   Data           7  retarget_io.o(.constdata)
    __stdout_name                            0x0000b117   Data           8  retarget_io.o(.constdata)
    __stderr_name                            0x0000b11f   Data           8  retarget_io.o(.constdata)
    usbd0_dev                                0x0000b210   Data          28  usbd_config_0.o(.constdata)
    os_thread_def_USBD0_Core_Thread          0x0000b22c   Data          16  usbd_config_0.o(.constdata)
    usbd_dev_num                             0x0000b23c   Data           1  usbd_config_0.o(.constdata)
    usbd_dev_ptr                             0x0000b240   Data           4  usbd_config_0.o(.constdata)
    usbd_cdc_num                             0x0000b244   Data           1  usbd_config_0.o(.constdata)
    usbd_cdc                                 0x0000b248   Data          72  usbd_config_0.o(.constdata)
    usbd_cdc_ptr                             0x0000b290   Data           4  usbd_config_0.o(.constdata)
    os_thread_def_USBD_CDC0_Int_Thread       0x0000b298   Data          16  usbd_config_0.o(.constdata)
    os_thread_def_USBD_CDC0_Bulk_Thread      0x0000b2a8   Data          16  usbd_config_0.o(.constdata)
    os_semaphore_def_usbd0_driver_semaphore  0x0000b2c0   Data           4  usbd_config_0.o(.constdata)
    os_semaphore_def_usbd0_driver_ep0out_semaphore 0x0000b2c4   Data           4  usbd_config_0.o(.constdata)
    os_semaphore_def_usbd0_driver_ep0in_semaphore 0x0000b2c8   Data           4  usbd_config_0.o(.constdata)
    os_semaphore_def_usbd0_driver_ep1out_semaphore 0x0000b2cc   Data           4  usbd_config_0.o(.constdata)
    os_semaphore_def_usbd0_driver_ep1in_semaphore 0x0000b2d0   Data           4  usbd_config_0.o(.constdata)
    os_semaphore_def_usbd0_driver_ep2out_semaphore 0x0000b2d4   Data           4  usbd_config_0.o(.constdata)
    os_semaphore_def_usbd0_driver_ep2in_semaphore 0x0000b2d8   Data           4  usbd_config_0.o(.constdata)
    usbd_ep_max_num                          0x0000b2f8   Data           1  usbd_config_0.o(.constdata)
    usbd_cb_device_event_ptr                 0x0000b2fc   Data           4  usbd_config_0.o(.constdata)
    usbd_cb_endpoint_event_ptr               0x0000b300   Data           4  usbd_config_0.o(.constdata)
    fpUSBD_CDC_ACM_Initialize                0x0000b304   Data           4  usbd_config_0.o(.constdata)
    fpUSBD_CDC_ACM_Uninitialize              0x0000b308   Data           4  usbd_config_0.o(.constdata)
    fpUSBD_CDC_ACM_Reset                     0x0000b30c   Data           4  usbd_config_0.o(.constdata)
    fpUSBD_CDC_ACM_SendEncapsulatedCommand   0x0000b310   Data           4  usbd_config_0.o(.constdata)
    fpUSBD_CDC_ACM_GetEncapsulatedResponse   0x0000b314   Data           4  usbd_config_0.o(.constdata)
    fpUSBD_CDC_ACM_SetLineCoding             0x0000b318   Data           4  usbd_config_0.o(.constdata)
    fpUSBD_CDC_ACM_GetLineCoding             0x0000b31c   Data           4  usbd_config_0.o(.constdata)
    fpUSBD_CDC_ACM_SetControlLineState       0x0000b320   Data           4  usbd_config_0.o(.constdata)
    fpUSBD_CDC_ACM_DataReceived              0x0000b324   Data           4  usbd_config_0.o(.constdata)
    fpUSBD_CDC_ACM_DataSent                  0x0000b328   Data           4  usbd_config_0.o(.constdata)
    fpUSBD_CDC_NCM_Initialize                0x0000b32c   Data           4  usbd_config_0.o(.constdata)
    fpUSBD_CDC_NCM_Uninitialize              0x0000b330   Data           4  usbd_config_0.o(.constdata)
    fpUSBD_CDC_NCM_Reset                     0x0000b334   Data           4  usbd_config_0.o(.constdata)
    fpUSBD_CDC_NCM_Start                     0x0000b338   Data           4  usbd_config_0.o(.constdata)
    fpUSBD_CDC_NCM_Stop                      0x0000b33c   Data           4  usbd_config_0.o(.constdata)
    fpUSBD_CDC_NCM_SetEthernetMulticastFilters 0x0000b340   Data           4  usbd_config_0.o(.constdata)
    fpUSBD_CDC_NCM_SetEthernetPowerManagementPatternFilter 0x0000b344   Data           4  usbd_config_0.o(.constdata)
    fpUSBD_CDC_NCM_GetEthernetPowerManagementPatternFilter 0x0000b348   Data           4  usbd_config_0.o(.constdata)
    fpUSBD_CDC_NCM_SetEthernetPacketFilter   0x0000b34c   Data           4  usbd_config_0.o(.constdata)
    fpUSBD_CDC_NCM_GetEthernetStatistic      0x0000b350   Data           4  usbd_config_0.o(.constdata)
    fpUSBD_CDC_NCM_GetNtbParameters          0x0000b354   Data           4  usbd_config_0.o(.constdata)
    fpUSBD_CDC_NCM_GetNetAddress             0x0000b358   Data           4  usbd_config_0.o(.constdata)
    fpUSBD_CDC_NCM_SetNetAddress             0x0000b35c   Data           4  usbd_config_0.o(.constdata)
    fpUSBD_CDC_NCM_GetNtbFormat              0x0000b360   Data           4  usbd_config_0.o(.constdata)
    fpUSBD_CDC_NCM_SetNtbFormat              0x0000b364   Data           4  usbd_config_0.o(.constdata)
    fpUSBD_CDC_NCM_GetNtbInputSize           0x0000b368   Data           4  usbd_config_0.o(.constdata)
    fpUSBD_CDC_NCM_SetNtbInputSize           0x0000b36c   Data           4  usbd_config_0.o(.constdata)
    fpUSBD_CDC_NCM_GetMaxDatagramSize        0x0000b370   Data           4  usbd_config_0.o(.constdata)
    fpUSBD_CDC_NCM_SetMaxDatagramSize        0x0000b374   Data           4  usbd_config_0.o(.constdata)
    fpUSBD_CDC_NCM_GetCrcMode                0x0000b378   Data           4  usbd_config_0.o(.constdata)
    fpUSBD_CDC_NCM_SetCrcMode                0x0000b37c   Data           4  usbd_config_0.o(.constdata)
    fpUSBD_CDC_NCM_NTB_IN_Sent               0x0000b380   Data           4  usbd_config_0.o(.constdata)
    fpUSBD_CDC_NCM_NTB_OUT_Received          0x0000b384   Data           4  usbd_config_0.o(.constdata)
    fpUSBD_Device_Initialize                 0x0000b388   Data           4  usbd_config_0.o(.constdata)
    fpUSBD_Device_Uninitialize               0x0000b38c   Data           4  usbd_config_0.o(.constdata)
    fpUSBD_Device_VbusChanged                0x0000b390   Data           4  usbd_config_0.o(.constdata)
    fpUSBD_Device_Reset                      0x0000b394   Data           4  usbd_config_0.o(.constdata)
    fpUSBD_Device_HighSpeedActivated         0x0000b398   Data           4  usbd_config_0.o(.constdata)
    fpUSBD_Device_Suspended                  0x0000b39c   Data           4  usbd_config_0.o(.constdata)
    fpUSBD_Device_Resumed                    0x0000b3a0   Data           4  usbd_config_0.o(.constdata)
    fpUSBD_Device_ConfigurationChanged       0x0000b3a4   Data           4  usbd_config_0.o(.constdata)
    fpUSBD_Device_EnableRemoteWakeup         0x0000b3a8   Data           4  usbd_config_0.o(.constdata)
    fpUSBD_Device_DisableRemoteWakeup        0x0000b3ac   Data           4  usbd_config_0.o(.constdata)
    fpUSBD_Device_Endpoint0_SetupPacketReceived 0x0000b3b0   Data           4  usbd_config_0.o(.constdata)
    fpUSBD_Device_Endpoint0_SetupPacketProcessed 0x0000b3b4   Data           4  usbd_config_0.o(.constdata)
    fpUSBD_Device_Endpoint0_OutDataReceived  0x0000b3b8   Data           4  usbd_config_0.o(.constdata)
    fpUSBD_Device_Endpoint0_InDataSent       0x0000b3bc   Data           4  usbd_config_0.o(.constdata)
    usbd0_ep0_descriptor                     0x0000b3c0   Data           7  usbd_config_0.o(.constdata)
    usbd0_device_descriptor                  0x0000b3c8   Data          18  usbd_config_0.o(.constdata)
    usbd0_config_descriptor_fs               0x0000b3dc   Data          68  usbd_config_0.o(.constdata)
    usbd0_device_qualifier_fs                0x0000b420   Data           1  usbd_config_0.o(.constdata)
    usbd0_device_qualifier_hs                0x0000b421   Data           1  usbd_config_0.o(.constdata)
    usbd0_config_descriptor_hs               0x0000b422   Data           1  usbd_config_0.o(.constdata)
    usbd0_other_speed_config_descriptor_fs   0x0000b423   Data           1  usbd_config_0.o(.constdata)
    usbd0_other_speed_config_descriptor_hs   0x0000b424   Data           1  usbd_config_0.o(.constdata)
    usbd0_string_descriptor                  0x0000b428   Data         139  usbd_config_0.o(.constdata)
    Region$$Table$$Base                      0x0000b664   Number         0  anon$$obj.o(Region$$Table)
    Region$$Table$$Limit                     0x0000b684   Number         0  anon$$obj.o(Region$$Table)
    usb_lib_version                          0x0000b684   Data           4  usb_lib_ver.o(__MW_USB_LIB_VERSION_6.13.6)
    TID_Message                              0x20000000   Data           4  main.o(.data)
    otg_fs_role                              0x20000006   Data           1  otg_fs_mk64f.o(.data)
    otg_fs_state                             0x20000007   Data           1  otg_fs_mk64f.o(.data)
    osThreadId_osTimerThread                 0x20000020   Data           4  rtx_conf_cm.o(.data)
    osMessageQId_osTimerMessageQ             0x20000024   Data           4  rtx_conf_cm.o(.data)
    os_tmr                                   0x20000028   Data           4  rtx_conf_cm.o(.data)
    m_tmr                                    0x2000002c   Data           4  rtx_conf_cm.o(.data)
    ITM_RxBuffer                             0x20000034   Data           4  retarget_io.o(.data)
    g_xtal0Freq                              0x20000040   Data           4  fsl_clock.o(.data)
    g_xtal32Freq                             0x20000044   Data           4  fsl_clock.o(.data)
    g_serialHandle                           0x2000006c   Data           4  fsl_debug_console.o(.data)
    SystemCoreClock                          0x20000070   Data           4  system_mk64f12.o(.data)
    usbd0_alt_setting                        0x20000074   Data           2  usbd_config_0.o(.data)
    usbd_core_thread_id                      0x20000078   Data           4  usbd_config_0.o(.data)
    usbd_driver_semaphore_id                 0x2000007c   Data           4  usbd_config_0.o(.data)
    usbd_cdc_int_thread_id                   0x20000080   Data           4  usbd_config_0.o(.data)
    usbd_cdc_bulk_thread_id                  0x20000084   Data           4  usbd_config_0.o(.data)
    os_semaphore_cb_usbd0_driver_semaphore   0x20000088   Data           8  usbd_config_0.o(.data)
    os_semaphore_cb_usbd0_driver_ep0out_semaphore 0x20000090   Data           8  usbd_config_0.o(.data)
    os_semaphore_cb_usbd0_driver_ep0in_semaphore 0x20000098   Data           8  usbd_config_0.o(.data)
    os_semaphore_cb_usbd0_driver_ep1out_semaphore 0x200000a0   Data           8  usbd_config_0.o(.data)
    os_semaphore_cb_usbd0_driver_ep1in_semaphore 0x200000a8   Data           8  usbd_config_0.o(.data)
    os_semaphore_cb_usbd0_driver_ep2out_semaphore 0x200000b0   Data           8  usbd_config_0.o(.data)
    os_semaphore_cb_usbd0_driver_ep2in_semaphore 0x200000b8   Data           8  usbd_config_0.o(.data)
    usbd_ep_thread_id_ptr                    0x200000c0   Data          12  usbd_config_0.o(.data)
    usbd_drv_version                         0x200000cc   Data           4  usbd_config_0.o(.data)
    usbd_capabilities                        0x200000d0   Data           4  usbd_config_0.o(.data)
    usbd0_desc                               0x200000d4   Data          48  usbd_config_0.o(.data)
    usbd_desc_ptr                            0x20000104   Data           4  usbd_config_0.o(.data)
    os_initialized                           0x20000108   Data           1  rt_cmsis.o(.data)
    os_running                               0x20000109   Data           1  rt_cmsis.o(.data)
    os_timer_head                            0x2000010c   Data           4  rt_cmsis.o(.data)
    os_tsk                                   0x20000110   Data           8  rt_task.o(.data)
    os_tick_irqn                             0x20000144   Data           4  rt_system.o(.data)
    os_time                                  0x20000148   Data           4  rt_time.o(.data)
    os_robin                                 0x2000014c   Data           8  rt_robin.o(.data)
    dbg_msg                                  0x20000154   Data           1  hal_cm.o(.data)
    __aeabi_stdin                            0x20000158   Data           4  stdio_streams.o(.data)
    __aeabi_stdout                           0x2000015c   Data           4  stdio_streams.o(.data)
    __aeabi_stderr                           0x20000160   Data           4  stdio_streams.o(.data)
    _stream_list_lock                        0x20000164   Data           4  streamlock.o(.data)
    mp_tcb                                   0x20000f00   Data         376  rtx_conf_cm.o(.bss)
    mp_stk                                   0x20001078   Data        1040  rtx_conf_cm.o(.bss)
    os_stack_mem                             0x20001488   Data        2808  rtx_conf_cm.o(.bss)
    os_fifo                                  0x20001f80   Data         132  rtx_conf_cm.o(.bss)
    os_active_TCB                            0x20002004   Data          28  rtx_conf_cm.o(.bss)
    os_messageQ_q_osTimerMessageQ            0x20002020   Data          32  rtx_conf_cm.o(.bss)
    usbd0_ep0_buf                            0x200023a0   Data         128  usbd_config_0.o(.bss)
    usbd0_data                               0x20002420   Data         176  usbd_config_0.o(.bss)
    usbd_driver_ep_semaphore_id              0x200024d0   Data          24  usbd_config_0.o(.bss)
    usbd_cdc0_send_buf                       0x200024e8   Data        1024  usbd_config_0.o(.bss)
    usbd_cdc0_receive_buf                    0x200028e8   Data        2048  usbd_config_0.o(.bss)
    usbd_cdc0_notify_buf                     0x200030e8   Data          10  usbd_config_0.o(.bss)
    usbd_cdc0_send_mps_buf                   0x200030f4   Data         512  usbd_config_0.o(.bss)
    usbd_cdc0_receive_mps_buf                0x20003300   Data         512  usbd_config_0.o(.bss)
    usbd_cdc_data                            0x20003500   Data         132  usbd_config_0.o(.bss)
    os_idle_TCB                              0x200035a8   Data          52  rt_task.o(.bss)
    os_rdy                                   0x200035dc   Data          24  rt_list.o(.bss)
    os_dly                                   0x200035f4   Data          24  rt_list.o(.bss)
    __libspace_start                         0x2000360c   Data          96  libspace.o(.bss)
    __stdin                                  0x2000366c   Data          84  stdio_streams.o(.bss)
    __temporary_stack_top$libspace           0x2000366c   Data           0  libspace.o(.bss)
    __stdout                                 0x200036c0   Data          84  stdio_streams.o(.bss)
    __stderr                                 0x20003714   Data          84  stdio_streams.o(.bss)
    Image$$ARM_LIB_HEAP$$ZI$$Base            0x20003768   Number         0  anon$$obj.o ABSOLUTE
    Image$$ARM_LIB_HEAP$$ZI$$Limit           0x20003b68   Number         0  anon$$obj.o ABSOLUTE
    Image$$ARM_LIB_STACK$$ZI$$Limit          0x20030000   Number         0  anon$$obj.o ABSOLUTE



==============================================================================

Memory Map of the image

  Image Entry point : 0x00000411

  Load Region LR_m_text (Base: 0x00000000, Size: 0x0000b7f0, Max: 0x00100000, ABSOLUTE, COMPRESSED[0x0000b6e4])

    Execution Region VECTOR_ROM (Exec base: 0x00000000, Load base: 0x00000000, Size: 0x00000400, Max: 0x00000400, ABSOLUTE)

    Exec Addr    Load Addr    Size         Type   Attr      Idx    E Section Name        Object

    0x00000000   0x00000000   0x00000400   Data   RO          802    RESET               startup_mk64f12.o


    Execution Region ER_m_flash_config (Exec base: 0x00000400, Load base: 0x00000400, Size: 0x00000010, Max: 0x00000010, ABSOLUTE, FIXED)

    Exec Addr    Load Addr    Size         Type   Attr      Idx    E Section Name        Object

    0x00000400   0x00000400   0x00000010   Data   RO          803    FlashConfig         startup_mk64f12.o


    Execution Region ER_m_text (Exec base: 0x00000410, Load base: 0x00000410, Size: 0x0000b278, Max: 0x000ffbf0, ABSOLUTE)

    Exec Addr    Load Addr    Size         Type   Attr      Idx    E Section Name        Object

    0x00000410   0x00000410   0x00000008   Code   RO         2656  * !!!main             c_w.l(__main.o)
    0x00000418   0x00000418   0x00000034   Code   RO         2958    !!!scatter          c_w.l(__scatter.o)
    0x0000044c   0x0000044c   0x0000003a   Code   RO         2956    !!dczerorl          c_w.l(__dczerorl.o)
    0x00000486   0x00000486   0x00000002   PAD
    0x00000488   0x00000488   0x0000001c   Code   RO         2960    !!handler_zi        c_w.l(__scatter_zi.o)
    0x000004a4   0x000004a4   0x00000000   Code   RO         2643    .ARM.Collect$$_printf_percent$$00000000  c_w.l(_printf_percent.o)
    0x000004a4   0x000004a4   0x00000006   Code   RO         2642    .ARM.Collect$$_printf_percent$$00000009  c_w.l(_printf_d.o)
    0x000004aa   0x000004aa   0x00000006   Code   RO         2641    .ARM.Collect$$_printf_percent$$00000014  c_w.l(_printf_s.o)
    0x000004b0   0x000004b0   0x00000004   Code   RO         2702    .ARM.Collect$$_printf_percent$$00000017  c_w.l(_printf_percent_end.o)
    0x000004b4   0x000004b4   0x00000002   Code   RO         2872    .ARM.Collect$$libinit$$00000000  c_w.l(libinit.o)
    0x000004b6   0x000004b6   0x00000004   Code   RO         2713    .ARM.Collect$$libinit$$00000001  c_w.l(libinit2.o)
    0x000004ba   0x000004ba   0x00000000   Code   RO         2716    .ARM.Collect$$libinit$$00000004  c_w.l(libinit2.o)
    0x000004ba   0x000004ba   0x00000008   Code   RO         2918    .ARM.Collect$$libinit$$00000008  c_w.l(libinit5.o)
    0x000004c2   0x000004c2   0x00000000   Code   RO         2719    .ARM.Collect$$libinit$$0000000A  c_w.l(libinit2.o)
    0x000004c2   0x000004c2   0x00000000   Code   RO         2721    .ARM.Collect$$libinit$$0000000C  c_w.l(libinit2.o)
    0x000004c2   0x000004c2   0x00000000   Code   RO         2723    .ARM.Collect$$libinit$$0000000E  c_w.l(libinit2.o)
    0x000004c2   0x000004c2   0x00000000   Code   RO         2726    .ARM.Collect$$libinit$$00000011  c_w.l(libinit2.o)
    0x000004c2   0x000004c2   0x00000000   Code   RO         2728    .ARM.Collect$$libinit$$00000013  c_w.l(libinit2.o)
    0x000004c2   0x000004c2   0x00000000   Code   RO         2730    .ARM.Collect$$libinit$$00000015  c_w.l(libinit2.o)
    0x000004c2   0x000004c2   0x00000000   Code   RO         2732    .ARM.Collect$$libinit$$00000017  c_w.l(libinit2.o)
    0x000004c2   0x000004c2   0x00000000   Code   RO         2734    .ARM.Collect$$libinit$$00000019  c_w.l(libinit2.o)
    0x000004c2   0x000004c2   0x00000000   Code   RO         2736    .ARM.Collect$$libinit$$0000001B  c_w.l(libinit2.o)
    0x000004c2   0x000004c2   0x00000000   Code   RO         2738    .ARM.Collect$$libinit$$0000001D  c_w.l(libinit2.o)
    0x000004c2   0x000004c2   0x00000000   Code   RO         2740    .ARM.Collect$$libinit$$0000001F  c_w.l(libinit2.o)
    0x000004c2   0x000004c2   0x00000000   Code   RO         2742    .ARM.Collect$$libinit$$00000021  c_w.l(libinit2.o)
    0x000004c2   0x000004c2   0x00000000   Code   RO         2744    .ARM.Collect$$libinit$$00000023  c_w.l(libinit2.o)
    0x000004c2   0x000004c2   0x00000004   Code   RO         2745    .ARM.Collect$$libinit$$00000024  c_w.l(libinit2.o)
    0x000004c6   0x000004c6   0x00000000   Code   RO         2746    .ARM.Collect$$libinit$$00000025  c_w.l(libinit2.o)
    0x000004c6   0x000004c6   0x00000000   Code   RO         2750    .ARM.Collect$$libinit$$0000002C  c_w.l(libinit2.o)
    0x000004c6   0x000004c6   0x00000000   Code   RO         2752    .ARM.Collect$$libinit$$0000002E  c_w.l(libinit2.o)
    0x000004c6   0x000004c6   0x00000000   Code   RO         2754    .ARM.Collect$$libinit$$00000030  c_w.l(libinit2.o)
    0x000004c6   0x000004c6   0x00000000   Code   RO         2756    .ARM.Collect$$libinit$$00000032  c_w.l(libinit2.o)
    0x000004c6   0x000004c6   0x00000002   Code   RO         2757    .ARM.Collect$$libinit$$00000033  c_w.l(libinit2.o)
    0x000004c8   0x000004c8   0x00000008   Code   RO         2919    .ARM.Collect$$libinit$$00002719  c_w.l(libinit5.o)
    0x000004d0   0x000004d0   0x00000002   Code   RO         2873    .ARM.Collect$$libshutdown$$00000000  c_w.l(libshutdown.o)
    0x000004d2   0x000004d2   0x00000000   Code   RO         2875    .ARM.Collect$$libshutdown$$00000002  c_w.l(libshutdown2.o)
    0x000004d2   0x000004d2   0x00000004   Code   RO         2876    .ARM.Collect$$libshutdown$$00000003  c_w.l(libshutdown2.o)
    0x000004d6   0x000004d6   0x00000000   Code   RO         2877    .ARM.Collect$$libshutdown$$00000004  c_w.l(libshutdown2.o)
    0x000004d6   0x000004d6   0x00000000   Code   RO         2880    .ARM.Collect$$libshutdown$$00000007  c_w.l(libshutdown2.o)
    0x000004d6   0x000004d6   0x00000000   Code   RO         2883    .ARM.Collect$$libshutdown$$0000000A  c_w.l(libshutdown2.o)
    0x000004d6   0x000004d6   0x00000000   Code   RO         2885    .ARM.Collect$$libshutdown$$0000000C  c_w.l(libshutdown2.o)
    0x000004d6   0x000004d6   0x00000000   Code   RO         2888    .ARM.Collect$$libshutdown$$0000000F  c_w.l(libshutdown2.o)
    0x000004d6   0x000004d6   0x00000002   Code   RO         2889    .ARM.Collect$$libshutdown$$00000010  c_w.l(libshutdown2.o)
    0x000004d8   0x000004d8   0x00000000   Code   RO         2658    .ARM.Collect$$rtentry$$00000000  c_w.l(__rtentry.o)
    0x000004d8   0x000004d8   0x00000000   Code   RO         2761    .ARM.Collect$$rtentry$$00000002  c_w.l(__rtentry2.o)
    0x000004d8   0x000004d8   0x00000004   Code   RO         2775    .ARM.Collect$$rtentry$$00000007  c_w.l(__rtentry7.o)
    0x000004dc   0x000004dc   0x00000000   Code   RO         2763    .ARM.Collect$$rtentry$$00000009  c_w.l(__rtentry2.o)
    0x000004dc   0x000004dc   0x00000004   Code   RO         2764    .ARM.Collect$$rtentry$$0000000A  c_w.l(__rtentry2.o)
    0x000004e0   0x000004e0   0x00000008   Code   RO         2765    .ARM.Collect$$rtentry$$0000000B  c_w.l(__rtentry2.o)
    0x000004e8   0x000004e8   0x00000008   Code   RO         2767    .ARM.Collect$$rtentry$$0000000D  c_w.l(__rtentry2.o)
    0x000004f0   0x000004f0   0x00000004   Code   RO         2776    .ARM.Collect$$rtentry$$00002718  c_w.l(__rtentry7.o)
    0x000004f4   0x000004f4   0x00000002   Code   RO         2659    .ARM.Collect$$rtexit$$00000000  c_w.l(rtexit.o)
    0x000004f6   0x000004f6   0x00000000   Code   RO         2781    .ARM.Collect$$rtexit$$00000002  c_w.l(rtexit2.o)
    0x000004f6   0x000004f6   0x00000004   Code   RO         2782    .ARM.Collect$$rtexit$$00000003  c_w.l(rtexit2.o)
    0x000004fa   0x000004fa   0x00000006   Code   RO         2783    .ARM.Collect$$rtexit$$00000004  c_w.l(rtexit2.o)
    0x00000500   0x00000500   0x0000001c   Code   RO          333    .emb_text           rtx_conf_cm.o
    0x0000051c   0x0000051c   0x00000074   Code   RO          364    .emb_text           eventrecorder.o
    0x00000590   0x00000590   0x00000198   Code   RO         2476    .emb_text           RTX_CM4.lib(hal_cm4.o)
    0x00000728   0x00000728   0x00000000   Code   RO         2791    .emb_text           c_w.l(maybetermalloc1.o)
    0x00000728   0x00000728   0x00000018   Code   RO            6    .text               board.o
    0x00000740   0x00000740   0x000003fc   Code   RO          108    .text               pin_mux.o
    0x00000b3c   0x00000b3c   0x00000128   Code   RO          143    .text               clock_config.o
    0x00000c64   0x00000c64   0x00000134   Code   RO          180    .text               main.o
    0x00000d98   0x00000d98   0x0000000e   Code   RO          263    .text               otg_fs_mk64f.o
    0x00000da6   0x00000da6   0x00000002   PAD
    0x00000da8   0x00000da8   0x00000af4   Code   RO          296    .text               usbd_fs_mk64f.o
    0x0000189c   0x0000189c   0x000000ac   Code   RO          334    .text               rtx_conf_cm.o
    0x00001948   0x00001948   0x000005f8   Code   RO          365    .text               eventrecorder.o
    0x00001f40   0x00001f40   0x00000200   Code   RO          399    .text               retarget_io.o
    0x00002140   0x00002140   0x0000034c   Code   RO          454    .text               serial_manager.o
    0x0000248c   0x0000248c   0x0000014c   Code   RO          482    .text               serial_port_uart.o
    0x000025d8   0x000025d8   0x0000020c   Code   RO          510    .text               uart_adapter.o
    0x000027e4   0x000027e4   0x00001194   Code   RO          543    .text               fsl_clock.o
    0x00003978   0x00003978   0x00000134   Code   RO          598    .text               fsl_gpio.o
    0x00003aac   0x00003aac   0x00000230   Code   RO          627    .text               fsl_smc.o
    0x00003cdc   0x00003cdc   0x00000f54   Code   RO          656    .text               fsl_uart.o
    0x00004c30   0x00004c30   0x00000274   Code   RO          698    .text               fsl_debug_console.o
    0x00004ea4   0x00004ea4   0x00000044   Code   RO          753    .text               fsl_assert.o
    0x00004ee8   0x00004ee8   0x000001cc   Code   RO          804    .text               startup_mk64f12.o
    0x000050b4   0x000050b4   0x000001f4   Code   RO          811    .text               system_mk64f12.o
    0x000052a8   0x000052a8   0x0000047c   Code   RO          854    .text               usbd_config_0.o
    0x00005724   0x00005724   0x00000002   Code   RO          926    .text               usb_debug.o
    0x00005726   0x00005726   0x00000002   PAD
    0x00005728   0x00005728   0x00000008   Code   RO         2540    .text               c_w.l(libspace.o)
    0x00005730   0x00005730   0x0000009e   Code   RO         2551    .text               c_w.l(h1_alloc_mt.o)
    0x000057ce   0x000057ce   0x00000076   Code   RO         2553    .text               c_w.l(h1_free_mt.o)
    0x00005844   0x00005844   0x000000ee   Code   RO         2605    .text               c_w.l(lludivv7m.o)
    0x00005932   0x00005932   0x00000002   PAD
    0x00005934   0x00005934   0x00000018   Code   RO         2611    .text               c_w.l(noretval__2printf.o)
    0x0000594c   0x0000594c   0x00000028   Code   RO         2613    .text               c_w.l(noretval__2sprintf.o)
    0x00005974   0x00005974   0x00000068   Code   RO         2615    .text               c_w.l(__printf.o)
    0x000059dc   0x000059dc   0x00000052   Code   RO         2617    .text               c_w.l(_printf_str.o)
    0x00005a2e   0x00005a2e   0x00000002   PAD
    0x00005a30   0x00005a30   0x00000078   Code   RO         2619    .text               c_w.l(_printf_dec.o)
    0x00005aa8   0x00005aa8   0x00000012   Code   RO         2644    .text               c_w.l(exit.o)
    0x00005aba   0x00005aba   0x0000008a   Code   RO         2648    .text               c_w.l(rt_memcpy_v6.o)
    0x00005b44   0x00005b44   0x00000044   Code   RO         2650    .text               c_w.l(rt_memclr.o)
    0x00005b88   0x00005b88   0x0000004e   Code   RO         2652    .text               c_w.l(rt_memclr_w.o)
    0x00005bd6   0x00005bd6   0x00000002   PAD
    0x00005bd8   0x00005bd8   0x00000080   Code   RO         2654    .text               c_w.l(strcmpv7m.o)
    0x00005c58   0x00005c58   0x0000000a   Code   RO         2670    .text               c_w.l(rt_heap_descriptor_twolibspace.o)
    0x00005c62   0x00005c62   0x00000004   Code   RO         2672    .text               c_w.l(hguard.o)
    0x00005c66   0x00005c66   0x0000008a   Code   RO         2674    .text               c_w.l(init_alloc.o)
    0x00005cf0   0x00005cf0   0x00000012   Code   RO         2680    .text               c_w.l(h1_init_mt.o)
    0x00005d02   0x00005d02   0x000000b2   Code   RO         2692    .text               c_w.l(_printf_intcommon.o)
    0x00005db4   0x00005db4   0x00000030   Code   RO         2694    .text               c_w.l(_printf_char_common.o)
    0x00005de4   0x00005de4   0x0000000a   Code   RO         2696    .text               c_w.l(_sputc.o)
    0x00005dee   0x00005dee   0x0000002c   Code   RO         2698    .text               c_w.l(_printf_char.o)
    0x00005e1a   0x00005e1a   0x00000064   Code   RO         2709    .text               c_w.l(rt_memcpy_w.o)
    0x00005e7e   0x00005e7e   0x0000003e   Code   RO         2795    .text               c_w.l(h1_extend_mt.o)
    0x00005ebc   0x00005ebc   0x000001c8   Code   RO         2811    .text               c_w.l(initio_locked.o)
    0x00006084   0x00006084   0x0000000e   Code   RO         2813    .text               c_w.l(defsig_rtmem_outer.o)
    0x00006092   0x00006092   0x00000002   PAD
    0x00006094   0x00006094   0x0000000c   Code   RO         2826    .text               c_w.l(sys_exit.o)
    0x000060a0   0x000060a0   0x00000002   Code   RO         2828    .text               c_w.l(use_no_semi.o)
    0x000060a2   0x000060a2   0x00000000   Code   RO         2830    .text               c_w.l(indicate_semi.o)
    0x000060a2   0x000060a2   0x000001d6   Code   RO         2837    .text               c_w.l(flsbuf.o)
    0x00006278   0x00006278   0x0000004c   Code   RO         2844    .text               c_w.l(fclose.o)
    0x000062c4   0x000062c4   0x00000068   Code   RO         2846    .text               c_w.l(setvbuf_locked.o)
    0x0000632c   0x0000632c   0x00000144   Code   RO         2848    .text               c_w.l(fopen_locked.o)
    0x00006470   0x00006470   0x0000000a   Code   RO         2850    .text               c_w.l(defsig_exit.o)
    0x0000647a   0x0000647a   0x0000000e   Code   RO         2856    .text               c_w.l(defsig_rtred_outer.o)
    0x00006488   0x00006488   0x00000050   Code   RO         2860    .text               c_w.l(defsig_rtmem_inner.o)
    0x000064d8   0x000064d8   0x00000040   Code   RO         2898    .text               c_w.l(_printf_char_file_locked.o)
    0x00006518   0x00006518   0x000000f8   Code   RO         2900    .text               c_w.l(fseek.o)
    0x00006610   0x00006610   0x000000f0   Code   RO         2902    .text               c_w.l(stdio.o)
    0x00006700   0x00006700   0x00000032   Code   RO         2910    .text               c_w.l(defsig_general.o)
    0x00006732   0x00006732   0x00000002   PAD
    0x00006734   0x00006734   0x00000034   Code   RO         2914    .text               c_w.l(defsig_rtred_inner.o)
    0x00006768   0x00006768   0x0000000e   Code   RO         2922    .text               c_w.l(sys_wrch.o)
    0x00006776   0x00006776   0x00000042   Code   RO         2928    .text               c_w.l(ftell.o)
    0x000067b8   0x000067b8   0x00000004   Code   RO         2941    .text               c_w.l(rt_errno_addr_twolibspace.o)
    0x000067bc   0x000067bc   0x00000004   Code   RO         2535    SVC_TABLE           RTX_CM4.lib(svc_table.o)
    0x000067c0   0x000067c0   0x00000014   Code   RO         1855    i.EvrUSBD_CDC_ACM_OnSetLineCoding  USB_Dbg_CM3_L.lib(usbd_lib_cdc.o)
    0x000067d4   0x000067d4   0x0000000c   Code   RO         1705    i.EvrUSBD_Core_ConfigureEp0Failed  USB_Dbg_CM3_L.lib(usbd_lib_core.o)
    0x000067e0   0x000067e0   0x0000001c   Code   RO         1792    i.EvrUSBD_Driver_EndpointConfigureFailed  USB_Dbg_CM3_L.lib(usbd_lib_drv.o)
    0x000067fc   0x000067fc   0x00000012   Code   RO         1793    i.EvrUSBD_Driver_EndpointStallFailed  USB_Dbg_CM3_L.lib(usbd_lib_drv.o)
    0x0000680e   0x0000680e   0x00000002   PAD
    0x00006810   0x00006810   0x00000010   Code   RO         1794    i.EvrUSBD_Driver_EndpointTransferAbort  USB_Dbg_CM3_L.lib(usbd_lib_drv.o)
    0x00006820   0x00006820   0x0000000c   Code   RO         1795    i.EvrUSBD_Driver_EndpointTransferFailed  USB_Dbg_CM3_L.lib(usbd_lib_drv.o)
    0x0000682c   0x0000682c   0x0000000c   Code   RO         1796    i.EvrUSBD_Driver_EndpointUnconfigureFailed  USB_Dbg_CM3_L.lib(usbd_lib_drv.o)
    0x00006838   0x00006838   0x00000006   Code   RO         1706    i.USBD0_Core_Thread  USB_Dbg_CM3_L.lib(usbd_lib_core.o)
    0x0000683e   0x0000683e   0x00000006   Code   RO         1857    i.USBD_CDC0_Bulk_Thread  USB_Dbg_CM3_L.lib(usbd_lib_cdc.o)
    0x00006844   0x00006844   0x00000006   Code   RO         1858    i.USBD_CDC0_Int_Thread  USB_Dbg_CM3_L.lib(usbd_lib_cdc.o)
    0x0000684a   0x0000684a   0x00000004   Code   RO         1873    i.USBD_CDC_ACM_CoreClearCommFeature  USB_Dbg_CM3_L.lib(usbd_lib_cdc.o)
    0x0000684e   0x0000684e   0x00000004   Code   RO         1874    i.USBD_CDC_ACM_CoreGetCommFeature  USB_Dbg_CM3_L.lib(usbd_lib_cdc.o)
    0x00006852   0x00006852   0x00000002   PAD
    0x00006854   0x00006854   0x00000050   Code   RO         1875    i.USBD_CDC_ACM_CoreGetEncapsulatedResponse  USB_Dbg_CM3_L.lib(usbd_lib_cdc.o)
    0x000068a4   0x000068a4   0x00000064   Code   RO         1876    i.USBD_CDC_ACM_CoreGetLineCoding  USB_Dbg_CM3_L.lib(usbd_lib_cdc.o)
    0x00006908   0x00006908   0x00000004   Code   RO         1877    i.USBD_CDC_ACM_CoreSendBreak  USB_Dbg_CM3_L.lib(usbd_lib_cdc.o)
    0x0000690c   0x0000690c   0x0000005c   Code   RO         1878    i.USBD_CDC_ACM_CoreSendEncapsulatedCommand  USB_Dbg_CM3_L.lib(usbd_lib_cdc.o)
    0x00006968   0x00006968   0x00000004   Code   RO         1879    i.USBD_CDC_ACM_CoreSetCommFeature  USB_Dbg_CM3_L.lib(usbd_lib_cdc.o)
    0x0000696c   0x0000696c   0x00000050   Code   RO         1880    i.USBD_CDC_ACM_CoreSetControlLineState  USB_Dbg_CM3_L.lib(usbd_lib_cdc.o)
    0x000069bc   0x000069bc   0x0000005c   Code   RO         1881    i.USBD_CDC_ACM_CoreSetLineCoding  USB_Dbg_CM3_L.lib(usbd_lib_cdc.o)
    0x00006a18   0x00006a18   0x00000104   Code   RO         1888    i.USBD_CDC_ACM_WriteData  USB_Dbg_CM3_L.lib(usbd_lib_cdc.o)
    0x00006b1c   0x00006b1c   0x00000034   Code   RO         1889    i.USBD_CDC_Bulk_Thread  USB_Dbg_CM3_L.lib(usbd_lib_cdc.o)
    0x00006b50   0x00006b50   0x00000048   Code   RO         1890    i.USBD_CDC_CheckInstance  USB_Dbg_CM3_L.lib(usbd_lib_cdc.o)
    0x00006b98   0x00006b98   0x000000ac   Code   RO         1891    i.USBD_CDC_EndpointStart  USB_Dbg_CM3_L.lib(usbd_lib_cdc.o)
    0x00006c44   0x00006c44   0x00000064   Code   RO         1892    i.USBD_CDC_EndpointStop  USB_Dbg_CM3_L.lib(usbd_lib_cdc.o)
    0x00006ca8   0x00006ca8   0x00000218   Code   RO         1893    i.USBD_CDC_EpBulkIn  USB_Dbg_CM3_L.lib(usbd_lib_cdc.o)
    0x00006ec0   0x00006ec0   0x000001c8   Code   RO         1894    i.USBD_CDC_EpBulkOut  USB_Dbg_CM3_L.lib(usbd_lib_cdc.o)
    0x00007088   0x00007088   0x000000ac   Code   RO         1895    i.USBD_CDC_Initialize  USB_Dbg_CM3_L.lib(usbd_lib_cdc.o)
    0x00007134   0x00007134   0x00000078   Code   RO         1896    i.USBD_CDC_Int_Thread  USB_Dbg_CM3_L.lib(usbd_lib_cdc.o)
    0x000071ac   0x000071ac   0x00000034   Code   RO         1897    i.USBD_CDC_NCM_CoreGetCrcMode  USB_Dbg_CM3_L.lib(usbd_lib_cdc.o)
    0x000071e0   0x000071e0   0x0000003c   Code   RO         1898    i.USBD_CDC_NCM_CoreGetEthernetPowerManagementPatternFilter  USB_Dbg_CM3_L.lib(usbd_lib_cdc.o)
    0x0000721c   0x0000721c   0x0000003c   Code   RO         1899    i.USBD_CDC_NCM_CoreGetEthernetStatistic  USB_Dbg_CM3_L.lib(usbd_lib_cdc.o)
    0x00007258   0x00007258   0x00000034   Code   RO         1900    i.USBD_CDC_NCM_CoreGetMaxDatagramSize  USB_Dbg_CM3_L.lib(usbd_lib_cdc.o)
    0x0000728c   0x0000728c   0x00000034   Code   RO         1901    i.USBD_CDC_NCM_CoreGetNetAddress  USB_Dbg_CM3_L.lib(usbd_lib_cdc.o)
    0x000072c0   0x000072c0   0x00000034   Code   RO         1902    i.USBD_CDC_NCM_CoreGetNtbFormat  USB_Dbg_CM3_L.lib(usbd_lib_cdc.o)
    0x000072f4   0x000072f4   0x00000034   Code   RO         1903    i.USBD_CDC_NCM_CoreGetNtbInputSize  USB_Dbg_CM3_L.lib(usbd_lib_cdc.o)
    0x00007328   0x00007328   0x00000034   Code   RO         1904    i.USBD_CDC_NCM_CoreGetNtbParameters  USB_Dbg_CM3_L.lib(usbd_lib_cdc.o)
    0x0000735c   0x0000735c   0x00000048   Code   RO         1905    i.USBD_CDC_NCM_CoreSetCrcMode  USB_Dbg_CM3_L.lib(usbd_lib_cdc.o)
    0x000073a4   0x000073a4   0x0000003c   Code   RO         1906    i.USBD_CDC_NCM_CoreSetEthernetMulticastFilters  USB_Dbg_CM3_L.lib(usbd_lib_cdc.o)
    0x000073e0   0x000073e0   0x00000034   Code   RO         1907    i.USBD_CDC_NCM_CoreSetEthernetPacketFilter  USB_Dbg_CM3_L.lib(usbd_lib_cdc.o)
    0x00007414   0x00007414   0x00000040   Code   RO         1908    i.USBD_CDC_NCM_CoreSetEthernetPowerManagementPatternFilter  USB_Dbg_CM3_L.lib(usbd_lib_cdc.o)
    0x00007454   0x00007454   0x00000044   Code   RO         1909    i.USBD_CDC_NCM_CoreSetMaxDatagramSize  USB_Dbg_CM3_L.lib(usbd_lib_cdc.o)
    0x00007498   0x00007498   0x00000034   Code   RO         1910    i.USBD_CDC_NCM_CoreSetNetAddress  USB_Dbg_CM3_L.lib(usbd_lib_cdc.o)
    0x000074cc   0x000074cc   0x00000048   Code   RO         1911    i.USBD_CDC_NCM_CoreSetNtbFormat  USB_Dbg_CM3_L.lib(usbd_lib_cdc.o)
    0x00007514   0x00007514   0x00000044   Code   RO         1912    i.USBD_CDC_NCM_CoreSetNtbInputSize  USB_Dbg_CM3_L.lib(usbd_lib_cdc.o)
    0x00007558   0x00007558   0x0000012c   Code   RO         1928    i.USBD_CDC_Reset    USB_Dbg_CM3_L.lib(usbd_lib_cdc.o)
    0x00007684   0x00007684   0x000000ac   Code   RO         1929    i.USBD_CDC_Uninitialize  USB_Dbg_CM3_L.lib(usbd_lib_cdc.o)
    0x00007730   0x00007730   0x00000028   Code   RO         1710    i.USBD_CheckDevice  USB_Dbg_CM3_L.lib(usbd_lib_core.o)
    0x00007758   0x00007758   0x00000064   Code   RO         1711    i.USBD_ConfigureEndpoint0  USB_Dbg_CM3_L.lib(usbd_lib_core.o)
    0x000077bc   0x000077bc   0x00000038   Code   RO         1713    i.USBD_Connect      USB_Dbg_CM3_L.lib(usbd_lib_core.o)
    0x000077f4   0x000077f4   0x00000114   Code   RO         1714    i.USBD_Core         USB_Dbg_CM3_L.lib(usbd_lib_core.o)
    0x00007908   0x00007908   0x00000054   Code   RO         2502    i.USBD_Core_Endpoint0_InDataSent  USB_Dbg_CM3_L.lib(usbd_lib_core_device.o)
    0x0000795c   0x0000795c   0x00000054   Code   RO         2503    i.USBD_Core_Endpoint0_OutDataReceived  USB_Dbg_CM3_L.lib(usbd_lib_core_device.o)
    0x000079b0   0x000079b0   0x00000060   Code   RO         2504    i.USBD_Core_Endpoint0_SetupPacketProcessed  USB_Dbg_CM3_L.lib(usbd_lib_core_device.o)
    0x00007a10   0x00007a10   0x00000078   Code   RO         2505    i.USBD_Core_Endpoint0_SetupPacketReceived  USB_Dbg_CM3_L.lib(usbd_lib_core_device.o)
    0x00007a88   0x00007a88   0x00000094   Code   RO         1715    i.USBD_Core_Thread  USB_Dbg_CM3_L.lib(usbd_lib_core.o)
    0x00007b1c   0x00007b1c   0x00000064   Code   RO         1716    i.USBD_DataInStage  USB_Dbg_CM3_L.lib(usbd_lib_core.o)
    0x00007b80   0x00007b80   0x0000002c   Code   RO         1717    i.USBD_DataOutStage  USB_Dbg_CM3_L.lib(usbd_lib_core.o)
    0x00007bac   0x00007bac   0x00000080   Code   RO         1797    i.USBD_DriverDeviceConnect  USB_Dbg_CM3_L.lib(usbd_lib_drv.o)
    0x00007c2c   0x00007c2c   0x00000088   Code   RO         1801    i.USBD_DriverDeviceSetAddress  USB_Dbg_CM3_L.lib(usbd_lib_drv.o)
    0x00007cb4   0x00007cb4   0x00000104   Code   RO         1802    i.USBD_DriverEndpointConfigure  USB_Dbg_CM3_L.lib(usbd_lib_drv.o)
    0x00007db8   0x00007db8   0x000000e8   Code   RO         1803    i.USBD_DriverEndpointStall  USB_Dbg_CM3_L.lib(usbd_lib_drv.o)
    0x00007ea0   0x00007ea0   0x00000118   Code   RO         1804    i.USBD_DriverEndpointTransfer  USB_Dbg_CM3_L.lib(usbd_lib_drv.o)
    0x00007fb8   0x00007fb8   0x000000d4   Code   RO         1805    i.USBD_DriverEndpointTransferAbort  USB_Dbg_CM3_L.lib(usbd_lib_drv.o)
    0x0000808c   0x0000808c   0x00000088   Code   RO         1806    i.USBD_DriverEndpointTransferGetResult  USB_Dbg_CM3_L.lib(usbd_lib_drv.o)
    0x00008114   0x00008114   0x000000d8   Code   RO         1807    i.USBD_DriverEndpointUnconfigure  USB_Dbg_CM3_L.lib(usbd_lib_drv.o)
    0x000081ec   0x000081ec   0x00000010   Code   RO         1808    i.USBD_DriverGetCapabilities  USB_Dbg_CM3_L.lib(usbd_lib_drv.o)
    0x000081fc   0x000081fc   0x00000010   Code   RO         1810    i.USBD_DriverGetVersion  USB_Dbg_CM3_L.lib(usbd_lib_drv.o)
    0x0000820c   0x0000820c   0x00000088   Code   RO         1811    i.USBD_DriverInitialize  USB_Dbg_CM3_L.lib(usbd_lib_drv.o)
    0x00008294   0x00008294   0x00000088   Code   RO         1812    i.USBD_DriverPowerControl  USB_Dbg_CM3_L.lib(usbd_lib_drv.o)
    0x0000831c   0x0000831c   0x0000008c   Code   RO         1813    i.USBD_DriverReadSetupPacket  USB_Dbg_CM3_L.lib(usbd_lib_drv.o)
    0x000083a8   0x000083a8   0x00000436   Code   RO         1719    i.USBD_Endpoint0    USB_Dbg_CM3_L.lib(usbd_lib_core.o)
    0x000087de   0x000087de   0x00000002   PAD
    0x000087e0   0x000087e0   0x00000104   Code   RO         2522    i.USBD_Endpoint0_Out_CDC_ReqToIF  USB_Dbg_CM3_L.lib(usbd_lib_core_cdc.o)
    0x000088e4   0x000088e4   0x00000334   Code   RO         2523    i.USBD_Endpoint0_Setup_CDC_ReqToIF  USB_Dbg_CM3_L.lib(usbd_lib_core_cdc.o)
    0x00008c18   0x00008c18   0x000001f0   Code   RO         1728    i.USBD_Initialize   USB_Dbg_CM3_L.lib(usbd_lib_core.o)
    0x00008e08   0x00008e08   0x00000194   Code   RO         1729    i.USBD_ReqGetDescriptor  USB_Dbg_CM3_L.lib(usbd_lib_core.o)
    0x00008f9c   0x00008f9c   0x000000b4   Code   RO         1730    i.USBD_ReqGetMSDescriptor  USB_Dbg_CM3_L.lib(usbd_lib_core.o)
    0x00009050   0x00009050   0x000000b4   Code   RO         1731    i.USBD_ReqGetStatus  USB_Dbg_CM3_L.lib(usbd_lib_core.o)
    0x00009104   0x00009104   0x00000134   Code   RO         1732    i.USBD_ReqSetClrFeature  USB_Dbg_CM3_L.lib(usbd_lib_core.o)
    0x00009238   0x00009238   0x0000027c   Code   RO         1733    i.USBD_ReqSetConfiguration  USB_Dbg_CM3_L.lib(usbd_lib_core.o)
    0x000094b4   0x000094b4   0x00000198   Code   RO         1734    i.USBD_ReqSetInterface  USB_Dbg_CM3_L.lib(usbd_lib_core.o)
    0x0000964c   0x0000964c   0x00000028   Code   RO         1735    i.USBD_ResetCore    USB_Dbg_CM3_L.lib(usbd_lib_core.o)
    0x00009674   0x00009674   0x00000028   Code   RO         1815    i.USBD_SignalDeviceEvent  USB_Dbg_CM3_L.lib(usbd_lib_drv.o)
    0x0000969c   0x0000969c   0x00000060   Code   RO         1816    i.USBD_SignalEndpointEvent  USB_Dbg_CM3_L.lib(usbd_lib_drv.o)
    0x000096fc   0x000096fc   0x0000000a   Code   RO         1737    i.USBD_StatusInStage  USB_Dbg_CM3_L.lib(usbd_lib_core.o)
    0x00009706   0x00009706   0x00000010   Code   RO         1738    i.USBD_StatusInStageDone  USB_Dbg_CM3_L.lib(usbd_lib_core.o)
    0x00009716   0x00009716   0x0000000a   Code   RO         1739    i.USBD_StatusOutStage  USB_Dbg_CM3_L.lib(usbd_lib_core.o)
    0x00009720   0x00009720   0x00000030   Code   RO         1740    i.USBD_StatusOutStageDone  USB_Dbg_CM3_L.lib(usbd_lib_core.o)
    0x00009750   0x00009750   0x00000046   Code   RO         2370    i._init_box         RTX_CM4.lib(rt_membox.o)
    0x00009796   0x00009796   0x00000002   PAD
    0x00009798   0x00009798   0x00000030   Code   RO         2423    i.dbg_init          RTX_CM4.lib(hal_cm.o)
    0x000097c8   0x000097c8   0x00000020   Code   RO         2424    i.dbg_task_notify   RTX_CM4.lib(hal_cm.o)
    0x000097e8   0x000097e8   0x00000010   Code   RO         2425    i.dbg_task_switch   RTX_CM4.lib(hal_cm.o)
    0x000097f8   0x000097f8   0x0000001a   Code   RO         2802    i.fputc             c_w.l(fputc.o)
    0x00009812   0x00009812   0x0000002a   Code   RO          962    i.isrMessageGet     RTX_CM4.lib(rt_cmsis.o)
    0x0000983c   0x0000983c   0x0000002c   Code   RO          963    i.isrMessagePut     RTX_CM4.lib(rt_cmsis.o)
    0x00009868   0x00009868   0x00000028   Code   RO          964    i.isrSemaphoreRelease  RTX_CM4.lib(rt_cmsis.o)
    0x00009890   0x00009890   0x00000024   Code   RO          965    i.isrSignalSet      RTX_CM4.lib(rt_cmsis.o)
    0x000098b4   0x000098b4   0x00000028   Code   RO         2107    i.isr_evt_set       RTX_CM4.lib(rt_event.o)
    0x000098dc   0x000098dc   0x00000056   Code   RO         2225    i.isr_mbx_receive   RTX_CM4.lib(rt_mailbox.o)
    0x00009932   0x00009932   0x0000000e   Code   RO         2226    i.isr_mbx_send      RTX_CM4.lib(rt_mailbox.o)
    0x00009940   0x00009940   0x00000010   Code   RO         2273    i.isr_sem_send      RTX_CM4.lib(rt_semaphore.o)
    0x00009950   0x00009950   0x00000018   Code   RO          966    i.osDelay           RTX_CM4.lib(rt_cmsis.o)
    0x00009968   0x00009968   0x00000024   Code   RO          967    i.osKernelInitialize  RTX_CM4.lib(rt_cmsis.o)
    0x0000998c   0x0000998c   0x0000006c   Code   RO          969    i.osKernelStart     RTX_CM4.lib(rt_cmsis.o)
    0x000099f8   0x000099f8   0x00000018   Code   RO          978    i.osMessageGet      RTX_CM4.lib(rt_cmsis.o)
    0x00009a10   0x00009a10   0x0000002c   Code   RO          988    i.osSemaphoreCreate  RTX_CM4.lib(rt_cmsis.o)
    0x00009a3c   0x00009a3c   0x00000018   Code   RO          989    i.osSemaphoreDelete  RTX_CM4.lib(rt_cmsis.o)
    0x00009a54   0x00009a54   0x00000018   Code   RO          990    i.osSemaphoreRelease  RTX_CM4.lib(rt_cmsis.o)
    0x00009a6c   0x00009a6c   0x00000018   Code   RO          991    i.osSemaphoreWait   RTX_CM4.lib(rt_cmsis.o)
    0x00009a84   0x00009a84   0x00000018   Code   RO          993    i.osSignalSet       RTX_CM4.lib(rt_cmsis.o)
    0x00009a9c   0x00009a9c   0x00000018   Code   RO          994    i.osSignalWait      RTX_CM4.lib(rt_cmsis.o)
    0x00009ab4   0x00009ab4   0x0000002c   Code   RO          995    i.osThreadCreate    RTX_CM4.lib(rt_cmsis.o)
    0x00009ae0   0x00009ae0   0x00000018   Code   RO          996    i.osThreadExit      RTX_CM4.lib(rt_cmsis.o)
    0x00009af8   0x00009af8   0x00000018   Code   RO         1000    i.osThreadTerminate  RTX_CM4.lib(rt_cmsis.o)
    0x00009b10   0x00009b10   0x0000000c   Code   RO         1002    i.osTimerCall       RTX_CM4.lib(rt_cmsis.o)
    0x00009b1c   0x00009b1c   0x00000018   Code   RO         1004    i.osTimerDelete     RTX_CM4.lib(rt_cmsis.o)
    0x00009b34   0x00009b34   0x00000018   Code   RO         1005    i.osTimerStart      RTX_CM4.lib(rt_cmsis.o)
    0x00009b4c   0x00009b4c   0x00000018   Code   RO         1006    i.osTimerStop       RTX_CM4.lib(rt_cmsis.o)
    0x00009b64   0x00009b64   0x0000002c   Code   RO         1007    i.osTimerThread     RTX_CM4.lib(rt_cmsis.o)
    0x00009b90   0x00009b90   0x00000028   Code   RO         2017    i.os_tick_init      RTX_CM4.lib(rt_system.o)
    0x00009bb8   0x00009bb8   0x00000002   Code   RO         2018    i.os_tick_irqack    RTX_CM4.lib(rt_system.o)
    0x00009bba   0x00009bba   0x0000001a   Code   RO         2371    i.rt_alloc_box      RTX_CM4.lib(rt_membox.o)
    0x00009bd4   0x00009bd4   0x0000003e   Code   RO         2399    i.rt_alloc_mem      RTX_CM4.lib(rt_memory.o)
    0x00009c12   0x00009c12   0x00000002   PAD
    0x00009c14   0x00009c14   0x00000038   Code   RO         1584    i.rt_block          RTX_CM4.lib(rt_task.o)
    0x00009c4c   0x00009c4c   0x00000048   Code   RO         2348    i.rt_chk_robin      RTX_CM4.lib(rt_robin.o)
    0x00009c94   0x00009c94   0x00000070   Code   RO         2149    i.rt_dec_dly        RTX_CM4.lib(rt_list.o)
    0x00009d04   0x00009d04   0x00000044   Code   RO         1585    i.rt_dispatch       RTX_CM4.lib(rt_task.o)
    0x00009d48   0x00009d48   0x00000006   Code   RO         2315    i.rt_dly_wait       RTX_CM4.lib(rt_time.o)
    0x00009d4e   0x00009d4e   0x00000002   PAD
    0x00009d50   0x00009d50   0x00000050   Code   RO         2110    i.rt_evt_psh        RTX_CM4.lib(rt_event.o)
    0x00009da0   0x00009da0   0x0000005c   Code   RO         2111    i.rt_evt_set        RTX_CM4.lib(rt_event.o)
    0x00009dfc   0x00009dfc   0x0000003c   Code   RO         2112    i.rt_evt_wait       RTX_CM4.lib(rt_event.o)
    0x00009e38   0x00009e38   0x0000002c   Code   RO         2372    i.rt_free_box       RTX_CM4.lib(rt_membox.o)
    0x00009e64   0x00009e64   0x00000028   Code   RO         2400    i.rt_free_mem       RTX_CM4.lib(rt_memory.o)
    0x00009e8c   0x00009e8c   0x00000028   Code   RO         2150    i.rt_get_first      RTX_CM4.lib(rt_list.o)
    0x00009eb4   0x00009eb4   0x00000008   Code   RO         1012    i.rt_id2obj         RTX_CM4.lib(rt_cmsis.o)
    0x00009ebc   0x00009ebc   0x00000048   Code   RO         1586    i.rt_init_context   RTX_CM4.lib(rt_task.o)
    0x00009f04   0x00009f04   0x0000001a   Code   RO         2401    i.rt_init_mem       RTX_CM4.lib(rt_memory.o)
    0x00009f1e   0x00009f1e   0x00000002   PAD
    0x00009f20   0x00009f20   0x00000018   Code   RO         2349    i.rt_init_robin     RTX_CM4.lib(rt_robin.o)
    0x00009f38   0x00009f38   0x00000080   Code   RO         2426    i.rt_init_stack     RTX_CM4.lib(hal_cm.o)
    0x00009fb8   0x00009fb8   0x00000008   Code   RO         2227    i.rt_mbx_check      RTX_CM4.lib(rt_mailbox.o)
    0x00009fc0   0x00009fc0   0x0000001a   Code   RO         2228    i.rt_mbx_init       RTX_CM4.lib(rt_mailbox.o)
    0x00009fda   0x00009fda   0x00000002   PAD
    0x00009fdc   0x00009fdc   0x000000f0   Code   RO         2229    i.rt_mbx_psh        RTX_CM4.lib(rt_mailbox.o)
    0x0000a0cc   0x0000a0cc   0x000000b4   Code   RO         2231    i.rt_mbx_wait       RTX_CM4.lib(rt_mailbox.o)
    0x0000a180   0x0000a180   0x00000044   Code   RO         1013    i.rt_ms2tick        RTX_CM4.lib(rt_cmsis.o)
    0x0000a1c4   0x0000a1c4   0x00000010   Code   RO         1669    i.rt_mut_init       RTX_CM4.lib(rt_mutex.o)
    0x0000a1d4   0x0000a1d4   0x000000d8   Code   RO         1670    i.rt_mut_release    RTX_CM4.lib(rt_mutex.o)
    0x0000a2ac   0x0000a2ac   0x00000078   Code   RO         1671    i.rt_mut_wait       RTX_CM4.lib(rt_mutex.o)
    0x0000a324   0x0000a324   0x0000007c   Code   RO         2021    i.rt_pop_req        RTX_CM4.lib(rt_system.o)
    0x0000a3a0   0x0000a3a0   0x00000020   Code   RO         2022    i.rt_psh_req        RTX_CM4.lib(rt_system.o)
    0x0000a3c0   0x0000a3c0   0x0000005c   Code   RO         2152    i.rt_psq_enq        RTX_CM4.lib(rt_list.o)
    0x0000a41c   0x0000a41c   0x00000048   Code   RO         2153    i.rt_put_dly        RTX_CM4.lib(rt_list.o)
    0x0000a464   0x0000a464   0x00000036   Code   RO         2154    i.rt_put_prio       RTX_CM4.lib(rt_list.o)
    0x0000a49a   0x0000a49a   0x00000002   PAD
    0x0000a49c   0x0000a49c   0x00000014   Code   RO         2155    i.rt_put_rdy_first  RTX_CM4.lib(rt_list.o)
    0x0000a4b0   0x0000a4b0   0x00000034   Code   RO         2156    i.rt_resort_prio    RTX_CM4.lib(rt_list.o)
    0x0000a4e4   0x0000a4e4   0x00000010   Code   RO         2427    i.rt_ret_regs       RTX_CM4.lib(hal_cm.o)
    0x0000a4f4   0x0000a4f4   0x0000000c   Code   RO         2428    i.rt_ret_val        RTX_CM4.lib(hal_cm.o)
    0x0000a500   0x0000a500   0x00000010   Code   RO         2429    i.rt_ret_val2       RTX_CM4.lib(hal_cm.o)
    0x0000a510   0x0000a510   0x00000028   Code   RO         2157    i.rt_rmv_dly        RTX_CM4.lib(rt_list.o)
    0x0000a538   0x0000a538   0x00000030   Code   RO         2158    i.rt_rmv_list       RTX_CM4.lib(rt_list.o)
    0x0000a568   0x0000a568   0x0000005c   Code   RO         2274    i.rt_sem_delete     RTX_CM4.lib(rt_semaphore.o)
    0x0000a5c4   0x0000a5c4   0x0000000c   Code   RO         2275    i.rt_sem_init       RTX_CM4.lib(rt_semaphore.o)
    0x0000a5d0   0x0000a5d0   0x00000034   Code   RO         2276    i.rt_sem_psh        RTX_CM4.lib(rt_semaphore.o)
    0x0000a604   0x0000a604   0x0000002a   Code   RO         2277    i.rt_sem_send       RTX_CM4.lib(rt_semaphore.o)
    0x0000a62e   0x0000a62e   0x00000002   PAD
    0x0000a630   0x0000a630   0x00000040   Code   RO         2278    i.rt_sem_wait       RTX_CM4.lib(rt_semaphore.o)
    0x0000a670   0x0000a670   0x00000024   Code   RO         2024    i.rt_stk_check      RTX_CM4.lib(rt_system.o)
    0x0000a694   0x0000a694   0x00000028   Code   RO         1587    i.rt_switch_req     RTX_CM4.lib(rt_task.o)
    0x0000a6bc   0x0000a6bc   0x000000cc   Code   RO         1588    i.rt_sys_init       RTX_CM4.lib(rt_task.o)
    0x0000a788   0x0000a788   0x00000078   Code   RO         1589    i.rt_sys_start      RTX_CM4.lib(rt_task.o)
    0x0000a800   0x0000a800   0x00000040   Code   RO         2026    i.rt_systick        RTX_CM4.lib(rt_system.o)
    0x0000a840   0x0000a840   0x00000012   Code   RO         1014    i.rt_tid2ptcb       RTX_CM4.lib(rt_cmsis.o)
    0x0000a852   0x0000a852   0x00000002   PAD
    0x0000a854   0x0000a854   0x00000034   Code   RO         1015    i.rt_timer_insert   RTX_CM4.lib(rt_cmsis.o)
    0x0000a888   0x0000a888   0x0000003c   Code   RO         1016    i.rt_timer_remove   RTX_CM4.lib(rt_cmsis.o)
    0x0000a8c4   0x0000a8c4   0x00000088   Code   RO         1590    i.rt_tsk_create     RTX_CM4.lib(rt_task.o)
    0x0000a94c   0x0000a94c   0x0000017c   Code   RO         1591    i.rt_tsk_delete     RTX_CM4.lib(rt_task.o)
    0x0000aac8   0x0000aac8   0x0000007c   Code   RO         1593    i.rt_tsk_prio       RTX_CM4.lib(rt_task.o)
    0x0000ab44   0x0000ab44   0x00000010   Code   RO         1594    i.rt_tsk_self       RTX_CM4.lib(rt_task.o)
    0x0000ab54   0x0000ab54   0x00000012   Code   RO         1017    i.svcDelay          RTX_CM4.lib(rt_cmsis.o)
    0x0000ab66   0x0000ab66   0x00000002   PAD
    0x0000ab68   0x0000ab68   0x00000070   Code   RO         1018    i.svcKernelInitialize  RTX_CM4.lib(rt_cmsis.o)
    0x0000abd8   0x0000abd8   0x00000048   Code   RO         1020    i.svcKernelStart    RTX_CM4.lib(rt_cmsis.o)
    0x0000ac20   0x0000ac20   0x00000024   Code   RO         1023    i.svcMessageCreate  RTX_CM4.lib(rt_cmsis.o)
    0x0000ac44   0x0000ac44   0x0000003a   Code   RO         1024    i.svcMessageGet     RTX_CM4.lib(rt_cmsis.o)
    0x0000ac7e   0x0000ac7e   0x00000024   Code   RO         1031    i.svcSemaphoreCreate  RTX_CM4.lib(rt_cmsis.o)
    0x0000aca2   0x0000aca2   0x0000001a   Code   RO         1032    i.svcSemaphoreDelete  RTX_CM4.lib(rt_cmsis.o)
    0x0000acbc   0x0000acbc   0x00000028   Code   RO         1033    i.svcSemaphoreRelease  RTX_CM4.lib(rt_cmsis.o)
    0x0000ace4   0x0000ace4   0x00000032   Code   RO         1034    i.svcSemaphoreWait  RTX_CM4.lib(rt_cmsis.o)
    0x0000ad16   0x0000ad16   0x00000024   Code   RO         1036    i.svcSignalSet      RTX_CM4.lib(rt_cmsis.o)
    0x0000ad3a   0x0000ad3a   0x00000002   PAD
    0x0000ad3c   0x0000ad3c   0x00000054   Code   RO         1037    i.svcSignalWait     RTX_CM4.lib(rt_cmsis.o)
    0x0000ad90   0x0000ad90   0x0000006c   Code   RO         1038    i.svcThreadCreate   RTX_CM4.lib(rt_cmsis.o)
    0x0000adfc   0x0000adfc   0x0000001c   Code   RO         1039    i.svcThreadGetId    RTX_CM4.lib(rt_cmsis.o)
    0x0000ae18   0x0000ae18   0x00000038   Code   RO         1042    i.svcThreadTerminate  RTX_CM4.lib(rt_cmsis.o)
    0x0000ae50   0x0000ae50   0x00000018   Code   RO         1044    i.svcTimerCall      RTX_CM4.lib(rt_cmsis.o)
    0x0000ae68   0x0000ae68   0x00000028   Code   RO         1046    i.svcTimerDelete    RTX_CM4.lib(rt_cmsis.o)
    0x0000ae90   0x0000ae90   0x00000064   Code   RO         1047    i.svcTimerStart     RTX_CM4.lib(rt_cmsis.o)
    0x0000aef4   0x0000aef4   0x00000024   Code   RO         1048    i.svcTimerStop      RTX_CM4.lib(rt_cmsis.o)
    0x0000af18   0x0000af18   0x0000005c   Code   RO         1053    i.sysTimerTick      RTX_CM4.lib(rt_cmsis.o)
    0x0000af74   0x0000af74   0x0000000a   Code   RO         2824    x$fpl$fpinit        fz_wm.l(fpinit.o)
    0x0000af7e   0x0000af7e   0x00000002   PAD
    0x0000af80   0x0000af80   0x00000076   Data   RO          109    .constdata          pin_mux.o
    0x0000aff6   0x0000aff6   0x00000002   PAD
    0x0000aff8   0x0000aff8   0x00000038   Data   RO          144    .constdata          clock_config.o
    0x0000b030   0x0000b030   0x00000010   Data   RO          182    .constdata          main.o
    0x0000b040   0x0000b040   0x00000050   Data   RO          298    .constdata          usbd_fs_mk64f.o
    0x0000b090   0x0000b090   0x00000068   Data   RO          336    .constdata          rtx_conf_cm.o
    0x0000b0f8   0x0000b0f8   0x00000018   Data   RO          367    .constdata          eventrecorder.o
    0x0000b110   0x0000b110   0x00000017   Data   RO          400    .constdata          retarget_io.o
    0x0000b127   0x0000b127   0x00000001   PAD
    0x0000b128   0x0000b128   0x00000018   Data   RO          511    .constdata          uart_adapter.o
    0x0000b140   0x0000b140   0x00000060   Data   RO          544    .constdata          fsl_clock.o
    0x0000b1a0   0x0000b1a0   0x00000028   Data   RO          599    .constdata          fsl_gpio.o
    0x0000b1c8   0x0000b1c8   0x00000038   Data   RO          658    .constdata          fsl_uart.o
    0x0000b200   0x0000b200   0x00000010   Data   RO          700    .constdata          fsl_debug_console.o
    0x0000b210   0x0000b210   0x000002b6   Data   RO          856    .constdata          usbd_config_0.o
    0x0000b4c6   0x0000b4c6   0x00000002   PAD
    0x0000b4c8   0x0000b4c8   0x00000056   Data   RO          455    .conststring        serial_manager.o
    0x0000b51e   0x0000b51e   0x00000002   PAD
    0x0000b520   0x0000b520   0x00000058   Data   RO          483    .conststring        serial_port_uart.o
    0x0000b578   0x0000b578   0x00000092   Data   RO          512    .conststring        uart_adapter.o
    0x0000b60a   0x0000b60a   0x00000002   PAD
    0x0000b60c   0x0000b60c   0x00000057   Data   RO          701    .conststring        fsl_debug_console.o
    0x0000b663   0x0000b663   0x00000001   PAD
    0x0000b664   0x0000b664   0x00000020   Data   RO         2955    Region$$Table       anon$$obj.o
    0x0000b684   0x0000b684   0x00000004   Data   RO         2489    __MW_USB_LIB_VERSION_6.13.6  USB_Dbg_CM3_L.lib(usb_lib_ver.o)


    Execution Region RW_m_eventrec (Exec base: 0x1fff0000, Load base: 0x0000b688, Size: 0x000004a4, Max: 0x000004a4, ABSOLUTE, UNINIT)

    Exec Addr    Load Addr    Size         Type   Attr      Idx    E Section Name        Object

    0x1fff0000        -       0x000004a4   Zero   RW          366    .bss.noinit         eventrecorder.o


    Execution Region RW_m_data (Exec base: 0x1fff04a4, Load base: 0x0000b688, Size: 0x00000000, Max: 0x0000fb5c, ABSOLUTE)

    **** No section assigned to this execution region ****


    Execution Region RW_m_data_2 (Exec base: 0x20000000, Load base: 0x0000b688, Size: 0x00003768, Max: 0x0002f800, ABSOLUTE, COMPRESSED[0x0000005c])

    Exec Addr    Load Addr    Size         Type   Attr      Idx    E Section Name        Object

    0x20000000   COMPRESSED   0x00000006   Data   RW          183    .data               main.o
    0x20000006   COMPRESSED   0x00000002   Data   RW          264    .data               otg_fs_mk64f.o
    0x20000008   COMPRESSED   0x00000015   Data   RW          299    .data               usbd_fs_mk64f.o
    0x2000001d   COMPRESSED   0x00000003   PAD
    0x20000020   COMPRESSED   0x00000014   Data   RW          337    .data               rtx_conf_cm.o
    0x20000034   COMPRESSED   0x00000004   Data   RW          401    .data               retarget_io.o
    0x20000038   COMPRESSED   0x00000010   Data   RW          545    .data               fsl_clock.o
    0x20000048   COMPRESSED   0x0000001c   Data   RW          628    .data               fsl_smc.o
    0x20000064   COMPRESSED   0x00000004   Data   RW          659    .data               fsl_uart.o
    0x20000068   COMPRESSED   0x00000008   Data   RW          702    .data               fsl_debug_console.o
    0x20000070   COMPRESSED   0x00000004   Data   RW          812    .data               system_mk64f12.o
    0x20000074   COMPRESSED   0x00000094   Data   RW          857    .data               usbd_config_0.o
    0x20000108   COMPRESSED   0x00000008   Data   RW         1056    .data               RTX_CM4.lib(rt_cmsis.o)
    0x20000110   COMPRESSED   0x00000008   Data   RW         1596    .data               RTX_CM4.lib(rt_task.o)
    0x20000118   COMPRESSED   0x00000010   Data   RW         1742    .data               USB_Dbg_CM3_L.lib(usbd_lib_core.o)
    0x20000128   COMPRESSED   0x00000017   Data   RW         1931    .data               USB_Dbg_CM3_L.lib(usbd_lib_cdc.o)
    0x2000013f   COMPRESSED   0x00000001   PAD
    0x20000140   COMPRESSED   0x00000008   Data   RW         2029    .data               RTX_CM4.lib(rt_system.o)
    0x20000148   COMPRESSED   0x00000004   Data   RW         2319    .data               RTX_CM4.lib(rt_time.o)
    0x2000014c   COMPRESSED   0x00000008   Data   RW         2350    .data               RTX_CM4.lib(rt_robin.o)
    0x20000154   COMPRESSED   0x00000001   Data   RW         2430    .data               RTX_CM4.lib(hal_cm.o)
    0x20000155   COMPRESSED   0x00000003   PAD
    0x20000158   COMPRESSED   0x00000004   Data   RW         2706    .data               c_w.l(stdio_streams.o)
    0x2000015c   COMPRESSED   0x00000004   Data   RW         2707    .data               c_w.l(stdio_streams.o)
    0x20000160   COMPRESSED   0x00000004   Data   RW         2708    .data               c_w.l(stdio_streams.o)
    0x20000164   COMPRESSED   0x00000004   Data   RW         2841    .data               c_w.l(streamlock.o)
    0x20000168        -       0x00000018   Zero   RW          181    .bss                main.o
    0x20000180   COMPRESSED   0x00000080   PAD
    0x20000200        -       0x00000d00   Zero   RW          297    .bss                usbd_fs_mk64f.o
    0x20000f00        -       0x00001460   Zero   RW          335    .bss                rtx_conf_cm.o
    0x20002360        -       0x00000018   Zero   RW          657    .bss                fsl_uart.o
    0x20002378        -       0x0000001c   Zero   RW          699    .bss                fsl_debug_console.o
    0x20002394   COMPRESSED   0x0000000c   PAD
    0x200023a0        -       0x00001206   Zero   RW          855    .bss                usbd_config_0.o
    0x200035a6   COMPRESSED   0x00000002   PAD
    0x200035a8        -       0x00000034   Zero   RW         1595    .bss                RTX_CM4.lib(rt_task.o)
    0x200035dc        -       0x00000030   Zero   RW         2159    .bss                RTX_CM4.lib(rt_list.o)
    0x2000360c        -       0x00000060   Zero   RW         2541    .bss                c_w.l(libspace.o)
    0x2000366c        -       0x00000054   Zero   RW         2703    .bss                c_w.l(stdio_streams.o)
    0x200036c0        -       0x00000054   Zero   RW         2704    .bss                c_w.l(stdio_streams.o)
    0x20003714        -       0x00000054   Zero   RW         2705    .bss                c_w.l(stdio_streams.o)


    Execution Region ARM_LIB_HEAP (Exec base: 0x20003768, Load base: 0x0000b6e4, Size: 0x00000400, Max: 0x00000400, ABSOLUTE)

    Exec Addr    Load Addr    Size         Type   Attr      Idx    E Section Name        Object

    0x20003768        -       0x00000400   Zero   RW            1    ARM_LIB_HEAP.bss    anon$$obj.o


    Execution Region ARM_LIB_STACK (Exec base: 0x2002fc00, Load base: 0x0000b6e4, Size: 0x00000400, Max: 0x00000400, ABSOLUTE)

    Exec Addr    Load Addr    Size         Type   Attr      Idx    E Section Name        Object

    0x2002fc00        -       0x00000400   Zero   RW            2    ARM_LIB_STACK.bss   anon$$obj.o


==============================================================================

Image component sizes


      Code (inc. data)   RO Data    RW Data    ZI Data      Debug   Object Name

        24          0          0          0          0     480489   board.o
       296         48         56          0          0      12028   clock_config.o
      1644         42         24          0       1188      16912   eventrecorder.o
        68         44          0          0          0        669   fsl_assert.o
      4500        410         96         16          0      26859   fsl_clock.o
       628         94        103          8         28       7162   fsl_debug_console.o
       308        126         40          0          0       3095   fsl_gpio.o
       560         14          0         28          0       6100   fsl_smc.o
      3924        426         56          4         24      57806   fsl_uart.o
         0          0          0          0          0      10252   generic_list.o
       308         92         16          6         24      27345   main.o
        14          0          0          2          0       3885   otg_fs_mk64f.o
      1020        114        118          0          0      13835   pin_mux.o
       512         36         23          4          0       4816   retarget_io.o
       200         34        104         20       5216       9017   rtx_conf_cm.o
       844         76         86          0          0       6164   serial_manager.o
       332         52         88          0          0       3945   serial_port_uart.o
       460        218       1040          0          0       3284   startup_mk64f12.o
       500         40          0          4          0       1524   system_mk64f12.o
       524         82        170          0          0       7443   uart_adapter.o
         2          0          0          0          0        580   usb_debug.o
      1148         38        694        148       4614      43187   usbd_config_0.o
      2804        140         80         21       3328      38491   usbd_fs_mk64f.o

    ----------------------------------------------------------------------
     20624       2126       2836        264      16612     784888   Object Totals
         0          0         32          0       2048          0   (incl. Generated)
         4          0         10          3        142          0   (incl. Padding)

    ----------------------------------------------------------------------

      Code (inc. data)   RO Data    RW Data    ZI Data      Debug   Library Member Name

       268         24          0          1          0       4472   hal_cm.o
       408         34          0          0          0        816   hal_cm4.o
      1996        216          0          8          0      51027   rt_cmsis.o
       272         18          0          0          0       2810   rt_event.o
       530         34          0          0         48       8601   rt_list.o
       554         10          0          0          0       4189   rt_mailbox.o
       140          0          0          0          0       2045   rt_membox.o
       128          0          0          0          0       2419   rt_memory.o
       352         14          0          0          0       2229   rt_mutex.o
        96         22          0          8          0       1230   rt_robin.o
       278         18          0          0          0       3782   rt_semaphore.o
       298         52          0          8          0       6439   rt_system.o
      1216        174          0          8         52      10045   rt_task.o
         6          0          0          4          0        692   rt_time.o
         4          4          0          0          0        200   svc_table.o
         0          0          4          0          0          0   usb_lib_ver.o
      3844        420          0         23          0       3216   usbd_lib_cdc.o
      4596        272          0         16          0       1812   usbd_lib_core.o
      1080         42          0          0          0        204   usbd_lib_core_cdc.o
       384         74          0          0          0        356   usbd_lib_core_device.o
      2266        214          0          0          0       1660   usbd_lib_drv.o
        58          0          0          0          0          0   __dczerorl.o
         8          0          0          0          0         68   __main.o
       104          0          0          0          0         84   __printf.o
         0          0          0          0          0          0   __rtentry.o
        20          0          0          0          0          0   __rtentry2.o
         8          4          0          0          0          0   __rtentry7.o
        52          8          0          0          0          0   __scatter.o
        28          0          0          0          0          0   __scatter_zi.o
        44          0          0          0          0        108   _printf_char.o
        48          6          0          0          0         96   _printf_char_common.o
        64          6          0          0          0         84   _printf_char_file_locked.o
         6          0          0          0          0          0   _printf_d.o
       120         16          0          0          0         92   _printf_dec.o
       178          0          0          0          0         88   _printf_intcommon.o
         0          0          0          0          0          0   _printf_percent.o
         4          0          0          0          0          0   _printf_percent_end.o
         6          0          0          0          0          0   _printf_s.o
        82          0          0          0          0         80   _printf_str.o
        10          0          0          0          0         68   _sputc.o
        10          0          0          0          0         68   defsig_exit.o
        50          0          0          0          0         88   defsig_general.o
        80         58          0          0          0         76   defsig_rtmem_inner.o
        14          0          0          0          0         80   defsig_rtmem_outer.o
        52         38          0          0          0         76   defsig_rtred_inner.o
        14          0          0          0          0         80   defsig_rtred_outer.o
        18          0          0          0          0         80   exit.o
        76          0          0          0          0         88   fclose.o
       470          0          0          0          0         88   flsbuf.o
       324          8          0          0          0        152   fopen_locked.o
        26          0          0          0          0         68   fputc.o
       248          6          0          0          0         84   fseek.o
        66          0          0          0          0         76   ftell.o
       158          0          0          0          0        128   h1_alloc_mt.o
        62          0          0          0          0         80   h1_extend_mt.o
       118          0          0          0          0        108   h1_free_mt.o
        18          0          0          0          0         84   h1_init_mt.o
         4          0          0          0          0        136   hguard.o
         0          0          0          0          0          0   indicate_semi.o
       138          0          0          0          0        168   init_alloc.o
       456         48          0          0          0        116   initio_locked.o
         2          0          0          0          0          0   libinit.o
        10          0          0          0          0          0   libinit2.o
        16          8          0          0          0          0   libinit5.o
         2          0          0          0          0          0   libshutdown.o
         6          0          0          0          0          0   libshutdown2.o
         8          4          0          0         96         68   libspace.o
       238          0          0          0          0        100   lludivv7m.o
         0          0          0          0          0          0   maybetermalloc1.o
        24          4          0          0          0         84   noretval__2printf.o
        40          6          0          0          0         84   noretval__2sprintf.o
         4          0          0          0          0         68   rt_errno_addr_twolibspace.o
        10          0          0          0          0         76   rt_heap_descriptor_twolibspace.o
        68          0          0          0          0         68   rt_memclr.o
        78          0          0          0          0         80   rt_memclr_w.o
       138          0          0          0          0         68   rt_memcpy_v6.o
       100          0          0          0          0         80   rt_memcpy_w.o
         2          0          0          0          0          0   rtexit.o
        10          0          0          0          0          0   rtexit2.o
       104          0          0          0          0         88   setvbuf_locked.o
       240          6          0          0          0        156   stdio.o
         0          0          0         12        252          0   stdio_streams.o
       128          0          0          0          0         68   strcmpv7m.o
         0          0          0          4          0          0   streamlock.o
        12          4          0          0          0         68   sys_exit.o
        14          0          0          0          0         76   sys_wrch.o
         2          0          0          0          0         68   use_no_semi.o
        10          0          0          0          0        116   fpinit.o

    ----------------------------------------------------------------------
     23264       1872          4         96        448     112352   Library Totals
        40          0          0          4          0          0   (incl. Padding)

    ----------------------------------------------------------------------

      Code (inc. data)   RO Data    RW Data    ZI Data      Debug   Library Name

      6546        620          0         37        100     100996   RTX_CM4.lib
     12170       1022          4         39          0       7248   USB_Dbg_CM3_L.lib
      4498        230          0         16        348       3992   c_w.l
        10          0          0          0          0        116   fz_wm.l

    ----------------------------------------------------------------------
     23264       1872          4         96        448     112352   Library Totals

    ----------------------------------------------------------------------

==============================================================================


      Code (inc. data)   RO Data    RW Data    ZI Data      Debug   

     43888       3998       2840        360      17060     876736   Grand Totals
     43888       3998       2840         92      17060     876736   ELF Image Totals (compressed)
     43888       3998       2840         92          0          0   ROM Totals

==============================================================================

    Total RO  Size (Code + RO Data)                46728 (  45.63kB)
    Total RW  Size (RW Data + ZI Data)             17420 (  17.01kB)
    Total ROM Size (Code + RO Data + RW Data)      46820 (  45.72kB)

==============================================================================

