Component: ARM Compiler 6.16 Tool: armlink [5dfeaa00]

==============================================================================

Section Cross References

    board.o(.text.BOARD_InitDebugConsole) refers to fsl_clock.o(.text.CLOCK_GetCoreSysClkFreq) for CLOCK_GetCoreSysClkFreq
    board.o(.ARM.exidx.text.BOARD_InitDebugConsole) refers to board.o(.text.BOARD_InitDebugConsole) for [Anonymous Symbol]
    pin_mux.o(.text.BOARD_InitBootPins) refers to pin_mux.o(.text.BOARD_InitDEBUG_UARTPins) for BOARD_InitDEBUG_UARTPins
    pin_mux.o(.ARM.exidx.text.BOARD_InitBootPins) refers to pin_mux.o(.text.BOARD_InitBootPins) for [Anonymous Symbol]
    pin_mux.o(.ARM.exidx.text.BOARD_InitPins) refers to pin_mux.o(.text.BOARD_InitPins) for [Anonymous Symbol]
    pin_mux.o(.text.BOARD_InitDEBUG_UARTPins) refers to pin_mux.o(.text.CLOCK_EnableClock) for CLOCK_EnableClock
    pin_mux.o(.text.BOARD_InitDEBUG_UARTPins) refers to pin_mux.o(.text.PORT_SetPinConfig) for PORT_SetPinConfig
    pin_mux.o(.ARM.exidx.text.BOARD_InitDEBUG_UARTPins) refers to pin_mux.o(.text.BOARD_InitDEBUG_UARTPins) for [Anonymous Symbol]
    pin_mux.o(.text.BOARD_InitButtonsPins) refers to pin_mux.o(.text.CLOCK_EnableClock) for CLOCK_EnableClock
    pin_mux.o(.text.BOARD_InitButtonsPins) refers to fsl_gpio.o(.text.GPIO_PinInit) for GPIO_PinInit
    pin_mux.o(.text.BOARD_InitButtonsPins) refers to pin_mux.o(.text.PORT_SetPinConfig) for PORT_SetPinConfig
    pin_mux.o(.text.BOARD_InitButtonsPins) refers to pin_mux.o(.text.PORT_SetPinInterruptConfig) for PORT_SetPinInterruptConfig
    pin_mux.o(.ARM.exidx.text.BOARD_InitButtonsPins) refers to pin_mux.o(.text.BOARD_InitButtonsPins) for [Anonymous Symbol]
    pin_mux.o(.ARM.exidx.text.CLOCK_EnableClock) refers to pin_mux.o(.text.CLOCK_EnableClock) for [Anonymous Symbol]
    pin_mux.o(.text.PORT_SetPinConfig) refers to assert.o(.text) for __aeabi_assert
    pin_mux.o(.ARM.exidx.text.PORT_SetPinConfig) refers to pin_mux.o(.text.PORT_SetPinConfig) for [Anonymous Symbol]
    pin_mux.o(.ARM.exidx.text.PORT_SetPinInterruptConfig) refers to pin_mux.o(.text.PORT_SetPinInterruptConfig) for [Anonymous Symbol]
    pin_mux.o(.text.BOARD_InitLEDsPins) refers to pin_mux.o(.text.CLOCK_EnableClock) for CLOCK_EnableClock
    pin_mux.o(.text.BOARD_InitLEDsPins) refers to fsl_gpio.o(.text.GPIO_PinInit) for GPIO_PinInit
    pin_mux.o(.text.BOARD_InitLEDsPins) refers to pin_mux.o(.text.PORT_SetPinConfig) for PORT_SetPinConfig
    pin_mux.o(.ARM.exidx.text.BOARD_InitLEDsPins) refers to pin_mux.o(.text.BOARD_InitLEDsPins) for [Anonymous Symbol]
    pin_mux.o(.text.BOARD_InitOSCPins) refers to pin_mux.o(.text.CLOCK_EnableClock) for CLOCK_EnableClock
    pin_mux.o(.text.BOARD_InitOSCPins) refers to pin_mux.o(.text.PORT_SetPinMux) for PORT_SetPinMux
    pin_mux.o(.ARM.exidx.text.BOARD_InitOSCPins) refers to pin_mux.o(.text.BOARD_InitOSCPins) for [Anonymous Symbol]
    pin_mux.o(.ARM.exidx.text.PORT_SetPinMux) refers to pin_mux.o(.text.PORT_SetPinMux) for [Anonymous Symbol]
    pin_mux.o(.text.BOARD_InitACCELPins) refers to pin_mux.o(.text.CLOCK_EnableClock) for CLOCK_EnableClock
    pin_mux.o(.text.BOARD_InitACCELPins) refers to fsl_gpio.o(.text.GPIO_PinInit) for GPIO_PinInit
    pin_mux.o(.text.BOARD_InitACCELPins) refers to pin_mux.o(.text.PORT_SetPinConfig) for PORT_SetPinConfig
    pin_mux.o(.ARM.exidx.text.BOARD_InitACCELPins) refers to pin_mux.o(.text.BOARD_InitACCELPins) for [Anonymous Symbol]
    pin_mux.o(.text.BOARD_InitENETPins) refers to pin_mux.o(.text.CLOCK_EnableClock) for CLOCK_EnableClock
    pin_mux.o(.text.BOARD_InitENETPins) refers to pin_mux.o(.text.PORT_SetPinConfig) for PORT_SetPinConfig
    pin_mux.o(.ARM.exidx.text.BOARD_InitENETPins) refers to pin_mux.o(.text.BOARD_InitENETPins) for [Anonymous Symbol]
    pin_mux.o(.text.BOARD_InitSDHCPins) refers to pin_mux.o(.text.CLOCK_EnableClock) for CLOCK_EnableClock
    pin_mux.o(.text.BOARD_InitSDHCPins) refers to fsl_gpio.o(.text.GPIO_PinInit) for GPIO_PinInit
    pin_mux.o(.text.BOARD_InitSDHCPins) refers to pin_mux.o(.text.PORT_SetPinConfig) for PORT_SetPinConfig
    pin_mux.o(.ARM.exidx.text.BOARD_InitSDHCPins) refers to pin_mux.o(.text.BOARD_InitSDHCPins) for [Anonymous Symbol]
    pin_mux.o(.ARM.exidx.text.BOARD_InitUSBPins) refers to pin_mux.o(.text.BOARD_InitUSBPins) for [Anonymous Symbol]
    clock_config.o(.text.BOARD_InitBootClocks) refers to clock_config.o(.text.BOARD_BootClockRUN) for BOARD_BootClockRUN
    clock_config.o(.ARM.exidx.text.BOARD_InitBootClocks) refers to clock_config.o(.text.BOARD_InitBootClocks) for [Anonymous Symbol]
    clock_config.o(.text.BOARD_BootClockRUN) refers to clock_config.o(.text.CLOCK_SetSimSafeDivs) for CLOCK_SetSimSafeDivs
    clock_config.o(.text.BOARD_BootClockRUN) refers to clock_config.o(.rodata.oscConfig_BOARD_BootClockRUN) for oscConfig_BOARD_BootClockRUN
    clock_config.o(.text.BOARD_BootClockRUN) refers to fsl_clock.o(.text.CLOCK_InitOsc0) for CLOCK_InitOsc0
[...]

    Exec Addr    Load Addr    Size         Type   Attr      Idx    E Section Name        Object

    0x00000000   0x00000000   0x00000400   Data   RO          907    .isr_vector         startup_mk64f12.o


    Execution Region ER_m_flash_config (Exec base: 0x00000400, Load base: 0x00000400, Size: 0x00000010, Max: 0x00000010, ABSOLUTE, FIXED)

    Exec Addr    Load Addr    Size         Type   Attr      Idx    E Section Name        Object

    0x00000400   0x00000400   0x00000010   Data   RO          908    .FlashConfig        startup_mk64f12.o


    Execution Region ER_m_text (Exec base: 0x00000410, Load base: 0x00000410, Size: 0x00008320, Max: 0x000ffbf0, ABSOLUTE)

    Exec Addr    Load Addr    Size         Type   Attr      Idx    E Section Name        Object

    0x00000410   0x00000410   0x00000008   Code   RO         2211  * !!!main             c_w.l(__main.o)
    0x00000418   0x00000418   0x00000034   Code   RO         2530    !!!scatter          c_w.l(__scatter.o)
    0x0000044c   0x0000044c   0x0000001a   Code   RO         2532    !!handler_copy      c_w.l(__scatter_copy.o)
    0x00000466   0x00000466   0x00000002   PAD
    0x00000468   0x00000468   0x0000001c   Code   RO         2534    !!handler_zi        c_w.l(__scatter_zi.o)
    0x00000484   0x00000484   0x00000000   Code   RO         2184    .ARM.Collect$$_printf_percent$$00000000  c_w.l(_printf_percent.o)
    0x00000484   0x00000484   0x00000006   Code   RO         2183    .ARM.Collect$$_printf_percent$$00000009  c_w.l(_printf_d.o)
    0x0000048a   0x0000048a   0x00000004   Code   RO         2256    .ARM.Collect$$_printf_percent$$00000017  c_w.l(_printf_percent_end.o)
    0x0000048e   0x0000048e   0x00000002   Code   RO         2476    .ARM.Collect$$libinit$$00000000  c_w.l(libinit.o)
    0x00000490   0x00000490   0x00000004   Code   RO         2277    .ARM.Collect$$libinit$$00000001  c_w.l(libinit2.o)
    0x00000494   0x00000494   0x00000000   Code   RO         2280    .ARM.Collect$$libinit$$00000004  c_w.l(libinit2.o)
    0x00000494   0x00000494   0x00000008   Code   RO         2503    .ARM.Collect$$libinit$$00000008  c_w.l(libinit5.o)
    0x0000049c   0x0000049c   0x00000000   Code   RO         2283    .ARM.Collect$$libinit$$0000000A  c_w.l(libinit2.o)
    0x0000049c   0x0000049c   0x00000000   Code   RO         2285    .ARM.Collect$$libinit$$0000000C  c_w.l(libinit2.o)
    0x0000049c   0x0000049c   0x00000000   Code   RO         2287    .ARM.Collect$$libinit$$0000000E  c_w.l(libinit2.o)
    0x0000049c   0x0000049c   0x00000000   Code   RO         2290    .ARM.Collect$$libinit$$00000011  c_w.l(libinit2.o)
    0x0000049c   0x0000049c   0x00000000   Code   RO         2292    .ARM.Collect$$libinit$$00000013  c_w.l(libinit2.o)
    0x0000049c   0x0000049c   0x00000000   Code   RO         2294    .ARM.Collect$$libinit$$00000015  c_w.l(libinit2.o)
    0x0000049c   0x0000049c   0x00000000   Code   RO         2296    .ARM.Collect$$libinit$$00000017  c_w.l(libinit2.o)
    0x0000049c   0x0000049c   0x00000000   Code   RO         2298    .ARM.Collect$$libinit$$00000019  c_w.l(libinit2.o)
    0x0000049c   0x0000049c   0x00000000   Code   RO         2300    .ARM.Collect$$libinit$$0000001B  c_w.l(libinit2.o)
    0x0000049c   0x0000049c   0x00000000   Code   RO         2302    .ARM.Collect$$libinit$$0000001D  c_w.l(libinit2.o)
    0x0000049c   0x0000049c   0x00000000   Code   RO         2304    .ARM.Collect$$libinit$$0000001F  c_w.l(libinit2.o)
    0x0000049c   0x0000049c   0x00000000   Code   RO         2306    .ARM.Collect$$libinit$$00000021  c_w.l(libinit2.o)
    0x0000049c   0x0000049c   0x00000000   Code   RO         2308    .ARM.Collect$$libinit$$00000023  c_w.l(libinit2.o)
    0x0000049c   0x0000049c   0x00000004   Code   RO         2309    .ARM.Collect$$libinit$$00000024  c_w.l(libinit2.o)
    0x000004a0   0x000004a0   0x00000000   Code   RO         2310    .ARM.Collect$$libinit$$00000025  c_w.l(libinit2.o)
    0x000004a0   0x000004a0   0x00000000   Code   RO         2314    .ARM.Collect$$libinit$$0000002C  c_w.l(libinit2.o)
    0x000004a0   0x000004a0   0x00000000   Code   RO         2316    .ARM.Collect$$libinit$$0000002E  c_w.l(libinit2.o)
    0x000004a0   0x000004a0   0x00000000   Code   RO         2318    .ARM.Collect$$libinit$$00000030  c_w.l(libinit2.o)
    0x000004a0   0x000004a0   0x00000000   Code   RO         2320    .ARM.Collect$$libinit$$00000032  c_w.l(libinit2.o)
    0x000004a0   0x000004a0   0x00000002   Code   RO         2321    .ARM.Collect$$libinit$$00000033  c_w.l(libinit2.o)
    0x000004a2   0x000004a2   0x00000002   PAD
    0x000004a4   0x000004a4   0x00000008   Code   RO         2504    .ARM.Collect$$libinit$$00002719  c_w.l(libinit5.o)
    0x000004ac   0x000004ac   0x00000002   Code   RO         2528    .ARM.Collect$$libshutdown$$00000000  c_w.l(libshutdown.o)
    0x000004ae   0x000004ae   0x00000000   Code   RO         2415    .ARM.Collect$$libshutdown$$00000002  c_w.l(libshutdown2.o)
    0x000004ae   0x000004ae   0x00000004   Code   RO         2416    .ARM.Collect$$libshutdown$$00000003  c_w.l(libshutdown2.o)
    0x000004b2   0x000004b2   0x00000000   Code   RO         2417    .ARM.Collect$$libshutdown$$00000004  c_w.l(libshutdown2.o)
    0x000004b2   0x000004b2   0x00000000   Code   RO         2420    .ARM.Collect$$libshutdown$$00000007  c_w.l(libshutdown2.o)
    0x000004b2   0x000004b2   0x00000000   Code   RO         2423    .ARM.Collect$$libshutdown$$0000000A  c_w.l(libshutdown2.o)
    0x000004b2   0x000004b2   0x00000000   Code   RO         2425    .ARM.Collect$$libshutdown$$0000000C  c_w.l(libshutdown2.o)
    0x000004b2   0x000004b2   0x00000004   Code   RO         2426    .ARM.Collect$$libshutdown$$0000000D  c_w.l(libshutdown2.o)
    0x000004b6   0x000004b6   0x00000000   Code   RO         2428    .ARM.Collect$$libshutdown$$0000000F  c_w.l(libshutdown2.o)
    0x000004b6   0x000004b6   0x00000002   Code   RO         2429    .ARM.Collect$$libshutdown$$00000010  c_w.l(libshutdown2.o)
    0x000004b8   0x000004b8   0x00000000   Code   RO         2216    .ARM.Collect$$rtentry$$00000000  c_w.l(__rtentry.o)
    0x000004b8   0x000004b8   0x00000000   Code   RO         2335    .ARM.Collect$$rtentry$$00000002  c_w.l(__rtentry2.o)
    0x000004b8   0x000004b8   0x00000004   Code   RO         2349    .ARM.Collect$$rtentry$$00000007  c_w.l(__rtentry7.o)
    0x000004bc   0x000004bc   0x00000008   Code   RO         2336    .ARM.Collect$$rtentry$$00000008  c_w.l(__rtentry2.o)
    0x000004c4   0x000004c4   0x00000004   Code   RO         2338    .ARM.Collect$$rtentry$$0000000A  c_w.l(__rtentry2.o)
    0x000004c8   0x000004c8   0x00000000   Code   RO         2340    .ARM.Collect$$rtentry$$0000000C  c_w.l(__rtentry2.o)
    0x000004c8   0x000004c8   0x00000008   Code   RO         2341    .ARM.Collect$$rtentry$$0000000D  c_w.l(__rtentry2.o)
    0x000004d0   0x000004d0   0x00000004   Code   RO         2350    .ARM.Collect$$rtentry$$00002718  c_w.l(__rtentry7.o)
    0x000004d4   0x000004d4   0x00000002   Code   RO         2481    .ARM.Collect$$rtexit$$00000000  c_w.l(rtexit.o)
    0x000004d6   0x000004d6   0x00000000   Code   RO         2508    .ARM.Collect$$rtexit$$00000002  c_w.l(rtexit2.o)
    0x000004d6   0x000004d6   0x00000004   Code   RO         2509    .ARM.Collect$$rtexit$$00000003  c_w.l(rtexit2.o)
    0x000004da   0x000004da   0x00000006   Code   RO         2510    .ARM.Collect$$rtexit$$00000004  c_w.l(rtexit2.o)
    0x000004e0   0x000004e0   0x000001dc   Code   RO          906    .text               startup_mk64f12.o
    0x000006bc   0x000006bc   0x000000c8   Code   RO         1652    .text               RTX_CM4F.lib(irq_armv7m.o)
    0x00000784   0x00000784   0x00000004   Code   RO         2085    .text               c_w.l(rt_errno_addr_twolibspace.o)
    0x00000788   0x00000788   0x000000a6   Code   RO         2095    .text               c_w.l(h1_alloc_threads.o)
    0x0000082e   0x0000082e   0x00000076   Code   RO         2097    .text               c_w.l(h1_free_threads.o)
    0x000008a4   0x000008a4   0x00000018   Code   RO         2155    .text               c_w.l(noretval__2printf.o)
    0x000008bc   0x000008bc   0x00000028   Code   RO         2157    .text               c_w.l(noretval__2sprintf.o)
    0x000008e4   0x000008e4   0x00000068   Code   RO         2159    .text               c_w.l(__printf.o)
    0x0000094c   0x0000094c   0x00000078   Code   RO         2161    .text               c_w.l(_printf_dec.o)
    0x000009c4   0x000009c4   0x00000080   Code   RO         2195    .text               c_w.l(assert.o)
    0x00000a44   0x00000a44   0x0000008a   Code   RO         2199    .text               c_w.l(rt_memcpy_v6.o)
    0x00000ace   0x00000ace   0x00000008   Code   RO         2201    .text               c_w.l(memcpy.o)
    0x00000ad6   0x00000ad6   0x00000016   Code   RO         2203    .text               c_w.l(memset.o)
    0x00000aec   0x00000aec   0x00000044   Code   RO         2205    .text               c_w.l(rt_memclr.o)
    0x00000b30   0x00000b30   0x0000004e   Code   RO         2207    .text               c_w.l(rt_memclr_w.o)
    0x00000b7e   0x00000b7e   0x00000002   PAD
    0x00000b80   0x00000b80   0x0000007c   Code   RO         2209    .text               c_w.l(strcmpv7em.o)
    0x00000bfc   0x00000bfc   0x00000008   Code   RO         2213    .text               c_w.l(libspace.o)
    0x00000c04   0x00000c04   0x0000000a   Code   RO         2228    .text               c_w.l(rt_heap_descriptor_twolibspace.o)
    0x00000c0e   0x00000c0e   0x00000004   Code   RO         2230    .text               c_w.l(hguard.o)
    0x00000c12   0x00000c12   0x0000008a   Code   RO         2232    .text               c_w.l(init_alloc.o)
    0x00000c9c   0x00000c9c   0x00000012   Code   RO         2238    .text               c_w.l(h1_init_threads.o)
    0x00000cae   0x00000cae   0x000000b2   Code   RO         2248    .text               c_w.l(_printf_intcommon.o)
    0x00000d60   0x00000d60   0x00000030   Code   RO         2250    .text               c_w.l(_printf_char_common.o)
    0x00000d90   0x00000d90   0x0000000a   Code   RO         2252    .text               c_w.l(_sputc.o)
    0x00000d9a   0x00000d9a   0x00000002   PAD
    0x00000d9c   0x00000d9c   0x000001c8   Code   RO         2267    .text               c_w.l(initio_locked.o)
    0x00000f64   0x00000f64   0x00000016   Code   RO         2269    .text               c_w.l(abort.o)
    0x00000f7a   0x00000f7a   0x00000064   Code   RO         2273    .text               c_w.l(rt_memcpy_w.o)
    0x00000fde   0x00000fde   0x0000000e   Code   RO         2322    .text               c_w.l(sys_wrch.o)
    0x00000fec   0x00000fec   0x0000000c   Code   RO         2326    .text               c_w.l(sys_exit.o)
    0x00000ff8   0x00000ff8   0x00000000   Code   RO         2366    .text               c_w.l(maybetermalloc2.o)
    0x00000ff8   0x00000ff8   0x00000052   Code   RO         2369    .text               c_w.l(h1_extend_threads.o)
    0x0000104a   0x0000104a   0x000001d6   Code   RO         2377    .text               c_w.l(flsbuf.o)
    0x00001220   0x00001220   0x0000004c   Code   RO         2384    .text               c_w.l(fclose.o)
    0x0000126c   0x0000126c   0x00000068   Code   RO         2388    .text               c_w.l(setvbuf_locked.o)
    0x000012d4   0x000012d4   0x0000014c   Code   RO         2390    .text               c_w.l(fopen_locked.o)
    0x00001420   0x00001420   0x0000000e   Code   RO         2395    .text               c_w.l(defsig_abrt_outer.o)
    0x0000142e   0x0000142e   0x0000000e   Code   RO         2399    .text               c_w.l(defsig_rtred_outer.o)
    0x0000143c   0x0000143c   0x0000000e   Code   RO         2403    .text               c_w.l(defsig_rtmem_outer.o)
    0x0000144a   0x0000144a   0x00000002   Code   RO         2434    .text               c_w.l(use_no_semi.o)
    0x0000144c   0x0000144c   0x00000000   Code   RO         2436    .text               c_w.l(indicate_semi.o)
    0x0000144c   0x0000144c   0x00000010   Code   RO         2441    .text               c_w.l(term_alloc.o)
    0x0000145c   0x0000145c   0x00000040   Code   RO         2443    .text               c_w.l(_printf_char_file_locked.o)
    0x0000149c   0x0000149c   0x000000f8   Code   RO         2445    .text               c_w.l(fseek.o)
    0x00001594   0x00001594   0x000000f0   Code   RO         2447    .text               c_w.l(stdio.o)
    0x00001684   0x00001684   0x00000012   Code   RO         2453    .text               c_w.l(exit.o)
    0x00001696   0x00001696   0x0000000a   Code   RO         2455    .text               c_w.l(defsig_exit.o)
    0x000016a0   0x000016a0   0x00000030   Code   RO         2457    .text               c_w.l(defsig_abrt_inner.o)
    0x000016d0   0x000016d0   0x00000034   Code   RO         2463    .text               c_w.l(defsig_rtred_inner.o)
    0x00001704   0x00001704   0x00000050   Code   RO         2465    .text               c_w.l(defsig_rtmem_inner.o)
    0x00001754   0x00001754   0x00000018   Code   RO         2467    .text               c_w.l(assert_stdio.o)
    0x0000176c   0x0000176c   0x0000000a   Code   RO         2485    .text               c_w.l(h1_final_threads.o)
    0x00001776   0x00001776   0x00000042   Code   RO         2491    .text               c_w.l(ftell.o)
    0x000017b8   0x000017b8   0x00000036   Code   RO         2493    .text               c_w.l(fputs_locked.o)
    0x000017ee   0x000017ee   0x00000002   PAD
    0x000017f0   0x000017f0   0x00000090   Code   RO         2495    .text               c_w.l(fflush_locked.o)
    0x00001880   0x00001880   0x00000032   Code   RO         2499    .text               c_w.l(defsig_general.o)
    0x000018b2   0x000018b2   0x00000002   PAD
    0x000018b4   0x000018b4   0x00000074   Code   RO           50    .text.BOARD_BootClockRUN  clock_config.o
    0x00001928   0x00001928   0x00000008   Code   RO           12    .text.BOARD_InitBootPins  pin_mux.o
    0x00001930   0x00001930   0x0000004c   Code   RO           16    .text.BOARD_InitDEBUG_UARTPins  pin_mux.o
    0x0000197c   0x0000197c   0x00000008   Code   RO            4    .text.BOARD_InitDebugConsole  board.o
    0x00001984   0x00001984   0x00000090   Code   RO           26    .text.BOARD_InitLEDsPins  pin_mux.o
    0x00001a14   0x00001a14   0x0000004a   Code   RO          710    .text.CLOCK_BootToPeeMode  fsl_clock.o
    0x00001a5e   0x00001a5e   0x00000002   PAD
    0x00001a60   0x00001a60   0x00000012   Code   RO           56    .text.CLOCK_CONFIG_SetFllExtRefDiv  clock_config.o
    0x00001a72   0x00001a72   0x00000002   PAD
    0x00001a74   0x00001a74   0x00000012   Code   RO          634    .text.CLOCK_DisableClock  fsl_clock.o
    0x00001a86   0x00001a86   0x00000002   PAD
    0x00001a88   0x00001a88   0x0000001c   Code   RO           20    .text.CLOCK_EnableClock  pin_mux.o
    0x00001aa4   0x00001aa4   0x00000012   Code   RO          636    .text.CLOCK_EnableClock  fsl_clock.o
    0x00001ab6   0x00001ab6   0x00000002   PAD
    0x00001ab8   0x00001ab8   0x00000050   Code   RO          652    .text.CLOCK_EnablePll0  fsl_clock.o
    0x00001b08   0x00001b08   0x000000a0   Code   RO          632    .text.CLOCK_EnableUsbfs0Clock  fsl_clock.o
    0x00001ba8   0x00001ba8   0x0000001c   Code   RO          618    .text.CLOCK_GetCoreSysClkFreq  fsl_clock.o
    0x00001bc4   0x00001bc4   0x00000064   Code   RO          716    .text.CLOCK_GetFllExtRefClkFreq  fsl_clock.o
    0x00001c28   0x00001c28   0x00000050   Code   RO          604    .text.CLOCK_GetFllFreq  fsl_clock.o
    0x00001c78   0x00001c78   0x00000022   Code   RO          642    .text.CLOCK_GetFllRefClkFreq  fsl_clock.o
    0x00001c9a   0x00001c9a   0x00000002   PAD
    0x00001c9c   0x00001c9c   0x00000030   Code   RO          638    .text.CLOCK_GetInternalRefClkSelectFreq  fsl_clock.o
    0x00001ccc   0x00001ccc   0x00000094   Code   RO          640    .text.CLOCK_GetMcgExtClkFreq  fsl_clock.o
    0x00001d60   0x00001d60   0x00000020   Code   RO          666    .text.CLOCK_GetOscRangeFromFreq  fsl_clock.o
    0x00001d80   0x00001d80   0x00000030   Code   RO          610    .text.CLOCK_GetOutClkFreq  fsl_clock.o
    0x00001db0   0x00001db0   0x00000050   Code   RO          606    .text.CLOCK_GetPll0Freq  fsl_clock.o
    0x00001e00   0x00001e00   0x00000008   Code   RO          644    .text.CLOCK_GetPll0RefFreq  fsl_clock.o
    0x00001e08   0x00001e08   0x00000058   Code   RO          664    .text.CLOCK_InitOsc0  fsl_clock.o
    0x00001e60   0x00001e60   0x00000012   Code   RO           64    .text.CLOCK_SetClkOutClock  clock_config.o
    0x00001e72   0x00001e72   0x00000002   PAD
    0x00001e74   0x00001e74   0x00000014   Code   RO           58    .text.CLOCK_SetEnetTime0Clock  clock_config.o
    0x00001e88   0x00001e88   0x00000012   Code   RO          630    .text.CLOCK_SetEr32kClock  fsl_clock.o
    0x00001e9a   0x00001e9a   0x00000002   PAD
    0x00001e9c   0x00001e9c   0x0000003a   Code   RO          646    .text.CLOCK_SetExternalRefClkConfig  fsl_clock.o
    0x00001ed6   0x00001ed6   0x00000002   PAD
    0x00001ed8   0x00001ed8   0x00000092   Code   RO          648    .text.CLOCK_SetInternalRefClkConfig  fsl_clock.o
    0x00001f6a   0x00001f6a   0x00000002   PAD
    0x00001f6c   0x00001f6c   0x00000072   Code   RO          694    .text.CLOCK_SetPbeMode  fsl_clock.o
    0x00001fde   0x00001fde   0x00000002   PAD
    0x00001fe0   0x00001fe0   0x00000012   Code   RO          628    .text.CLOCK_SetPllFllSelClock  fsl_clock.o
    0x00001ff2   0x00001ff2   0x00000002   PAD
    0x00001ff4   0x00001ff4   0x00000012   Code   RO           60    .text.CLOCK_SetRmii0Clock  clock_config.o
    0x00002006   0x00002006   0x00000002   PAD
    0x00002008   0x00002008   0x00000014   Code   RO           62    .text.CLOCK_SetSdhc0Clock  clock_config.o
    0x0000201c   0x0000201c   0x0000001e   Code   RO          626    .text.CLOCK_SetSimConfig  fsl_clock.o
    0x0000203a   0x0000203a   0x00000002   PAD
    0x0000203c   0x0000203c   0x00000010   Code   RO           52    .text.CLOCK_SetSimSafeDivs  clock_config.o
    0x0000204c   0x0000204c   0x00000012   Code   RO           66    .text.CLOCK_SetTraceClock  clock_config.o
    0x0000205e   0x0000205e   0x00000002   PAD
    0x00002060   0x00002060   0x00000014   Code   RO           54    .text.CLOCK_SetXtal0Freq  clock_config.o
    0x00002074   0x00002074   0x0000002e   Code   RO          313    .text.EventCheckFilter  eventrecorder.o
    0x000020a2   0x000020a2   0x00000002   PAD
    0x000020a4   0x000020a4   0x00000028   Code   RO          299    .text.EventGetTS    eventrecorder.o
    0x000020cc   0x000020cc   0x00000036   Code   RO          317    .text.EventRecord2  eventrecorder.o
    0x00002102   0x00002102   0x00000002   PAD
    0x00002104   0x00002104   0x00000068   Code   RO          319    .text.EventRecord4  eventrecorder.o
    0x0000216c   0x0000216c   0x000000ac   Code   RO          301    .text.EventRecordItem  eventrecorder.o
    0x00002218   0x00002218   0x0000006c   Code   RO          297    .text.EventRecorderEnable  eventrecorder.o
    0x00002284   0x00002284   0x000000f4   Code   RO          293    .text.EventRecorderInitialize  eventrecorder.o
    0x00002378   0x00002378   0x00000030   Code   RO          303    .text.EventRecorderStart  eventrecorder.o
    0x000023a8   0x000023a8   0x0000000c   Code   RO          291    .text.EventRecorderTimerGetCount  eventrecorder.o
    0x000023b4   0x000023b4   0x0000000c   Code   RO          289    .text.EventRecorderTimerGetFreq  eventrecorder.o
    0x000023c0   0x000023c0   0x00000024   Code   RO          287    .text.EventRecorderTimerSetup  eventrecorder.o
    0x000023e4   0x000023e4   0x00000050   Code   RO          757    .text.GPIO_PinInit  fsl_gpio.o
    0x00002434   0x00002434   0x00000012   Code   RO          759    .text.GPIO_PinWrite  fsl_gpio.o
    0x00002446   0x00002446   0x00000002   PAD
    0x00002448   0x00002448   0x00000010   Code   RO           93    .text.GPIO_PortToggle  main.o
    0x00002458   0x00002458   0x00000008   Code   RO          315    .text.GetContext    eventrecorder.o
    0x00002460   0x00002460   0x00000012   Code   RO          329    .text.GetRecordIndex  eventrecorder.o
    0x00002472   0x00002472   0x00000002   PAD
    0x00002474   0x00002474   0x00000012   Code   RO          323    .text.IncrementOverflowTS  eventrecorder.o
    0x00002486   0x00002486   0x00000002   PAD
    0x00002488   0x00002488   0x00000012   Code   RO          337    .text.IncrementRecordsDumped  eventrecorder.o
    0x0000249a   0x0000249a   0x00000002   PAD
    0x0000249c   0x0000249c   0x00000012   Code   RO          335    .text.IncrementRecordsWritten  eventrecorder.o
    0x000024ae   0x000024ae   0x00000002   PAD
    0x000024b0   0x000024b0   0x00000024   Code   RO          331    .text.LockRecord    eventrecorder.o
    0x000024d4   0x000024d4   0x00000054   Code   RO           87    .text.Message       main.o
    0x00002528   0x00002528   0x00000040   Code   RO         1635    .text.MessageQueueGet  RTX_CM4F.lib(rtx_msgqueue.o)
    0x00002568   0x00002568   0x00000058   Code   RO         1629    .text.MessageQueuePut  RTX_CM4F.lib(rtx_msgqueue.o)
    0x000025c0   0x000025c0   0x0000001c   Code   RO         1627    .text.MessageQueueRemove  RTX_CM4F.lib(rtx_msgqueue.o)
    0x000025dc   0x000025dc   0x00000014   Code   RO          668    .text.OSC_SetCapLoad  fsl_clock.o
    0x000025f0   0x000025f0   0x00000016   Code   RO          670    .text.OSC_SetExtRefClkConfig  fsl_clock.o
    0x00002606   0x00002606   0x00000002   PAD
    0x00002608   0x00002608   0x00000008   Code   RO         2009    .text.OS_Tick_AcknowledgeIRQ  RTX_CM4F.lib(os_systick.o)
    0x00002610   0x00002610   0x00000024   Code   RO         2005    .text.OS_Tick_Enable  RTX_CM4F.lib(os_systick.o)
    0x00002634   0x00002634   0x00000006   Code   RO         2011    .text.OS_Tick_GetIRQn  RTX_CM4F.lib(os_systick.o)
    0x0000263a   0x0000263a   0x00000002   PAD
    0x0000263c   0x0000263c   0x00000040   Code   RO         2003    .text.OS_Tick_Setup  RTX_CM4F.lib(os_systick.o)
    0x0000267c   0x0000267c   0x0000000c   Code   RO         1251    .text.OUTLINED_FUNCTION_0  RTX_CM4F.lib(rtx_kernel.o)
    0x00002688   0x00002688   0x00000006   Code   RO         1393    .text.OUTLINED_FUNCTION_0  RTX_CM4F.lib(rtx_thread.o)
    0x0000268e   0x0000268e   0x0000000c   Code   RO         1643    .text.OUTLINED_FUNCTION_0  RTX_CM4F.lib(rtx_msgqueue.o)
    0x0000269a   0x0000269a   0x00000006   Code   RO         1253    .text.OUTLINED_FUNCTION_1  RTX_CM4F.lib(rtx_kernel.o)
    0x000026a0   0x000026a0   0x00000006   Code   RO         1395    .text.OUTLINED_FUNCTION_1  RTX_CM4F.lib(rtx_thread.o)
    0x000026a6   0x000026a6   0x00000014   Code   RO         1397    .text.OUTLINED_FUNCTION_2  RTX_CM4F.lib(rtx_thread.o)
    0x000026ba   0x000026ba   0x00000008   Code   RO         1399    .text.OUTLINED_FUNCTION_3  RTX_CM4F.lib(rtx_thread.o)
    0x000026c2   0x000026c2   0x00000002   PAD
    0x000026c4   0x000026c4   0x00000060   Code   RO           22    .text.PORT_SetPinConfig  pin_mux.o
    0x00002724   0x00002724   0x00000012   Code   RO           91    .text.SYSMPU_Enable  main.o
    0x00002736   0x00002736   0x0000002e   Code   RO         1527    .text.SemaphoreTokenIncrement  RTX_CM4F.lib(rtx_semaphore.o)
    0x00002764   0x00002764   0x00000034   Code   RO          817    .text.SystemInit    system_mk64f12.o
    0x00002798   0x00002798   0x00000002   Code   RO          819    .text.SystemInitHook  system_mk64f12.o
    0x0000279a   0x0000279a   0x00000064   Code   RO         1345    .text.ThreadFlagsCheck  RTX_CM4F.lib(rtx_thread.o)
    0x000027fe   0x000027fe   0x00000002   PAD
    0x00002800   0x00002800   0x00000048   Code   RO         1445    .text.TimerInsert   RTX_CM4F.lib(rtx_timer.o)
    0x00002848   0x00002848   0x00000008   Code   RO          110    .text.USB0_IRQHandler  otg_fs_mk64f.o
    0x00002850   0x00002850   0x0000000c   Code   RO          942    .text.USBD0_SignalDeviceEvent  usbd_config_0.o
    0x0000285c   0x0000285c   0x0000000e   Code   RO          944    .text.USBD0_SignalEndpointEvent  usbd_config_0.o
    0x0000286a   0x0000286a   0x00000002   PAD
    0x0000286c   0x0000286c   0x00000002   Code   RO          980    .text.USBD_CDC0_ACM_DataReceived  usbd_config_0.o
    0x0000286e   0x0000286e   0x00000002   PAD
    0x00002870   0x00002870   0x00000002   Code   RO          982    .text.USBD_CDC0_ACM_DataSent  usbd_config_0.o
    0x00002872   0x00002872   0x00000002   PAD
    0x00002874   0x00002874   0x00000004   Code   RO          972    .text.USBD_CDC0_ACM_GetEncapsulatedResponse  usbd_config_0.o
    0x00002878   0x00002878   0x00000004   Code   RO          976    .text.USBD_CDC0_ACM_GetLineCoding  usbd_config_0.o
    0x0000287c   0x0000287c   0x00000002   Code   RO          964    .text.USBD_CDC0_ACM_Initialize  usbd_config_0.o
    0x0000287e   0x0000287e   0x00000002   PAD
    0x00002880   0x00002880   0x00000002   Code   RO          968    .text.USBD_CDC0_ACM_Reset  usbd_config_0.o
    0x00002882   0x00002882   0x00000002   PAD
    0x00002884   0x00002884   0x00000004   Code   RO          970    .text.USBD_CDC0_ACM_SendEncapsulatedCommand  usbd_config_0.o
    0x00002888   0x00002888   0x00000004   Code   RO          978    .text.USBD_CDC0_ACM_SetControlLineState  usbd_config_0.o
    0x0000288c   0x0000288c   0x00000004   Code   RO          974    .text.USBD_CDC0_ACM_SetLineCoding  usbd_config_0.o
    0x00002890   0x00002890   0x00000002   Code   RO          966    .text.USBD_CDC0_ACM_Uninitialize  usbd_config_0.o
    0x00002892   0x00002892   0x00000002   PAD
    0x00002894   0x00002894   0x00000004   Code   RO         1022    .text.USBD_CDC0_NCM_GetCrcMode  usbd_config_0.o
    0x00002898   0x00002898   0x00000004   Code   RO          998    .text.USBD_CDC0_NCM_GetEthernetPowerManagementPatternFilter  usbd_config_0.o
    0x0000289c   0x0000289c   0x00000004   Code   RO         1002    .text.USBD_CDC0_NCM_GetEthernetStatistic  usbd_config_0.o
    0x000028a0   0x000028a0   0x00000004   Code   RO         1018    .text.USBD_CDC0_NCM_GetMaxDatagramSize  usbd_config_0.o
    0x000028a4   0x000028a4   0x00000004   Code   RO         1006    .text.USBD_CDC0_NCM_GetNetAddress  usbd_config_0.o
    0x000028a8   0x000028a8   0x00000004   Code   RO         1010    .text.USBD_CDC0_NCM_GetNtbFormat  usbd_config_0.o
    0x000028ac   0x000028ac   0x00000004   Code   RO         1014    .text.USBD_CDC0_NCM_GetNtbInputSize  usbd_config_0.o
    0x000028b0   0x000028b0   0x00000004   Code   RO         1004    .text.USBD_CDC0_NCM_GetNtbParameters  usbd_config_0.o
    0x000028b4   0x000028b4   0x00000002   Code   RO          984    .text.USBD_CDC0_NCM_Initialize  usbd_config_0.o
    0x000028b6   0x000028b6   0x00000002   PAD
    0x000028b8   0x000028b8   0x00000002   Code   RO         1026    .text.USBD_CDC0_NCM_NTB_IN_Sent  usbd_config_0.o
    0x000028ba   0x000028ba   0x00000002   PAD
    0x000028bc   0x000028bc   0x00000002   Code   RO         1028    .text.USBD_CDC0_NCM_NTB_OUT_Received  usbd_config_0.o
    0x000028be   0x000028be   0x00000002   PAD
    0x000028c0   0x000028c0   0x00000002   Code   RO          988    .text.USBD_CDC0_NCM_Reset  usbd_config_0.o
    0x000028c2   0x000028c2   0x00000002   PAD
    0x000028c4   0x000028c4   0x00000004   Code   RO         1024    .text.USBD_CDC0_NCM_SetCrcMode  usbd_config_0.o
    0x000028c8   0x000028c8   0x00000004   Code   RO          994    .text.USBD_CDC0_NCM_SetEthernetMulticastFilters  usbd_config_0.o
    0x000028cc   0x000028cc   0x00000004   Code   RO         1000    .text.USBD_CDC0_NCM_SetEthernetPacketFilter  usbd_config_0.o
    0x000028d0   0x000028d0   0x00000004   Code   RO          996    .text.USBD_CDC0_NCM_SetEthernetPowerManagementPatternFilter  usbd_config_0.o
    0x000028d4   0x000028d4   0x00000004   Code   RO         1020    .text.USBD_CDC0_NCM_SetMaxDatagramSize  usbd_config_0.o
    0x000028d8   0x000028d8   0x00000004   Code   RO         1008    .text.USBD_CDC0_NCM_SetNetAddress  usbd_config_0.o
    0x000028dc   0x000028dc   0x00000004   Code   RO         1012    .text.USBD_CDC0_NCM_SetNtbFormat  usbd_config_0.o
    0x000028e0   0x000028e0   0x00000004   Code   RO         1016    .text.USBD_CDC0_NCM_SetNtbInputSize  usbd_config_0.o
    0x000028e4   0x000028e4   0x00000002   Code   RO          990    .text.USBD_CDC0_NCM_Start  usbd_config_0.o
    0x000028e6   0x000028e6   0x00000002   PAD
    0x000028e8   0x000028e8   0x00000002   Code   RO          992    .text.USBD_CDC0_NCM_Stop  usbd_config_0.o
    0x000028ea   0x000028ea   0x00000002   PAD
    0x000028ec   0x000028ec   0x00000002   Code   RO          986    .text.USBD_CDC0_NCM_Uninitialize  usbd_config_0.o
    0x000028ee   0x000028ee   0x00000002   PAD
    0x000028f0   0x000028f0   0x00000012   Code   RO         1070    .text.USBD_ClassInitialize  usbd_config_0.o
    0x00002902   0x00002902   0x00000002   PAD
    0x00002904   0x00002904   0x00000012   Code   RO         1072    .text.USBD_ClassUninitialize  usbd_config_0.o
    0x00002916   0x00002916   0x00000002   PAD
    0x00002918   0x00002918   0x00000004   Code   RO          954    .text.USBD_Class_Endpoint0_InDataSent  usbd_config_0.o
    0x0000291c   0x0000291c   0x00000004   Code   RO          952    .text.USBD_Class_Endpoint0_OutDataReceived  usbd_config_0.o
    0x00002920   0x00002920   0x00000002   Code   RO          950    .text.USBD_Class_Endpoint0_SetupPacketProcessed  usbd_config_0.o
    0x00002922   0x00002922   0x00000002   PAD
    0x00002924   0x00002924   0x00000004   Code   RO          948    .text.USBD_Class_Endpoint0_SetupPacketReceived  usbd_config_0.o
    0x00002928   0x00002928   0x00000002   Code   RO         1185    .text.USBD_Debug_Initialize  usb_debug.o
    0x0000292a   0x0000292a   0x00000002   PAD
    0x0000292c   0x0000292c   0x0000000c   Code   RO          918    .text.USBD_Delay    usbd_config_0.o
    0x00002938   0x00002938   0x00000002   Code   RO         1056    .text.USBD_Device0_ConfigurationChanged  usbd_config_0.o
    0x0000293a   0x0000293a   0x00000002   PAD
    0x0000293c   0x0000293c   0x00000002   Code   RO         1060    .text.USBD_Device0_DisableRemoteWakeup  usbd_config_0.o
    0x0000293e   0x0000293e   0x00000002   PAD
    0x00002940   0x00002940   0x00000002   Code   RO         1058    .text.USBD_Device0_EnableRemoteWakeup  usbd_config_0.o
    0x00002942   0x00002942   0x00000002   PAD
    0x00002944   0x00002944   0x00000004   Code   RO         1068    .text.USBD_Device0_Endpoint0_InDataSent  usbd_config_0.o
    0x00002948   0x00002948   0x00000004   Code   RO         1066    .text.USBD_Device0_Endpoint0_OutDataReceived  usbd_config_0.o
    0x0000294c   0x0000294c   0x00000002   Code   RO         1064    .text.USBD_Device0_Endpoint0_SetupPacketProcessed  usbd_config_0.o
    0x0000294e   0x0000294e   0x00000002   PAD
    0x00002950   0x00002950   0x00000004   Code   RO         1062    .text.USBD_Device0_Endpoint0_SetupPacketReceived  usbd_config_0.o
    0x00002954   0x00002954   0x00000002   Code   RO         1046    .text.USBD_Device0_EventReset  usbd_config_0.o
    0x00002956   0x00002956   0x00000002   PAD
    0x00002958   0x00002958   0x00000002   Code   RO         1050    .text.USBD_Device0_HighSpeedActivated  usbd_config_0.o
    0x0000295a   0x0000295a   0x00000002   PAD
    0x0000295c   0x0000295c   0x00000002   Code   RO         1040    .text.USBD_Device0_Initialize  usbd_config_0.o
    0x0000295e   0x0000295e   0x00000002   PAD
    0x00002960   0x00002960   0x00000008   Code   RO         1048    .text.USBD_Device0_Reset  usbd_config_0.o
    0x00002968   0x00002968   0x00000002   Code   RO         1054    .text.USBD_Device0_Resumed  usbd_config_0.o
    0x0000296a   0x0000296a   0x00000002   PAD
    0x0000296c   0x0000296c   0x00000002   Code   RO         1052    .text.USBD_Device0_Suspended  usbd_config_0.o
    0x0000296e   0x0000296e   0x00000002   PAD
    0x00002970   0x00002970   0x00000002   Code   RO         1042    .text.USBD_Device0_Uninitialize  usbd_config_0.o
    0x00002972   0x00002972   0x00000002   PAD
    0x00002974   0x00002974   0x00000002   Code   RO         1044    .text.USBD_Device0_VbusChanged  usbd_config_0.o
    0x00002976   0x00002976   0x00000002   PAD
    0x00002978   0x00002978   0x00000024   Code   RO          141    .text.USBD_DeviceConnect  usbd_fs_mk64f.o
    0x0000299c   0x0000299c   0x00000022   Code   RO          143    .text.USBD_DeviceDisconnect  usbd_fs_mk64f.o
    0x000029be   0x000029be   0x00000002   PAD
    0x000029c0   0x000029c0   0x0000000c   Code   RO          145    .text.USBD_DeviceGetState  usbd_fs_mk64f.o
    0x000029cc   0x000029cc   0x00000038   Code   RO          147    .text.USBD_DeviceRemoteWakeup  usbd_fs_mk64f.o
    0x00002a04   0x00002a04   0x00000026   Code   RO          149    .text.USBD_DeviceSetAddress  usbd_fs_mk64f.o
    0x00002a2a   0x00002a2a   0x00000002   PAD
    0x00002a2c   0x00002a2c   0x00000002   Code   RO         1036    .text.USBD_Endpoint0_ClearFeatureStall_MSC  usbd_config_0.o
    0x00002a2e   0x00002a2e   0x00000002   PAD
    0x00002a30   0x00002a30   0x00000004   Code   RO          962    .text.USBD_Endpoint0_Out_ADC_ReqToEP  usbd_config_0.o
    0x00002a34   0x00002a34   0x00000004   Code   RO          958    .text.USBD_Endpoint0_Out_ADC_ReqToIF  usbd_config_0.o
    0x00002a38   0x00002a38   0x00000004   Code   RO         1034    .text.USBD_Endpoint0_Out_HID_ReqToIF  usbd_config_0.o
    0x00002a3c   0x00002a3c   0x00000004   Code   RO         1030    .text.USBD_Endpoint0_ReqGetDescriptor_HID  usbd_config_0.o
    0x00002a40   0x00002a40   0x00000004   Code   RO          946    .text.USBD_Endpoint0_ReqGetExtProp_CC  usbd_config_0.o
    0x00002a44   0x00002a44   0x00000004   Code   RO          960    .text.USBD_Endpoint0_Setup_ADC_ReqToEP  usbd_config_0.o
    0x00002a48   0x00002a48   0x00000004   Code   RO          956    .text.USBD_Endpoint0_Setup_ADC_ReqToIF  usbd_config_0.o
    0x00002a4c   0x00002a4c   0x00000004   Code   RO         1032    .text.USBD_Endpoint0_Setup_HID_ReqToIF  usbd_config_0.o
    0x00002a50   0x00002a50   0x00000004   Code   RO         1038    .text.USBD_Endpoint0_Setup_MSC_ReqToIF  usbd_config_0.o
    0x00002a54   0x00002a54   0x00000074   Code   RO          153    .text.USBD_EndpointConfigure  usbd_fs_mk64f.o
    0x00002ac8   0x00002ac8   0x00000086   Code   RO          157    .text.USBD_EndpointStall  usbd_fs_mk64f.o
    0x00002b4e   0x00002b4e   0x00000002   PAD
    0x00002b50   0x00002b50   0x00000020   Code   RO         1078    .text.USBD_EndpointStart  usbd_config_0.o
    0x00002b70   0x00002b70   0x00000020   Code   RO         1080    .text.USBD_EndpointStop  usbd_config_0.o
    0x00002b90   0x00002b90   0x00000068   Code   RO          159    .text.USBD_EndpointTransfer  usbd_fs_mk64f.o
    0x00002bf8   0x00002bf8   0x00000052   Code   RO          163    .text.USBD_EndpointTransferAbort  usbd_fs_mk64f.o
    0x00002c4a   0x00002c4a   0x00000002   PAD
    0x00002c4c   0x00002c4c   0x0000001a   Code   RO          161    .text.USBD_EndpointTransferGetResult  usbd_fs_mk64f.o
    0x00002c66   0x00002c66   0x00000002   PAD
    0x00002c68   0x00002c68   0x00000082   Code   RO          155    .text.USBD_EndpointUnconfigure  usbd_fs_mk64f.o
    0x00002cea   0x00002cea   0x00000002   PAD
    0x00002cec   0x00002cec   0x00000270   Code   RO          125    .text.USBD_FS_IRQ   usbd_fs_mk64f.o
    0x00002f5c   0x00002f5c   0x00000004   Code   RO          133    .text.USBD_GetCapabilities  usbd_fs_mk64f.o
    0x00002f60   0x00002f60   0x00000024   Code   RO          165    .text.USBD_GetFrameNumber  usbd_fs_mk64f.o
    0x00002f84   0x00002f84   0x0000000a   Code   RO          131    .text.USBD_GetVersion  usbd_fs_mk64f.o
    0x00002f8e   0x00002f8e   0x00000002   PAD
    0x00002f90   0x00002f90   0x000000cc   Code   RO          129    .text.USBD_HW_EndpointTransfer  usbd_fs_mk64f.o
    0x0000305c   0x0000305c   0x00000036   Code   RO          135    .text.USBD_Initialize  usbd_fs_mk64f.o
    0x00003092   0x00003092   0x00000002   PAD
    0x00003094   0x00003094   0x0000006a   Code   RO          920    .text.USBD_MsToTick  usbd_config_0.o
    0x000030fe   0x000030fe   0x00000002   PAD
    0x00003100   0x00003100   0x0000014e   Code   RO          139    .text.USBD_PowerControl  usbd_fs_mk64f.o
    0x0000324e   0x0000324e   0x00000002   PAD
    0x00003250   0x00003250   0x0000004c   Code   RO          151    .text.USBD_ReadSetupPacket  usbd_fs_mk64f.o
    0x0000329c   0x0000329c   0x00000100   Code   RO          127    .text.USBD_Reset    usbd_fs_mk64f.o
    0x0000339c   0x0000339c   0x00000014   Code   RO         1074    .text.USBD_Reset    usbd_config_0.o
    0x000033b0   0x000033b0   0x0000001e   Code   RO          936    .text.USBD_SemaphoreAcquire  usbd_config_0.o
    0x000033ce   0x000033ce   0x00000002   PAD
    0x000033d0   0x000033d0   0x00000078   Code   RO          934    .text.USBD_SemaphoreCreate  usbd_config_0.o
    0x00003448   0x00003448   0x00000012   Code   RO          940    .text.USBD_SemaphoreDelete  usbd_config_0.o
    0x0000345a   0x0000345a   0x00000002   PAD
    0x0000345c   0x0000345c   0x00000012   Code   RO          938    .text.USBD_SemaphoreRelease  usbd_config_0.o
    0x0000346e   0x0000346e   0x00000002   PAD
    0x00003470   0x00003470   0x00000002   Code   RO         1076    .text.USBD_SetConfiguration  usbd_config_0.o
    0x00003472   0x00003472   0x00000002   PAD
    0x00003474   0x00003474   0x00000122   Code   RO          914    .text.USBD_ThreadCreate  usbd_config_0.o
    0x00003596   0x00003596   0x00000002   PAD
    0x00003598   0x00003598   0x00000010   Code   RO          930    .text.USBD_ThreadFlagsSet  usbd_config_0.o
    0x000035a8   0x000035a8   0x00000028   Code   RO          932    .text.USBD_ThreadFlagsWait  usbd_config_0.o
    0x000035d0   0x000035d0   0x00000012   Code   RO          916    .text.USBD_ThreadTerminate  usbd_config_0.o
    0x000035e2   0x000035e2   0x00000002   PAD
    0x000035e4   0x000035e4   0x00000020   Code   RO          137    .text.USBD_Uninitialize  usbd_fs_mk64f.o
    0x00003604   0x00003604   0x00000020   Code   RO          333    .text.UnlockRecord  eventrecorder.o
    0x00003624   0x00003624   0x00000008   Code   RO          321    .text.UpdateTS      eventrecorder.o
    0x0000362c   0x0000362c   0x00000010   Code   RO          169    .text.__NVIC_ClearPendingIRQ  usbd_fs_mk64f.o
    0x0000363c   0x0000363c   0x00000018   Code   RO          167    .text.__NVIC_DisableIRQ  usbd_fs_mk64f.o
    0x00003654   0x00003654   0x00000010   Code   RO          171    .text.__NVIC_EnableIRQ  usbd_fs_mk64f.o
    0x00003664   0x00003664   0x00000056   Code   RO          242    .text.__user_perthread_libspace  rtx_lib.o
    0x000036ba   0x000036ba   0x00000002   PAD
    0x000036bc   0x000036bc   0x0000001a   Code   RO          248    .text._mutex_acquire  rtx_lib.o
    0x000036d6   0x000036d6   0x00000002   PAD
    0x000036d8   0x000036d8   0x0000000a   Code   RO          252    .text._mutex_free   rtx_lib.o
    0x000036e2   0x000036e2   0x00000002   PAD
    0x000036e4   0x000036e4   0x00000020   Code   RO          246    .text._mutex_initialize  rtx_lib.o
    0x00003704   0x00003704   0x00000016   Code   RO          250    .text._mutex_release  rtx_lib.o
    0x0000371a   0x0000371a   0x00000002   PAD
    0x0000371c   0x0000371c   0x00000008   Code   RO          240    .text._platform_post_stackheap_init  rtx_lib.o
    0x00003724   0x00003724   0x00000012   Code   RO          353    .text._sys_close    retarget_io.o
    0x00003736   0x00003736   0x00000002   PAD
    0x00003738   0x00003738   0x00000004   Code   RO          367    .text._sys_flen     retarget_io.o
    0x0000373c   0x0000373c   0x00000010   Code   RO          363    .text._sys_istty    retarget_io.o
    0x0000374c   0x0000374c   0x00000064   Code   RO          351    .text._sys_open     retarget_io.o
    0x000037b0   0x000037b0   0x00000006   Code   RO          365    .text._sys_seek     retarget_io.o
    0x000037b6   0x000037b6   0x00000002   PAD
    0x000037b8   0x000037b8   0x0000002a   Code   RO          355    .text._sys_write    retarget_io.o
    0x000037e2   0x000037e2   0x00000002   PAD
    0x000037e4   0x000037e4   0x00000012   Code   RO          327    .text.atomic_inc32  eventrecorder.o
    0x000037f6   0x000037f6   0x00000002   PAD
    0x000037f8   0x000037f8   0x0000001c   Code   RO          339    .text.atomic_inc8   eventrecorder.o
    0x00003814   0x00003814   0x0000001c   Code   RO          325    .text.atomic_xch32  eventrecorder.o
    0x00003830   0x00003830   0x00000048   Code   RO          295    .text.crc16_ccitt   eventrecorder.o
    0x00003878   0x00003878   0x00000098   Code   RO           89    .text.main          main.o
    0x00003910   0x00003910   0x00000024   Code   RO         1411    .text.osDelay       RTX_CM4F.lib(rtx_delay.o)
    0x00003934   0x00003934   0x00000030   Code   RO         1203    .text.osKernelGetState  RTX_CM4F.lib(rtx_kernel.o)
    0x00003964   0x00003964   0x00000028   Code   RO         1223    .text.osKernelGetTickFreq  RTX_CM4F.lib(rtx_kernel.o)
    0x0000398c   0x0000398c   0x0000002c   Code   RO         1197    .text.osKernelInitialize  RTX_CM4F.lib(rtx_kernel.o)
    0x000039b8   0x000039b8   0x00000024   Code   RO         1207    .text.osKernelStart  RTX_CM4F.lib(rtx_kernel.o)
    0x000039dc   0x000039dc   0x00000070   Code   RO         1603    .text.osMessageQueueGet  RTX_CM4F.lib(rtx_msgqueue.o)
    0x00003a4c   0x00003a4c   0x00000080   Code   RO         1601    .text.osMessageQueuePut  RTX_CM4F.lib(rtx_msgqueue.o)
    0x00003acc   0x00003acc   0x00000024   Code   RO         1477    .text.osMutexAcquire  RTX_CM4F.lib(rtx_mutex.o)
    0x00003af0   0x00003af0   0x00000024   Code   RO         1483    .text.osMutexDelete  RTX_CM4F.lib(rtx_mutex.o)
    0x00003b14   0x00003b14   0x00000024   Code   RO         1473    .text.osMutexNew    RTX_CM4F.lib(rtx_mutex.o)
    0x00003b38   0x00003b38   0x00000024   Code   RO         1479    .text.osMutexRelease  RTX_CM4F.lib(rtx_mutex.o)
    0x00003b5c   0x00003b5c   0x00000002   Code   RO          278    .text.osRtxErrorNotify  rtx_config.o
    0x00003b5e   0x00003b5e   0x00000002   PAD
    0x00003b60   0x00003b60   0x00000002   Code   RO          276    .text.osRtxIdleThread  rtx_config.o
    0x00003b62   0x00003b62   0x00000004   Code   RO         1195    .text.osRtxKernelErrorNotify  RTX_CM4F.lib(rtx_kernel.o)
    0x00003b66   0x00003b66   0x00000002   Code   RO         1193    .text.osRtxKernelPreInit  RTX_CM4F.lib(rtx_kernel.o)
    0x00003b68   0x00003b68   0x0000006c   Code   RO         1977    .text.osRtxMemoryAlloc  RTX_CM4F.lib(rtx_memory.o)
    0x00003bd4   0x00003bd4   0x00000042   Code   RO         1979    .text.osRtxMemoryFree  RTX_CM4F.lib(rtx_memory.o)
    0x00003c16   0x00003c16   0x00000036   Code   RO         1975    .text.osRtxMemoryInit  RTX_CM4F.lib(rtx_memory.o)
    0x00003c4c   0x00003c4c   0x0000003a   Code   RO         1543    .text.osRtxMemoryPoolAlloc  RTX_CM4F.lib(rtx_mempool.o)
    0x00003c86   0x00003c86   0x0000004a   Code   RO         1545    .text.osRtxMemoryPoolFree  RTX_CM4F.lib(rtx_mempool.o)
    0x00003cd0   0x00003cd0   0x00000038   Code   RO         1541    .text.osRtxMemoryPoolInit  RTX_CM4F.lib(rtx_mempool.o)
    0x00003d08   0x00003d08   0x000000aa   Code   RO         1625    .text.osRtxMessageQueuePostProcess  RTX_CM4F.lib(rtx_msgqueue.o)
    0x00003db2   0x00003db2   0x00000002   PAD
    0x00003db4   0x00003db4   0x00000024   Code   RO         1593    .text.osRtxMessageQueueTimerSetup  RTX_CM4F.lib(rtx_msgqueue.o)
    0x00003dd8   0x00003dd8   0x00000048   Code   RO         1469    .text.osRtxMutexOwnerRelease  RTX_CM4F.lib(rtx_mutex.o)
    0x00003e20   0x00003e20   0x00000042   Code   RO         1471    .text.osRtxMutexOwnerRestore  RTX_CM4F.lib(rtx_mutex.o)
    0x00003e62   0x00003e62   0x00000002   PAD
    0x00003e64   0x00003e64   0x00000088   Code   RO         1991    .text.osRtxPendSV_Handler  RTX_CM4F.lib(rtx_system.o)
    0x00003eec   0x00003eec   0x00000070   Code   RO         1993    .text.osRtxPostProcess  RTX_CM4F.lib(rtx_system.o)
    0x00003f5c   0x00003f5c   0x00000036   Code   RO         1521    .text.osRtxSemaphorePostProcess  RTX_CM4F.lib(rtx_semaphore.o)
    0x00003f92   0x00003f92   0x00000002   PAD
    0x00003f94   0x00003f94   0x00000034   Code   RO         1285    .text.osRtxThreadBlock  RTX_CM4F.lib(rtx_thread.o)
    0x00003fc8   0x00003fc8   0x0000007c   Code   RO         1293    .text.osRtxThreadDelayInsert  RTX_CM4F.lib(rtx_thread.o)
    0x00004044   0x00004044   0x0000003c   Code   RO         1289    .text.osRtxThreadDelayRemove  RTX_CM4F.lib(rtx_thread.o)
    0x00004080   0x00004080   0x00000048   Code   RO         1275    .text.osRtxThreadDelayTick  RTX_CM4F.lib(rtx_thread.o)
    0x000040c8   0x000040c8   0x00000020   Code   RO         1377    .text.osRtxThreadDestroy  RTX_CM4F.lib(rtx_thread.o)
    0x000040e8   0x000040e8   0x00000050   Code   RO         1283    .text.osRtxThreadDispatch  RTX_CM4F.lib(rtx_thread.o)
    0x00004138   0x00004138   0x00000058   Code   RO         1369    .text.osRtxThreadFree  RTX_CM4F.lib(rtx_thread.o)
    0x00004190   0x00004190   0x0000001e   Code   RO         1375    .text.osRtxThreadJoinWakeup  RTX_CM4F.lib(rtx_thread.o)
    0x000041ae   0x000041ae   0x00000012   Code   RO         1267    .text.osRtxThreadListGet  RTX_CM4F.lib(rtx_thread.o)
    0x000041c0   0x000041c0   0x0000002c   Code   RO         1265    .text.osRtxThreadListPut  RTX_CM4F.lib(rtx_thread.o)
    0x000041ec   0x000041ec   0x00000014   Code   RO         1271    .text.osRtxThreadListRemove  RTX_CM4F.lib(rtx_thread.o)
    0x00004200   0x00004200   0x0000000c   Code   RO         1277    .text.osRtxThreadListRoot  RTX_CM4F.lib(rtx_thread.o)
    0x0000420c   0x0000420c   0x00000026   Code   RO         1269    .text.osRtxThreadListSort  RTX_CM4F.lib(rtx_thread.o)
    0x00004232   0x00004232   0x00000028   Code   RO         1343    .text.osRtxThreadPostProcess  RTX_CM4F.lib(rtx_thread.o)
    0x0000425a   0x0000425a   0x00000002   PAD
    0x0000425c   0x0000425c   0x00000010   Code   RO         1273    .text.osRtxThreadReadyPut  RTX_CM4F.lib(rtx_thread.o)
    0x0000426c   0x0000426c   0x00000014   Code   RO         1279    .text.osRtxThreadRegPtr  RTX_CM4F.lib(rtx_thread.o)
    0x00004280   0x00004280   0x00000038   Code   RO         1295    .text.osRtxThreadStartup  RTX_CM4F.lib(rtx_thread.o)
    0x000042b8   0x000042b8   0x00000010   Code   RO         1281    .text.osRtxThreadSwitch  RTX_CM4F.lib(rtx_thread.o)
    0x000042c8   0x000042c8   0x0000003c   Code   RO         1291    .text.osRtxThreadWaitEnter  RTX_CM4F.lib(rtx_thread.o)
    0x00004304   0x00004304   0x00000030   Code   RO         1287    .text.osRtxThreadWaitExit  RTX_CM4F.lib(rtx_thread.o)
    0x00004334   0x00004334   0x00000078   Code   RO         1989    .text.osRtxTick_Handler  RTX_CM4F.lib(rtx_system.o)
    0x000043ac   0x000043ac   0x00000020   Code   RO         1427    .text.osRtxTimerSetup  RTX_CM4F.lib(rtx_timer.o)
    0x000043cc   0x000043cc   0x00000020   Code   RO         1431    .text.osRtxTimerThread  RTX_CM4F.lib(rtx_timer.o)
    0x000043ec   0x000043ec   0x00000070   Code   RO         1429    .text.osRtxTimerTick  RTX_CM4F.lib(rtx_timer.o)
    0x0000445c   0x0000445c   0x00000054   Code   RO         1509    .text.osSemaphoreAcquire  RTX_CM4F.lib(rtx_semaphore.o)
    0x000044b0   0x000044b0   0x00000024   Code   RO         1517    .text.osSemaphoreDelete  RTX_CM4F.lib(rtx_semaphore.o)
    0x000044d4   0x000044d4   0x00000024   Code   RO         1505    .text.osSemaphoreNew  RTX_CM4F.lib(rtx_semaphore.o)
    0x000044f8   0x000044f8   0x0000004c   Code   RO         1511    .text.osSemaphoreRelease  RTX_CM4F.lib(rtx_semaphore.o)
    0x00004544   0x00004544   0x0000003c   Code   RO          196    .text.osSignalWait  cmsis_os1.o
    0x00004580   0x00004580   0x00000016   Code   RO          190    .text.osThreadCreate  cmsis_os1.o
    0x00004596   0x00004596   0x00000002   PAD
    0x00004598   0x00004598   0x0000000c   Code   RO         1327    .text.osThreadExit  RTX_CM4F.lib(rtx_thread.o)
    0x000045a4   0x000045a4   0x00000058   Code   RO         1335    .text.osThreadFlagsSet  RTX_CM4F.lib(rtx_thread.o)
    0x000045fc   0x000045fc   0x00000024   Code   RO         1341    .text.osThreadFlagsWait  RTX_CM4F.lib(rtx_thread.o)
    0x00004620   0x00004620   0x00000028   Code   RO         1303    .text.osThreadGetId  RTX_CM4F.lib(rtx_thread.o)
    0x00004648   0x00004648   0x00000024   Code   RO         1299    .text.osThreadNew   RTX_CM4F.lib(rtx_thread.o)
    0x0000466c   0x0000466c   0x00000024   Code   RO         1329    .text.osThreadTerminate  RTX_CM4F.lib(rtx_thread.o)
    0x00004690   0x00004690   0x0000001e   Code   RO          244    .text.os_kernel_is_active  rtx_lib.o
    0x000046ae   0x000046ae   0x00000002   PAD
    0x000046b0   0x000046b0   0x00000004   Code   RO          357    .text.stderr_putchar  retarget_io.o
    0x000046b4   0x000046b4   0x00000016   Code   RO         1415    .text.svcRtxDelay   RTX_CM4F.lib(rtx_delay.o)
    0x000046ca   0x000046ca   0x00000002   PAD
    0x000046cc   0x000046cc   0x0000000c   Code   RO         1205    .text.svcRtxKernelGetState  RTX_CM4F.lib(rtx_kernel.o)
    0x000046d8   0x000046d8   0x00000008   Code   RO         1225    .text.svcRtxKernelGetTickFreq  RTX_CM4F.lib(rtx_kernel.o)
    0x000046e0   0x000046e0   0x000000fc   Code   RO         1235    .text.svcRtxKernelInitialize  RTX_CM4F.lib(rtx_kernel.o)
    0x000047dc   0x000047dc   0x00000084   Code   RO         1237    .text.svcRtxKernelStart  RTX_CM4F.lib(rtx_kernel.o)
    0x00004860   0x00004860   0x000000d8   Code   RO         1637    .text.svcRtxMessageQueueGet  RTX_CM4F.lib(rtx_msgqueue.o)
    0x00004938   0x00004938   0x00000118   Code   RO         1595    .text.svcRtxMessageQueueNew  RTX_CM4F.lib(rtx_msgqueue.o)
    0x00004a50   0x00004a50   0x000000b0   Code   RO         1633    .text.svcRtxMessageQueuePut  RTX_CM4F.lib(rtx_msgqueue.o)
    0x00004b00   0x00004b00   0x00000090   Code   RO         1489    .text.svcRtxMutexAcquire  RTX_CM4F.lib(rtx_mutex.o)
    0x00004b90   0x00004b90   0x000000ac   Code   RO         1495    .text.svcRtxMutexDelete  RTX_CM4F.lib(rtx_mutex.o)
    0x00004c3c   0x00004c3c   0x00000068   Code   RO         1485    .text.svcRtxMutexNew  RTX_CM4F.lib(rtx_mutex.o)
    0x00004ca4   0x00004ca4   0x000000b4   Code   RO         1491    .text.svcRtxMutexRelease  RTX_CM4F.lib(rtx_mutex.o)
    0x00004d58   0x00004d58   0x00000054   Code   RO         1525    .text.svcRtxSemaphoreAcquire  RTX_CM4F.lib(rtx_semaphore.o)
    0x00004dac   0x00004dac   0x00000060   Code   RO         1531    .text.svcRtxSemaphoreDelete  RTX_CM4F.lib(rtx_semaphore.o)
    0x00004e0c   0x00004e0c   0x0000007c   Code   RO         1519    .text.svcRtxSemaphoreNew  RTX_CM4F.lib(rtx_semaphore.o)
    0x00004e88   0x00004e88   0x00000038   Code   RO         1529    .text.svcRtxSemaphoreRelease  RTX_CM4F.lib(rtx_semaphore.o)
    0x00004ec0   0x00004ec0   0x00000048   Code   RO         1373    .text.svcRtxThreadExit  RTX_CM4F.lib(rtx_thread.o)
    0x00004f08   0x00004f08   0x00000066   Code   RO         1385    .text.svcRtxThreadFlagsSet  RTX_CM4F.lib(rtx_thread.o)
    0x00004f6e   0x00004f6e   0x00000002   PAD
    0x00004f70   0x00004f70   0x00000048   Code   RO         1391    .text.svcRtxThreadFlagsWait  RTX_CM4F.lib(rtx_thread.o)
    0x00004fb8   0x00004fb8   0x0000000c   Code   RO         1305    .text.svcRtxThreadGetId  RTX_CM4F.lib(rtx_thread.o)
    0x00004fc4   0x00004fc4   0x000001ec   Code   RO         1297    .text.svcRtxThreadNew  RTX_CM4F.lib(rtx_thread.o)
    0x000051b0   0x000051b0   0x00000088   Code   RO         1379    .text.svcRtxThreadTerminate  RTX_CM4F.lib(rtx_thread.o)
    0x00005238   0x00005238   0x00000014   Code   RO         1813    i.EvrUSBD_CDC_ACM_OnSetLineCoding  USB_Dbg_CM3_L.lib(usbd_lib_cdc.o)
    0x0000524c   0x0000524c   0x0000000c   Code   RO         1662    i.EvrUSBD_Core_ConfigureEp0Failed  USB_Dbg_CM3_L.lib(usbd_lib_core.o)
    0x00005258   0x00005258   0x0000001c   Code   RO         1750    i.EvrUSBD_Driver_EndpointConfigureFailed  USB_Dbg_CM3_L.lib(usbd_lib_drv.o)
    0x00005274   0x00005274   0x00000012   Code   RO         1751    i.EvrUSBD_Driver_EndpointStallFailed  USB_Dbg_CM3_L.lib(usbd_lib_drv.o)
    0x00005286   0x00005286   0x00000002   PAD
    0x00005288   0x00005288   0x00000010   Code   RO         1752    i.EvrUSBD_Driver_EndpointTransferAbort  USB_Dbg_CM3_L.lib(usbd_lib_drv.o)
    0x00005298   0x00005298   0x0000000c   Code   RO         1753    i.EvrUSBD_Driver_EndpointTransferFailed  USB_Dbg_CM3_L.lib(usbd_lib_drv.o)
    0x000052a4   0x000052a4   0x0000000c   Code   RO         1754    i.EvrUSBD_Driver_EndpointUnconfigureFailed  USB_Dbg_CM3_L.lib(usbd_lib_drv.o)
    0x000052b0   0x000052b0   0x00000004   Code   RO         1831    i.USBD_CDC_ACM_CoreClearCommFeature  USB_Dbg_CM3_L.lib(usbd_lib_cdc.o)
    0x000052b4   0x000052b4   0x00000004   Code   RO         1832    i.USBD_CDC_ACM_CoreGetCommFeature  USB_Dbg_CM3_L.lib(usbd_lib_cdc.o)
    0x000052b8   0x000052b8   0x00000050   Code   RO         1833    i.USBD_CDC_ACM_CoreGetEncapsulatedResponse  USB_Dbg_CM3_L.lib(usbd_lib_cdc.o)
    0x00005308   0x00005308   0x00000064   Code   RO         1834    i.USBD_CDC_ACM_CoreGetLineCoding  USB_Dbg_CM3_L.lib(usbd_lib_cdc.o)
    0x0000536c   0x0000536c   0x00000004   Code   RO         1835    i.USBD_CDC_ACM_CoreSendBreak  USB_Dbg_CM3_L.lib(usbd_lib_cdc.o)
    0x00005370   0x00005370   0x0000005c   Code   RO         1836    i.USBD_CDC_ACM_CoreSendEncapsulatedCommand  USB_Dbg_CM3_L.lib(usbd_lib_cdc.o)
    0x000053cc   0x000053cc   0x00000004   Code   RO         1837    i.USBD_CDC_ACM_CoreSetCommFeature  USB_Dbg_CM3_L.lib(usbd_lib_cdc.o)
    0x000053d0   0x000053d0   0x00000050   Code   RO         1838    i.USBD_CDC_ACM_CoreSetControlLineState  USB_Dbg_CM3_L.lib(usbd_lib_cdc.o)
    0x00005420   0x00005420   0x0000005c   Code   RO         1839    i.USBD_CDC_ACM_CoreSetLineCoding  USB_Dbg_CM3_L.lib(usbd_lib_cdc.o)
    0x0000547c   0x0000547c   0x00000104   Code   RO         1846    i.USBD_CDC_ACM_WriteData  USB_Dbg_CM3_L.lib(usbd_lib_cdc.o)
    0x00005580   0x00005580   0x00000034   Code   RO         1847    i.USBD_CDC_Bulk_Thread  USB_Dbg_CM3_L.lib(usbd_lib_cdc.o)
    0x000055b4   0x000055b4   0x00000048   Code   RO         1848    i.USBD_CDC_CheckInstance  USB_Dbg_CM3_L.lib(usbd_lib_cdc.o)
    0x000055fc   0x000055fc   0x000000ac   Code   RO         1849    i.USBD_CDC_EndpointStart  USB_Dbg_CM3_L.lib(usbd_lib_cdc.o)
    0x000056a8   0x000056a8   0x00000064   Code   RO         1850    i.USBD_CDC_EndpointStop  USB_Dbg_CM3_L.lib(usbd_lib_cdc.o)
    0x0000570c   0x0000570c   0x00000218   Code   RO         1851    i.USBD_CDC_EpBulkIn  USB_Dbg_CM3_L.lib(usbd_lib_cdc.o)
    0x00005924   0x00005924   0x000001c8   Code   RO         1852    i.USBD_CDC_EpBulkOut  USB_Dbg_CM3_L.lib(usbd_lib_cdc.o)
    0x00005aec   0x00005aec   0x000000ac   Code   RO         1853    i.USBD_CDC_Initialize  USB_Dbg_CM3_L.lib(usbd_lib_cdc.o)
    0x00005b98   0x00005b98   0x00000078   Code   RO         1854    i.USBD_CDC_Int_Thread  USB_Dbg_CM3_L.lib(usbd_lib_cdc.o)
    0x00005c10   0x00005c10   0x00000034   Code   RO         1855    i.USBD_CDC_NCM_CoreGetCrcMode  USB_Dbg_CM3_L.lib(usbd_lib_cdc.o)
    0x00005c44   0x00005c44   0x0000003c   Code   RO         1856    i.USBD_CDC_NCM_CoreGetEthernetPowerManagementPatternFilter  USB_Dbg_CM3_L.lib(usbd_lib_cdc.o)
    0x00005c80   0x00005c80   0x0000003c   Code   RO         1857    i.USBD_CDC_NCM_CoreGetEthernetStatistic  USB_Dbg_CM3_L.lib(usbd_lib_cdc.o)
    0x00005cbc   0x00005cbc   0x00000034   Code   RO         1858    i.USBD_CDC_NCM_CoreGetMaxDatagramSize  USB_Dbg_CM3_L.lib(usbd_lib_cdc.o)
    0x00005cf0   0x00005cf0   0x00000034   Code   RO         1859    i.USBD_CDC_NCM_CoreGetNetAddress  USB_Dbg_CM3_L.lib(usbd_lib_cdc.o)
    0x00005d24   0x00005d24   0x00000034   Code   RO         1860    i.USBD_CDC_NCM_CoreGetNtbFormat  USB_Dbg_CM3_L.lib(usbd_lib_cdc.o)
    0x00005d58   0x00005d58   0x00000034   Code   RO         1861    i.USBD_CDC_NCM_CoreGetNtbInputSize  USB_Dbg_CM3_L.lib(usbd_lib_cdc.o)
    0x00005d8c   0x00005d8c   0x00000034   Code   RO         1862    i.USBD_CDC_NCM_CoreGetNtbParameters  USB_Dbg_CM3_L.lib(usbd_lib_cdc.o)
    0x00005dc0   0x00005dc0   0x00000048   Code   RO         1863    i.USBD_CDC_NCM_CoreSetCrcMode  USB_Dbg_CM3_L.lib(usbd_lib_cdc.o)
    0x00005e08   0x00005e08   0x0000003c   Code   RO         1864    i.USBD_CDC_NCM_CoreSetEthernetMulticastFilters  USB_Dbg_CM3_L.lib(usbd_lib_cdc.o)
    0x00005e44   0x00005e44   0x00000034   Code   RO         1865    i.USBD_CDC_NCM_CoreSetEthernetPacketFilter  USB_Dbg_CM3_L.lib(usbd_lib_cdc.o)
    0x00005e78   0x00005e78   0x00000040   Code   RO         1866    i.USBD_CDC_NCM_CoreSetEthernetPowerManagementPatternFilter  USB_Dbg_CM3_L.lib(usbd_lib_cdc.o)
    0x00005eb8   0x00005eb8   0x00000044   Code   RO         1867    i.USBD_CDC_NCM_CoreSetMaxDatagramSize  USB_Dbg_CM3_L.lib(usbd_lib_cdc.o)
    0x00005efc   0x00005efc   0x00000034   Code   RO         1868    i.USBD_CDC_NCM_CoreSetNetAddress  USB_Dbg_CM3_L.lib(usbd_lib_cdc.o)
    0x00005f30   0x00005f30   0x00000048   Code   RO         1869    i.USBD_CDC_NCM_CoreSetNtbFormat  USB_Dbg_CM3_L.lib(usbd_lib_cdc.o)
    0x00005f78   0x00005f78   0x00000044   Code   RO         1870    i.USBD_CDC_NCM_CoreSetNtbInputSize  USB_Dbg_CM3_L.lib(usbd_lib_cdc.o)
    0x00005fbc   0x00005fbc   0x0000012c   Code   RO         1886    i.USBD_CDC_Reset    USB_Dbg_CM3_L.lib(usbd_lib_cdc.o)
    0x000060e8   0x000060e8   0x000000ac   Code   RO         1887    i.USBD_CDC_Uninitialize  USB_Dbg_CM3_L.lib(usbd_lib_cdc.o)
    0x00006194   0x00006194   0x00000028   Code   RO         1667    i.USBD_CheckDevice  USB_Dbg_CM3_L.lib(usbd_lib_core.o)
    0x000061bc   0x000061bc   0x00000064   Code   RO         1668    i.USBD_ConfigureEndpoint0  USB_Dbg_CM3_L.lib(usbd_lib_core.o)
    0x00006220   0x00006220   0x00000038   Code   RO         1670    i.USBD_Connect      USB_Dbg_CM3_L.lib(usbd_lib_core.o)
    0x00006258   0x00006258   0x00000114   Code   RO         1671    i.USBD_Core         USB_Dbg_CM3_L.lib(usbd_lib_core.o)
    0x0000636c   0x0000636c   0x00000054   Code   RO         2045    i.USBD_Core_Endpoint0_InDataSent  USB_Dbg_CM3_L.lib(usbd_lib_core_device.o)
    0x000063c0   0x000063c0   0x00000054   Code   RO         2046    i.USBD_Core_Endpoint0_OutDataReceived  USB_Dbg_CM3_L.lib(usbd_lib_core_device.o)
    0x00006414   0x00006414   0x00000060   Code   RO         2047    i.USBD_Core_Endpoint0_SetupPacketProcessed  USB_Dbg_CM3_L.lib(usbd_lib_core_device.o)
    0x00006474   0x00006474   0x00000078   Code   RO         2048    i.USBD_Core_Endpoint0_SetupPacketReceived  USB_Dbg_CM3_L.lib(usbd_lib_core_device.o)
    0x000064ec   0x000064ec   0x00000094   Code   RO         1672    i.USBD_Core_Thread  USB_Dbg_CM3_L.lib(usbd_lib_core.o)
    0x00006580   0x00006580   0x00000064   Code   RO         1673    i.USBD_DataInStage  USB_Dbg_CM3_L.lib(usbd_lib_core.o)
    0x000065e4   0x000065e4   0x0000002c   Code   RO         1674    i.USBD_DataOutStage  USB_Dbg_CM3_L.lib(usbd_lib_core.o)
    0x00006610   0x00006610   0x00000080   Code   RO         1755    i.USBD_DriverDeviceConnect  USB_Dbg_CM3_L.lib(usbd_lib_drv.o)
    0x00006690   0x00006690   0x00000088   Code   RO         1759    i.USBD_DriverDeviceSetAddress  USB_Dbg_CM3_L.lib(usbd_lib_drv.o)
    0x00006718   0x00006718   0x00000104   Code   RO         1760    i.USBD_DriverEndpointConfigure  USB_Dbg_CM3_L.lib(usbd_lib_drv.o)
    0x0000681c   0x0000681c   0x000000e8   Code   RO         1761    i.USBD_DriverEndpointStall  USB_Dbg_CM3_L.lib(usbd_lib_drv.o)
    0x00006904   0x00006904   0x00000118   Code   RO         1762    i.USBD_DriverEndpointTransfer  USB_Dbg_CM3_L.lib(usbd_lib_drv.o)
    0x00006a1c   0x00006a1c   0x000000d4   Code   RO         1763    i.USBD_DriverEndpointTransferAbort  USB_Dbg_CM3_L.lib(usbd_lib_drv.o)
    0x00006af0   0x00006af0   0x00000088   Code   RO         1764    i.USBD_DriverEndpointTransferGetResult  USB_Dbg_CM3_L.lib(usbd_lib_drv.o)
    0x00006b78   0x00006b78   0x000000d8   Code   RO         1765    i.USBD_DriverEndpointUnconfigure  USB_Dbg_CM3_L.lib(usbd_lib_drv.o)
    0x00006c50   0x00006c50   0x00000010   Code   RO         1766    i.USBD_DriverGetCapabilities  USB_Dbg_CM3_L.lib(usbd_lib_drv.o)
    0x00006c60   0x00006c60   0x00000010   Code   RO         1768    i.USBD_DriverGetVersion  USB_Dbg_CM3_L.lib(usbd_lib_drv.o)
    0x00006c70   0x00006c70   0x00000088   Code   RO         1769    i.USBD_DriverInitialize  USB_Dbg_CM3_L.lib(usbd_lib_drv.o)
    0x00006cf8   0x00006cf8   0x00000088   Code   RO         1770    i.USBD_DriverPowerControl  USB_Dbg_CM3_L.lib(usbd_lib_drv.o)
    0x00006d80   0x00006d80   0x0000008c   Code   RO         1771    i.USBD_DriverReadSetupPacket  USB_Dbg_CM3_L.lib(usbd_lib_drv.o)
    0x00006e0c   0x00006e0c   0x00000436   Code   RO         1676    i.USBD_Endpoint0    USB_Dbg_CM3_L.lib(usbd_lib_core.o)
    0x00007242   0x00007242   0x00000002   PAD
    0x00007244   0x00007244   0x00000104   Code   RO         2065    i.USBD_Endpoint0_Out_CDC_ReqToIF  USB_Dbg_CM3_L.lib(usbd_lib_core_cdc.o)
    0x00007348   0x00007348   0x00000334   Code   RO         2066    i.USBD_Endpoint0_Setup_CDC_ReqToIF  USB_Dbg_CM3_L.lib(usbd_lib_core_cdc.o)
    0x0000767c   0x0000767c   0x000001f0   Code   RO         1685    i.USBD_Initialize   USB_Dbg_CM3_L.lib(usbd_lib_core.o)
    0x0000786c   0x0000786c   0x00000194   Code   RO         1686    i.USBD_ReqGetDescriptor  USB_Dbg_CM3_L.lib(usbd_lib_core.o)
    0x00007a00   0x00007a00   0x000000b4   Code   RO         1687    i.USBD_ReqGetMSDescriptor  USB_Dbg_CM3_L.lib(usbd_lib_core.o)
    0x00007ab4   0x00007ab4   0x000000b4   Code   RO         1688    i.USBD_ReqGetStatus  USB_Dbg_CM3_L.lib(usbd_lib_core.o)
    0x00007b68   0x00007b68   0x0000012c   Code   RO         1689    i.USBD_ReqSetClrFeature  USB_Dbg_CM3_L.lib(usbd_lib_core.o)
    0x00007c94   0x00007c94   0x0000027c   Code   RO         1690    i.USBD_ReqSetConfiguration  USB_Dbg_CM3_L.lib(usbd_lib_core.o)
    0x00007f10   0x00007f10   0x00000198   Code   RO         1691    i.USBD_ReqSetInterface  USB_Dbg_CM3_L.lib(usbd_lib_core.o)
    0x000080a8   0x000080a8   0x00000028   Code   RO         1692    i.USBD_ResetCore    USB_Dbg_CM3_L.lib(usbd_lib_core.o)
    0x000080d0   0x000080d0   0x00000028   Code   RO         1773    i.USBD_SignalDeviceEvent  USB_Dbg_CM3_L.lib(usbd_lib_drv.o)
    0x000080f8   0x000080f8   0x00000060   Code   RO         1774    i.USBD_SignalEndpointEvent  USB_Dbg_CM3_L.lib(usbd_lib_drv.o)
    0x00008158   0x00008158   0x0000000a   Code   RO         1694    i.USBD_StatusInStage  USB_Dbg_CM3_L.lib(usbd_lib_core.o)
    0x00008162   0x00008162   0x00000010   Code   RO         1695    i.USBD_StatusInStageDone  USB_Dbg_CM3_L.lib(usbd_lib_core.o)
    0x00008172   0x00008172   0x0000000a   Code   RO         1696    i.USBD_StatusOutStage  USB_Dbg_CM3_L.lib(usbd_lib_core.o)
    0x0000817c   0x0000817c   0x00000030   Code   RO         1697    i.USBD_StatusOutStageDone  USB_Dbg_CM3_L.lib(usbd_lib_core.o)
    0x000081ac   0x000081ac   0x0000001a   Code   RO         2260    i.fputc             c_w.l(fputc.o)
    0x000081c6   0x000081c6   0x0000001a   Code   RO         2432    x$fpl$fpinit        fz_wm.l(fpinit.o)
    0x000081e0   0x000081e0   0x000000a8   Data   RO          258    .rodata             rtx_lib.o
    0x00008288   0x00008288   0x00000048   Data   RO          180    .rodata.Driver_USBD0  usbd_fs_mk64f.o
    0x000082d0   0x000082d0   0x00000018   Data   RO          342    .rodata.EventRecorderInfo  eventrecorder.o
    0x000082e8   0x000082e8   0x00000008   Data   RO          371    .rodata.__stderr_name  retarget_io.o
    0x000082f0   0x000082f0   0x00000007   Data   RO          369    .rodata.__stdin_name  retarget_io.o
    0x000082f7   0x000082f7   0x00000008   Data   RO          370    .rodata.__stdout_name  retarget_io.o
    0x000082ff   0x000082ff   0x00000001   PAD
    0x00008300   0x00008300   0x00000010   Data   RO         1102    .rodata.cst16       usbd_config_0.o
    0x00008310   0x00008310   0x00000004   Data   RO         1119    .rodata.fpUSBD_CDC_ACM_DataReceived  usbd_config_0.o
    0x00008314   0x00008314   0x00000004   Data   RO         1120    .rodata.fpUSBD_CDC_ACM_DataSent  usbd_config_0.o
    0x00008318   0x00008318   0x00000004   Data   RO         1115    .rodata.fpUSBD_CDC_ACM_GetEncapsulatedResponse  usbd_config_0.o
    0x0000831c   0x0000831c   0x00000004   Data   RO         1117    .rodata.fpUSBD_CDC_ACM_GetLineCoding  usbd_config_0.o
    0x00008320   0x00008320   0x00000004   Data   RO         1111    .rodata.fpUSBD_CDC_ACM_Initialize  usbd_config_0.o
    0x00008324   0x00008324   0x00000004   Data   RO         1113    .rodata.fpUSBD_CDC_ACM_Reset  usbd_config_0.o
    0x00008328   0x00008328   0x00000004   Data   RO         1114    .rodata.fpUSBD_CDC_ACM_SendEncapsulatedCommand  usbd_config_0.o
    0x0000832c   0x0000832c   0x00000004   Data   RO         1118    .rodata.fpUSBD_CDC_ACM_SetControlLineState  usbd_config_0.o
    0x00008330   0x00008330   0x00000004   Data   RO         1116    .rodata.fpUSBD_CDC_ACM_SetLineCoding  usbd_config_0.o
    0x00008334   0x00008334   0x00000004   Data   RO         1112    .rodata.fpUSBD_CDC_ACM_Uninitialize  usbd_config_0.o
    0x00008338   0x00008338   0x00000004   Data   RO         1140    .rodata.fpUSBD_CDC_NCM_GetCrcMode  usbd_config_0.o
    0x0000833c   0x0000833c   0x00000004   Data   RO         1128    .rodata.fpUSBD_CDC_NCM_GetEthernetPowerManagementPatternFilter  usbd_config_0.o
    0x00008340   0x00008340   0x00000004   Data   RO         1130    .rodata.fpUSBD_CDC_NCM_GetEthernetStatistic  usbd_config_0.o
    0x00008344   0x00008344   0x00000004   Data   RO         1138    .rodata.fpUSBD_CDC_NCM_GetMaxDatagramSize  usbd_config_0.o
    0x00008348   0x00008348   0x00000004   Data   RO         1132    .rodata.fpUSBD_CDC_NCM_GetNetAddress  usbd_config_0.o
    0x0000834c   0x0000834c   0x00000004   Data   RO         1134    .rodata.fpUSBD_CDC_NCM_GetNtbFormat  usbd_config_0.o
    0x00008350   0x00008350   0x00000004   Data   RO         1136    .rodata.fpUSBD_CDC_NCM_GetNtbInputSize  usbd_config_0.o
    0x00008354   0x00008354   0x00000004   Data   RO         1131    .rodata.fpUSBD_CDC_NCM_GetNtbParameters  usbd_config_0.o
    0x00008358   0x00008358   0x00000004   Data   RO         1121    .rodata.fpUSBD_CDC_NCM_Initialize  usbd_config_0.o
    0x0000835c   0x0000835c   0x00000004   Data   RO         1142    .rodata.fpUSBD_CDC_NCM_NTB_IN_Sent  usbd_config_0.o
    0x00008360   0x00008360   0x00000004   Data   RO         1143    .rodata.fpUSBD_CDC_NCM_NTB_OUT_Received  usbd_config_0.o
    0x00008364   0x00008364   0x00000004   Data   RO         1123    .rodata.fpUSBD_CDC_NCM_Reset  usbd_config_0.o
    0x00008368   0x00008368   0x00000004   Data   RO         1141    .rodata.fpUSBD_CDC_NCM_SetCrcMode  usbd_config_0.o
    0x0000836c   0x0000836c   0x00000004   Data   RO         1126    .rodata.fpUSBD_CDC_NCM_SetEthernetMulticastFilters  usbd_config_0.o
    0x00008370   0x00008370   0x00000004   Data   RO         1129    .rodata.fpUSBD_CDC_NCM_SetEthernetPacketFilter  usbd_config_0.o
    0x00008374   0x00008374   0x00000004   Data   RO         1127    .rodata.fpUSBD_CDC_NCM_SetEthernetPowerManagementPatternFilter  usbd_config_0.o
    0x00008378   0x00008378   0x00000004   Data   RO         1139    .rodata.fpUSBD_CDC_NCM_SetMaxDatagramSize  usbd_config_0.o
    0x0000837c   0x0000837c   0x00000004   Data   RO         1133    .rodata.fpUSBD_CDC_NCM_SetNetAddress  usbd_config_0.o
    0x00008380   0x00008380   0x00000004   Data   RO         1135    .rodata.fpUSBD_CDC_NCM_SetNtbFormat  usbd_config_0.o
    0x00008384   0x00008384   0x00000004   Data   RO         1137    .rodata.fpUSBD_CDC_NCM_SetNtbInputSize  usbd_config_0.o
    0x00008388   0x00008388   0x00000004   Data   RO         1124    .rodata.fpUSBD_CDC_NCM_Start  usbd_config_0.o
    0x0000838c   0x0000838c   0x00000004   Data   RO         1125    .rodata.fpUSBD_CDC_NCM_Stop  usbd_config_0.o
    0x00008390   0x00008390   0x00000004   Data   RO         1122    .rodata.fpUSBD_CDC_NCM_Uninitialize  usbd_config_0.o
    0x00008394   0x00008394   0x00000004   Data   RO         1151    .rodata.fpUSBD_Device_ConfigurationChanged  usbd_config_0.o
    0x00008398   0x00008398   0x00000004   Data   RO         1153    .rodata.fpUSBD_Device_DisableRemoteWakeup  usbd_config_0.o
    0x0000839c   0x0000839c   0x00000004   Data   RO         1152    .rodata.fpUSBD_Device_EnableRemoteWakeup  usbd_config_0.o
    0x000083a0   0x000083a0   0x00000004   Data   RO         1157    .rodata.fpUSBD_Device_Endpoint0_InDataSent  usbd_config_0.o
    0x000083a4   0x000083a4   0x00000004   Data   RO         1156    .rodata.fpUSBD_Device_Endpoint0_OutDataReceived  usbd_config_0.o
    0x000083a8   0x000083a8   0x00000004   Data   RO         1155    .rodata.fpUSBD_Device_Endpoint0_SetupPacketProcessed  usbd_config_0.o
    0x000083ac   0x000083ac   0x00000004   Data   RO         1154    .rodata.fpUSBD_Device_Endpoint0_SetupPacketReceived  usbd_config_0.o
    0x000083b0   0x000083b0   0x00000004   Data   RO         1148    .rodata.fpUSBD_Device_HighSpeedActivated  usbd_config_0.o
    0x000083b4   0x000083b4   0x00000004   Data   RO         1144    .rodata.fpUSBD_Device_Initialize  usbd_config_0.o
    0x000083b8   0x000083b8   0x00000004   Data   RO         1147    .rodata.fpUSBD_Device_Reset  usbd_config_0.o
    0x000083bc   0x000083bc   0x00000004   Data   RO         1150    .rodata.fpUSBD_Device_Resumed  usbd_config_0.o
    0x000083c0   0x000083c0   0x00000004   Data   RO         1149    .rodata.fpUSBD_Device_Suspended  usbd_config_0.o
    0x000083c4   0x000083c4   0x00000004   Data   RO         1145    .rodata.fpUSBD_Device_Uninitialize  usbd_config_0.o
    0x000083c8   0x000083c8   0x00000004   Data   RO         1146    .rodata.fpUSBD_Device_VbusChanged  usbd_config_0.o
    0x000083cc   0x000083cc   0x0000000b   Data   RO           74    .rodata.mcgConfig_BOARD_BootClockRUN  clock_config.o
    0x000083d7   0x000083d7   0x00000001   PAD
    0x000083d8   0x000083d8   0x00000004   Data   RO          260    .rodata.osRtxUserSVC  rtx_lib.o
    0x000083dc   0x000083dc   0x00000024   Data   RO          255    .rodata.os_idle_thread_attr  rtx_lib.o
    0x00008400   0x00008400   0x00000028   Data   RO           96    .rodata.os_thread_def_Message  main.o
    0x00008428   0x00008428   0x00000018   Data   RO          257    .rodata.os_timer_mq_attr  rtx_lib.o
    0x00008440   0x00008440   0x00000024   Data   RO          256    .rodata.os_timer_thread_attr  rtx_lib.o
    0x00008464   0x00008464   0x00000008   Data   RO           76    .rodata.oscConfig_BOARD_BootClockRUN  clock_config.o
    0x0000846c   0x0000846c   0x00000008   Data   RO           75    .rodata.simConfig_BOARD_BootClockRUN  clock_config.o
    0x00008474   0x00008474   0x0000001b   Data   RO           97    .rodata.str1.1      main.o
    0x0000848f   0x0000848f   0x00000046   Data   RO          719    .rodata.str1.1      fsl_clock.o
    0x000084d5   0x000084d5   0x0000003e   Data   RO          767    .rodata.str1.1      fsl_gpio.o
    0x00008513   0x00008513   0x0000003d   Data   RO         1086    .rodata.str1.1      usbd_config_0.o
    0x00008550   0x00008550   0x0000000b   Data   RO         1255    .rodata.str1.4      RTX_CM4F.lib(rtx_kernel.o)
    0x0000855b   0x0000855b   0x00000001   PAD
    0x0000855c   0x0000855c   0x00000044   Data   RO         1160    .rodata.usbd0_config_descriptor_fs  usbd_config_0.o
    0x000085a0   0x000085a0   0x00000001   Data   RO         1163    .rodata.usbd0_config_descriptor_hs  usbd_config_0.o
    0x000085a1   0x000085a1   0x00000003   PAD
    0x000085a4   0x000085a4   0x00000024   Data   RO         1089    .rodata.usbd0_core_thread_attr  usbd_config_0.o
    0x000085c8   0x000085c8   0x0000001c   Data   RO         1085    .rodata.usbd0_dev   usbd_config_0.o
    0x000085e4   0x000085e4   0x00000012   Data   RO         1159    .rodata.usbd0_device_descriptor  usbd_config_0.o
    0x000085f6   0x000085f6   0x00000001   Data   RO         1161    .rodata.usbd0_device_qualifier_fs  usbd_config_0.o
    0x000085f7   0x000085f7   0x00000001   Data   RO         1162    .rodata.usbd0_device_qualifier_hs  usbd_config_0.o
    0x000085f8   0x000085f8   0x00000007   Data   RO         1158    .rodata.usbd0_ep0_descriptor  usbd_config_0.o
    0x000085ff   0x000085ff   0x00000001   PAD
    0x00008600   0x00008600   0x00000012   Data   RO         1168    .rodata.usbd0_ms_os_string_descriptor  usbd_config_0.o
    0x00008612   0x00008612   0x00000001   Data   RO         1164    .rodata.usbd0_other_speed_config_descriptor_fs  usbd_config_0.o
    0x00008613   0x00008613   0x00000001   Data   RO         1165    .rodata.usbd0_other_speed_config_descriptor_hs  usbd_config_0.o
    0x00008614   0x00008614   0x0000008b   Data   RO         1166    .rodata.usbd0_string_descriptor  usbd_config_0.o
    0x0000869f   0x0000869f   0x00000001   PAD
    0x000086a0   0x000086a0   0x00000004   Data   RO         1109    .rodata.usbd_cb_device_event_ptr  usbd_config_0.o
    0x000086a4   0x000086a4   0x00000004   Data   RO         1110    .rodata.usbd_cb_endpoint_event_ptr  usbd_config_0.o
    0x000086a8   0x000086a8   0x00000048   Data   RO         1099    .rodata.usbd_cdc    usbd_config_0.o
    0x000086f0   0x000086f0   0x00000001   Data   RO         1092    .rodata.usbd_cdc_num  usbd_config_0.o
    0x000086f1   0x000086f1   0x00000003   PAD
    0x000086f4   0x000086f4   0x00000004   Data   RO         1100    .rodata.usbd_cdc_ptr  usbd_config_0.o
    0x000086f8   0x000086f8   0x00000008   Data   RO         1101    .rodata.usbd_cdc_thread_name  usbd_config_0.o
    0x00008700   0x00008700   0x00000001   Data   RO         1090    .rodata.usbd_dev_num  usbd_config_0.o
    0x00008701   0x00008701   0x00000003   PAD
    0x00008704   0x00008704   0x00000004   Data   RO         1091    .rodata.usbd_dev_ptr  usbd_config_0.o
    0x00008708   0x00008708   0x00000001   Data   RO         1104    .rodata.usbd_ep_max_num  usbd_config_0.o
    0x00008709   0x00008709   0x00000003   PAD
    0x0000870c   0x0000870c   0x00000020   Data   RO         2529    Region$$Table       anon$$obj.o
    0x0000872c   0x0000872c   0x00000004   Data   RO         2032    __MW_USB_LIB_VERSION_6.15.0  USB_Dbg_CM3_L.lib(usb_lib_ver.o)


    Execution Region RW_m_data (Exec base: 0x1fff0000, Load base: 0x00008730, Size: 0x00000000, Max: 0x00010000, ABSOLUTE)

    **** No section assigned to this execution region ****


    Execution Region RW_m_data_2 (Exec base: 0x20000000, Load base: 0x00008800, Size: 0x0000b6f4, Max: 0x0002f800, ABSOLUTE)

    Exec Addr    Load Addr    Size         Type   Attr      Idx    E Section Name        Object

    0x20000000   0x00008800   0x00000010   Data   RW         1699    .data               USB_Dbg_CM3_L.lib(usbd_lib_core.o)
    0x20000010   0x00008810   0x00000017   Data   RW         1889    .data               USB_Dbg_CM3_L.lib(usbd_lib_cdc.o)
    0x20000027   0x00008827   0x00000001   PAD
    0x20000028   0x00008828   0x00000004   Data   RW         2192    .data               c_w.l(stdio_streams.o)
    0x2000002c   0x0000882c   0x00000004   Data   RW         2193    .data               c_w.l(stdio_streams.o)
    0x20000030   0x00008830   0x00000004   Data   RW         2194    .data               c_w.l(stdio_streams.o)
    0x20000034   0x00008834   0x00000004   Data   RW         2381    .data               c_w.l(streamlock.o)
    0x20000038   0x00008838   0x00000004   Data   RW          823    .data.SystemCoreClock  system_mk64f12.o
    0x2000003c   0x0000883c   0x000000a4   Data   RW         1256    .data.os            RTX_CM4F.lib(rtx_kernel.o)
    0x200000e0   0x000088e0   0x00000004   Data   RW          722    .data.s_fastIrcFreq  fsl_clock.o
    0x200000e4   0x000088e4   0x00000004   Data   RW          721    .data.s_slowIrcFreq  fsl_clock.o
    0x200000e8   0x000088e8   0x00000030   Data   RW         1169    .data.usbd0_desc    usbd_config_0.o
    0x20000118   0x00008918   0x00000004   Data   RW         1170    .data.usbd_desc_ptr  usbd_config_0.o
    0x2000011c   0x0000891c   0x0000000c   Data   RW         1108    .data.usbd_ep_thread_id_ptr  usbd_config_0.o
    0x20000128   0x00008928   0x000000d8   PAD
    0x20000200        -       0x00000054   Zero   RW         2189    .bss                c_w.l(stdio_streams.o)
    0x20000254        -       0x00000054   Zero   RW         2190    .bss                c_w.l(stdio_streams.o)
    0x200002a8        -       0x00000054   Zero   RW         2191    .bss                c_w.l(stdio_streams.o)
    0x200002fc        -       0x00000060   Zero   RW         2214    .bss                c_w.l(libspace.o)
    0x2000035c        -       0x00000018   Zero   RW          100    .bss.Message.buf    main.o
    0x20000374        -       0x00000002   Zero   RW           99    .bss.Message.counter  main.o
    0x20000376   0x00008928   0x00000002   PAD
    0x20000378        -       0x00000004   Zero   RW          173    .bss.SignalDeviceEvent  usbd_fs_mk64f.o
    0x2000037c        -       0x00000004   Zero   RW          178    .bss.SignalEndpointEvent  usbd_fs_mk64f.o
    0x20000380        -       0x00000004   Zero   RW           98    .bss.TID_Message    main.o
    0x20000384        -       0x00000004   Zero   RW         1176    .bss.USBD_MsToTick.max_ms  usbd_config_0.o
    0x20000388        -       0x00000004   Zero   RW         1175    .bss.USBD_MsToTick.tick_freq_mul  usbd_config_0.o
    0x2000038c   0x00008928   0x00000074   PAD
    0x20000400        -       0x00000200   Zero   RW          176    .bss.bd             usbd_fs_mk64f.o
    0x20000600        -       0x00000300   Zero   RW          175    .bss.ep             usbd_fs_mk64f.o
    0x20000900        -       0x00000800   Zero   RW          181    .bss.ep_in_data     usbd_fs_mk64f.o
    0x20001100        -       0x00000004   Zero   RW          718    .bss.g_xtal0Freq    fsl_clock.o
    0x20001104        -       0x00000004   Zero   RW          720    .bss.g_xtal32Freq   fsl_clock.o
    0x20001108   0x00008928   0x00000038   PAD
    0x20001140        -       0x000004a4   Zero   RW          341    .bss.noinit         eventrecorder.o
    0x200015e4   0x00008928   0x00000004   PAD
    0x200015e8        -       0x00008040   Zero   RW          254    .bss.os             rtx_lib.o
    0x20009628        -       0x00000001   Zero   RW         2021    .bss.os             RTX_CM4F.lib(os_systick.o)
    0x20009629   0x00008928   0x00000003   PAD
    0x2000962c        -       0x000001f0   Zero   RW          261    .bss.os.libspace    rtx_lib.o
    0x2000981c        -       0x00000034   Zero   RW          265    .bss.os.msgqueue.cb  rtx_lib.o
    0x20009850        -       0x00000050   Zero   RW          266    .bss.os.msgqueue.mem  rtx_lib.o
    0x200098a0        -       0x00000070   Zero   RW         1103    .bss.os.semaphore.cb  usbd_config_0.o
    0x20009910        -       0x00000044   Zero   RW           95    .bss.os.thread.cb   main.o
    0x20009954        -       0x00000088   Zero   RW          262    .bss.os.thread.cb   rtx_lib.o
    0x200099dc        -       0x000000cc   Zero   RW         1087    .bss.os.thread.cb   usbd_config_0.o
    0x20009aa8        -       0x00000200   Zero   RW          263    .bss.os.thread.idle.stack  rtx_lib.o
    0x20009ca8        -       0x00000600   Zero   RW         1088    .bss.os.thread.stack  usbd_config_0.o
    0x2000a2a8        -       0x00000200   Zero   RW          264    .bss.os.thread.timer.stack  rtx_lib.o
    0x2000a4a8        -       0x00000001   Zero   RW          267    .bss.os_kernel_is_active.os_kernel_active  rtx_lib.o
    0x2000a4a9        -       0x00000001   Zero   RW          116    .bss.otg_fs_role    otg_fs_mk64f.o
    0x2000a4aa        -       0x00000001   Zero   RW          117    .bss.otg_fs_state   otg_fs_mk64f.o
    0x2000a4ab   0x00008928   0x00000001   PAD
    0x2000a4ac        -       0x00000008   Zero   RW          179    .bss.setup_packet   usbd_fs_mk64f.o
    0x2000a4b4        -       0x00000001   Zero   RW          177    .bss.setup_received  usbd_fs_mk64f.o
    0x2000a4b5        -       0x00000002   Zero   RW         1082    .bss.usbd0_alt_setting  usbd_config_0.o
    0x2000a4b7   0x00008928   0x00000001   PAD
    0x2000a4b8        -       0x000000b0   Zero   RW         1084    .bss.usbd0_data     usbd_config_0.o
    0x2000a568   0x00008928   0x00000018   PAD
    0x2000a580        -       0x00000080   Zero   RW         1083    .bss.usbd0_ep0_buf  usbd_config_0.o
    0x2000a600        -       0x00000022   Zero   RW         1167    .bss.usbd0_ser_num_string_descriptor  usbd_config_0.o
    0x2000a622   0x00008928   0x00000002   PAD
    0x2000a624        -       0x00000004   Zero   RW         1174    .bss.usbd_capabilities  usbd_config_0.o
    0x2000a628        -       0x0000000a   Zero   RW         1095    .bss.usbd_cdc0_notify_buf  usbd_config_0.o
    0x2000a632   0x00008928   0x00000002   PAD
    0x2000a634        -       0x00000800   Zero   RW         1094    .bss.usbd_cdc0_receive_buf  usbd_config_0.o
    0x2000ae34   0x00008928   0x0000000c   PAD
    0x2000ae40        -       0x00000200   Zero   RW         1097    .bss.usbd_cdc0_receive_mps_buf  usbd_config_0.o
    0x2000b040        -       0x00000400   Zero   RW         1093    .bss.usbd_cdc0_send_buf  usbd_config_0.o
    0x2000b440        -       0x00000200   Zero   RW         1096    .bss.usbd_cdc0_send_mps_buf  usbd_config_0.o
    0x2000b640        -       0x00000004   Zero   RW         1107    .bss.usbd_cdc_bulk_thread_id  usbd_config_0.o
    0x2000b644        -       0x00000084   Zero   RW         1098    .bss.usbd_cdc_data  usbd_config_0.o
    0x2000b6c8        -       0x00000004   Zero   RW         1106    .bss.usbd_cdc_int_thread_id  usbd_config_0.o
    0x2000b6cc        -       0x00000004   Zero   RW         1105    .bss.usbd_core_thread_id  usbd_config_0.o
    0x2000b6d0        -       0x00000018   Zero   RW         1172    .bss.usbd_driver_ep_semaphore_id  usbd_config_0.o
    0x2000b6e8        -       0x00000004   Zero   RW         1171    .bss.usbd_driver_semaphore_id  usbd_config_0.o
    0x2000b6ec        -       0x00000004   Zero   RW         1173    .bss.usbd_drv_version  usbd_config_0.o
    0x2000b6f0        -       0x00000004   Zero   RW          174    .bss.usbd_state     usbd_fs_mk64f.o


    Execution Region ARM_LIB_HEAP (Exec base: 0x2000b6f4, Load base: 0x00008a00, Size: 0x00000400, Max: 0x00000400, ABSOLUTE)

    Exec Addr    Load Addr    Size         Type   Attr      Idx    E Section Name        Object

    0x2000b6f4        -       0x00000400   Zero   RW            1    ARM_LIB_HEAP.bss    anon$$obj.o


    Execution Region ARM_LIB_STACK (Exec base: 0x2002fc00, Load base: 0x00008a00, Size: 0x00000400, Max: 0x00000400, ABSOLUTE)

    Exec Addr    Load Addr    Size         Type   Attr      Idx    E Section Name        Object

    0x2002fc00        -       0x00000400   Zero   RW            2    ARM_LIB_STACK.bss   anon$$obj.o


==============================================================================

Image component sizes


      Code (inc. data)   RO Data    RW Data    ZI Data      Debug   Object Name

         8          0          0          0          0       1173   board.o
       264          0         27          0          0       5752   clock_config.o
        82         12          0          0          0      10911   cmsis_os1.o
      1178          0         24          0       1188      10313   eventrecorder.o
      1470         72         70          8          8      24991   fsl_clock.o
        98         16         62          0          0       3041   fsl_gpio.o
       270         36         67          0         98       5748   main.o
         8          0          0          0          2        874   otg_fs_mk64f.o
       352         72          0          0          0       7912   pin_mux.o
       190         24         23          0          0       2896   retarget_io.o
         4          0          0          0          0        711   rtx_config.o
       214          0        268          0      34621       7450   rtx_lib.o
       476        232       1040          0          0       2285   startup_mk64f12.o
        54          0          0          4          0       3622   system_mk64f12.o
         2          0          0          0          0        587   usb_debug.o
      1018          0        683         64       6486      30880   usbd_config_0.o
      2454          0         72          0       3349      14355   usbd_fs_mk64f.o

    ----------------------------------------------------------------------
      8298        464       2384         76      48236     133501   Object Totals
         0          0         32          0       2048          0   (incl. Generated)
       156          0         16          0        436          0   (incl. Padding)

    ----------------------------------------------------------------------

      Code (inc. data)   RO Data    RW Data    ZI Data      Debug   Library Member Name

       200         12          0          0          0        634   irq_armv7m.o
       114         20          0          0          1       3200   os_systick.o
        58          4          0          0          0       2791   rtx_delay.o
       596         48         11        164          0      16501   rtx_kernel.o
       228          0          0          0          0       2537   rtx_memory.o
       188          0          0          0          0      16008   rtx_mempool.o
      1310         24          0          0          0      18657   rtx_msgqueue.o
       882         28          0          0          0       9962   rtx_mutex.o
       692         28          0          0          0      10527   rtx_semaphore.o
       368         18          0          0          0       5296   rtx_system.o
      2200         76          0          0          0      31847   rtx_thread.o
       248         16          0          0          0      10397   rtx_timer.o
         0          0          4          0          0          0   usb_lib_ver.o
      3832        420          0         23          0       3080   usbd_lib_cdc.o
      4582        272          0         16          0       1744   usbd_lib_core.o
      1080         42          0          0          0        204   usbd_lib_core_cdc.o
       384         74          0          0          0        356   usbd_lib_core_device.o
      2266        214          0          0          0       1660   usbd_lib_drv.o
         8          0          0          0          0         68   __main.o
       104          0          0          0          0         84   __printf.o
         0          0          0          0          0          0   __rtentry.o
        20          0          0          0          0          0   __rtentry2.o
         8          4          0          0          0          0   __rtentry7.o
        52          8          0          0          0          0   __scatter.o
        26          0          0          0          0          0   __scatter_copy.o
        28          0          0          0          0          0   __scatter_zi.o
        48          6          0          0          0         96   _printf_char_common.o
        64          6          0          0          0         84   _printf_char_file_locked.o
         6          0          0          0          0          0   _printf_d.o
       120         16          0          0          0         92   _printf_dec.o
       178          0          0          0          0         88   _printf_intcommon.o
         0          0          0          0          0          0   _printf_percent.o
         4          0          0          0          0          0   _printf_percent_end.o
        10          0          0          0          0         68   _sputc.o
        22          0          0          0          0         80   abort.o
       128         42          0          0          0         76   assert.o
        24          6          0          0          0         80   assert_stdio.o
        48         34          0          0          0         76   defsig_abrt_inner.o
        14          0          0          0          0         80   defsig_abrt_outer.o
        10          0          0          0          0         68   defsig_exit.o
        50          0          0          0          0         88   defsig_general.o
        80         58          0          0          0         76   defsig_rtmem_inner.o
        14          0          0          0          0         80   defsig_rtmem_outer.o
        52         38          0          0          0         76   defsig_rtred_inner.o
        14          0          0          0          0         80   defsig_rtred_outer.o
        18          0          0          0          0         80   exit.o
        76          0          0          0          0         88   fclose.o
       144         10          0          0          0        128   fflush_locked.o
       470          0          0          0          0         88   flsbuf.o
       332         10          0          0          0        152   fopen_locked.o
        26          0          0          0          0         68   fputc.o
        54          0          0          0          0         80   fputs_locked.o
       248          6          0          0          0         84   fseek.o
        66          0          0          0          0         76   ftell.o
       166          0          0          0          0        144   h1_alloc_threads.o
        82          0          0          0          0        104   h1_extend_threads.o
        10          0          0          0          0         76   h1_final_threads.o
       118          0          0          0          0        108   h1_free_threads.o
        18          0          0          0          0         84   h1_init_threads.o
         4          0          0          0          0        136   hguard.o
         0          0          0          0          0          0   indicate_semi.o
       138          0          0          0          0        168   init_alloc.o
       456         48          0          0          0        116   initio_locked.o
         2          0          0          0          0          0   libinit.o
        10          0          0          0          0          0   libinit2.o
        16          8          0          0          0          0   libinit5.o
         2          0          0          0          0          0   libshutdown.o
        10          0          0          0          0          0   libshutdown2.o
         8          4          0          0         96         68   libspace.o
         0          0          0          0          0          0   maybetermalloc2.o
         8          0          0          0          0         76   memcpy.o
        22          0          0          0          0         76   memset.o
        24          4          0          0          0         84   noretval__2printf.o
        40          6          0          0          0         84   noretval__2sprintf.o
         4          0          0          0          0         68   rt_errno_addr_twolibspace.o
        10          0          0          0          0         76   rt_heap_descriptor_twolibspace.o
        68          0          0          0          0         68   rt_memclr.o
        78          0          0          0          0         80   rt_memclr_w.o
       138          0          0          0          0         68   rt_memcpy_v6.o
       100          0          0          0          0         80   rt_memcpy_w.o
         2          0          0          0          0          0   rtexit.o
        10          0          0          0          0          0   rtexit2.o
       104          0          0          0          0         88   setvbuf_locked.o
       240          6          0          0          0        156   stdio.o
         0          0          0         12        252          0   stdio_streams.o
       124          0          0          0          0         88   strcmpv7em.o
         0          0          0          4          0          0   streamlock.o
        12          4          0          0          0         68   sys_exit.o
        14          0          0          0          0         76   sys_wrch.o
        16          0          0          0          0         80   term_alloc.o
         2          0          0          0          0         68   use_no_semi.o
        26          0          0          0          0        116   fpinit.o

    ----------------------------------------------------------------------
     23910       1620         16        220        352     140189   Library Totals
        34          0          1          1          3          0   (incl. Padding)

    ----------------------------------------------------------------------

      Code (inc. data)   RO Data    RW Data    ZI Data      Debug   Library Name

      7084        274         11        164          1     128357   RTX_CM4F.lib
     12144       1022          4         39          0       7044   USB_Dbg_CM3_L.lib
      4622        324          0         16        348       4672   c_w.l
        26          0          0          0          0        116   fz_wm.l

    ----------------------------------------------------------------------
     23910       1620         16        220        352     140189   Library Totals

    ----------------------------------------------------------------------

==============================================================================


      Code (inc. data)   RO Data    RW Data    ZI Data      Debug   

     32208       2084       2400        296      48588     266466   Grand Totals
     32208       2084       2400        296      48588     266466   ELF Image Totals
     32208       2084       2400        296          0          0   ROM Totals

==============================================================================

    Total RO  Size (Code + RO Data)                34608 (  33.80kB)
    Total RW  Size (RW Data + ZI Data)             48884 (  47.74kB)
    Total ROM Size (Code + RO Data + RW Data)      34904 (  34.09kB)

==============================================================================

